Microchip MPLAB XC8 Compiler V2.20

Linker command line:

-W-3 --edf=/Applications/microchip/xc8/v2.20/pic/dat/en_msgs.txt -cn \
  -h+dist/default/debug/Final.debug.sym \
  --cmf=dist/default/debug/Final.debug.cmf -z -Q18F4321 -o/tmp/xcZlaxWUf \
  --defsym=__MPLAB_BUILD=1 -Mdist/default/debug/Final.debug.map -E1 \
  -ver=XC8 Compiler --acfsm=1493 -ASTACK=0170h-01F3h -pstack=STACK \
  -ACODE=00h-01DBFh -ACONST=00h-01DBFh \
  -ASMALLCONST=0200h-02FFhx27,01D00h-01DBFh -AMEDIUMCONST=0200h-01DBFh \
  -ACOMRAM=01h-07Fh -AABS1=00h-01F3h -ABIGRAM=01h-01F3h \
  -ARAM=080h-0FFh,0100h-01F3h -ABANK0=080h-0FFh -ABANK1=0100h-01F3h \
  -ASFR=0F80h-0F9Bh,0F9Dh-0FD3h,0FD5h-0FDAh,0FE0h-0FE2h,0FE8h-0FEAh,0FF0h-0FFCh \
  -ACONFIG=0300000h-030000Dh -AIDLOC=0200000h-0200007h \
  -preset_vec=00h,intcode=08h,intcodelo=018h,powerup,init -pramtop=0200h \
  -psmallconst=SMALLCONST -pmediumconst=MEDIUMCONST -pconst=CONST \
  -AFARRAM=00h-00h -AEEDATA=0F00000h-0F000FFh -peeprom_data=EEDATA \
  -prdata=COMRAM,nvrram=COMRAM,nvbit=COMRAM,rbss=COMRAM,rbit=COMRAM \
  -pfarbss=FARRAM,fardata=FARRAM,nvFARRAM=FARRAM \
  -pintsave_regs=BIGRAM,bigbss=BIGRAM,bigdata=BIGRAM -pbss=RAM \
  -pidata=CODE,irdata=CODE,ibigdata=CODE,ifardata=CODE -prparam=COMRAM \
  /tmp/xck1YoVJx.o dist/default/debug/Final.debug.o 

Object code version is 3.11

Machine type is 18F4321



                Name                               Link     Load   Length Selector   Space Scale
/tmp/xck1YoVJx.o
                idloc                            200000   200000        8        0       5
                config                           300000   300000        E        0       4
                init                                172      172        4        C       0
                reset_vec                             0        0        4        0       0
dist/default/debug/Final.debug.o
                intcodelo                            18       18      15A        C       0
                intcode                               8        8        6        4       0
                idloc                            200000   200000        8        0       5
                config                           300000   300000        E        0       4
                temp                                 6B       6B        1        1       1
                smallconst                          200      200       28      100       0
                text35                             10BE     10BE       28      114       0
                text34                             110E     110E       14      114       0
                text33                              EF2      EF2       4A      114       0
                text32                             1170     1170        E      114       0
                text31                             1194     1194        A      114       0
                text30                              DF8      DF8       5E      114       0
                intcode_body                        CA6      CA6       92      114       0
                text27                             1096     1096       28      114       0
                text26                             10FA     10FA       14      114       0
                text25                              EA8      EA8       4A      114       0
                text24                             1162     1162        E      114       0
                text23                             1144     1144       10      114       0
                text22                             117E     117E        C      114       0
                text21                             10E6     10E6       14      114       0
                text20                              C0C      C0C       9A      114       0
                text19                             1134     1134       10      114       0
                text18                             1122     1122       12      114       0
                text17                             1154     1154        E      114       0
                text16                             118A     118A        A      114       0
                text15                              D9A      D9A       5E      114       0
                text14                              6BC      6BC      188      114       0
                text13                              844      844      164      114       0
                text12                              FC2      FC2       40      114       0
                text11                             119E     119E        2      114       0
                text10                              A80      A80       CA      114       0
                text9                               F3C      F3C       44      114       0
                text8                              1002     1002       36      114       0
                text7                               B4A      B4A       C2      114       0
                text6                               228      228      2DE      114       0
                text5                               506      506      1B6      114       0
                text4                               D38      D38       62      114       0
                text3                               E56      E56       52      114       0
                text2                              106A     106A       2C      114       0
                text1                               F80      F80       42      114       0
                text0                               9A8      9A8       D8      114       0
                cstackCOMRAM                          1        1       55        1       1
                cstackBANK0                          80       80       28       80       1
                cstackBANK1                         100      100       50      100       1
                bssBANK1                            150      150       20      100       1
                bssBANK0                             A8       A8        8       80       1
                bssCOMRAM                            56       56       12        1       1
                cinit                              1038     1038       32      114       0
                nvBANK0                              B0       B0        2       80       1
                nvCOMRAM                             68       68        3        1       1

TOTAL           Name                               Link     Load   Length     Space
        CLASS   STACK          

        CLASS   CODE           
                intcodelo                            18       18      15A         0
                intcode                               8        8        6         0
                init                                172      172        4         0
                reset_vec                             0        0        4         0
                text35                             10BE     10BE       28         0
                text34                             110E     110E       14         0
                text33                              EF2      EF2       4A         0
                text32                             1170     1170        E         0
                text31                             1194     1194        A         0
                text30                              DF8      DF8       5E         0
                intcode_body                        CA6      CA6       92         0
                text27                             1096     1096       28         0
                text26                             10FA     10FA       14         0
                text25                              EA8      EA8       4A         0
                text24                             1162     1162        E         0
                text23                             1144     1144       10         0
                text22                             117E     117E        C         0
                text21                             10E6     10E6       14         0
                text20                              C0C      C0C       9A         0
                text19                             1134     1134       10         0
                text18                             1122     1122       12         0
                text17                             1154     1154        E         0
                text16                             118A     118A        A         0
                text15                              D9A      D9A       5E         0
                text14                              6BC      6BC      188         0
                text13                              844      844      164         0
                text12                              FC2      FC2       40         0
                text11                             119E     119E        2         0
                text10                              A80      A80       CA         0
                text9                               F3C      F3C       44         0
                text8                              1002     1002       36         0
                text7                               B4A      B4A       C2         0
                text6                               228      228      2DE         0
                text5                               506      506      1B6         0
                text4                               D38      D38       62         0
                text3                               E56      E56       52         0
                text2                              106A     106A       2C         0
                text1                               F80      F80       42         0
                text0                               9A8      9A8       D8         0
                cinit                              1038     1038       32         0

        CLASS   CONST          

        CLASS   SMALLCONST     
                smallconst                          200      200       28         0

        CLASS   MEDIUMCONST    

        CLASS   COMRAM         
                temp                                 6B       6B        1         1
                cstackCOMRAM                          1        1       55         1
                bssCOMRAM                            56       56       12         1
                nvCOMRAM                             68       68        3         1

        CLASS   ABS1           

        CLASS   BIGRAM         

        CLASS   RAM            

        CLASS   BANK0          
                cstackBANK0                          80       80       28         1
                bssBANK0                             A8       A8        8         1
                nvBANK0                              B0       B0        2         1

        CLASS   BANK1          
                cstackBANK1                         100      100       50         1
                bssBANK1                            150      150       20         1

        CLASS   SFR            

        CLASS   CONFIG         
                config                           300000   300000        E         4

        CLASS   IDLOC          
                idloc                            200000   200000        8         5

        CLASS   FARRAM         

        CLASS   EEDATA         



SEGMENTS        Name                           Load    Length   Top    Selector   Space  Class

                cstackCOMRAM                   000001  00006B  00006C         1       1  COMRAM  
                reset_vec                      000000  000004  000004         0       0  CODE    
                text6                          000228  000F78  0011A0       114       0  CODE    
                cstackBANK0                    000080  000032  0000B2        80       1  BANK0   
                cstackBANK1                    000100  000070  000170       100       1  BANK1   
                intcodelo                      000018  00015E  000176         C       0  CODE    
                intcode                        000008  000006  00000E         4       0  CODE    
                smallconst                     000200  000028  000228       100       0  SMALLCON


UNUSED ADDRESS RANGES

        Name                Unused          Largest block    Delta
        BANK0            0000B2-0000FF               4E
        BANK1            000170-0001F3               84
        BIGRAM           00006C-00007F               14
                         0000B2-0000FF               4E
                         000170-0001F3               84
        CODE             000004-000007                4
                         00000E-000017                A
                         000176-0001FF               8A
                         0011A0-001DBF              C20
        COMRAM           00006C-00007F               14
        CONST            000004-000007                4
                         00000E-000017                A
                         000176-0001FF               8A
                         0011A0-001DBF              C20
        EEDATA           F00000-F000FF              100
        MEDIUMCONST      0011A0-001DBF              C20
        RAM              0000B2-0000FF               4E
                         000170-0001F3               84
        SFR              000F80-000F9B               1C
                         000F9D-000FD3               37
                         000FD5-000FDA                6
                         000FE0-000FE2                3
                         000FE8-000FEA                3
                         000FF0-000FFC                D
        SMALLCONST       0011A0-001DBF              100
        STACK            000170-0001F3               84

                                  Symbol Table

?___aodiv                cstackCOMRAM 000015
?___aomod                cstackCOMRAM 000015
?_abs                    cstackCOMRAM 000027
?_dtoa                   cstackCOMRAM 000030
?_pad                    cstackCOMRAM 000025
?_sprintf                cstackBANK0  000096
?_strlen                 cstackCOMRAM 000015
?_vfpfcnvrt              cstackBANK0  000080
?_vfprintf               cstackBANK0  00008E
_ADCON0bits              (abs)        000FC2
_ADCON1                  (abs)        000FC1
_ADCON2bits              (abs)        000FC0
_ADRESH                  (abs)        000FC4
_ADRESL                  (abs)        000FC3
_CCP2CONbits             (abs)        000FBA
_CCPR2L                  (abs)        000FBB
_INTCON2bits             (abs)        000FF1
_INTCONbits              (abs)        000FF2
_IPR1bits                (abs)        000F9F
_PIE1bits                (abs)        000F9D
_PIR1bits                (abs)        000F9E
_PORTA                   (abs)        000F80
_PORTBbits               (abs)        000F81
_PORTD                   (abs)        000F83
_PR2                     (abs)        000FCB
_Pot1                    bssCOMRAM    000062
_Pot2                    bssCOMRAM    000060
_RCONbits                (abs)        000FD0
_T0CONbits               (abs)        000FD5
_T2CONbits               (abs)        000FCA
_TMR0                    (abs)        000FD6
_TRISA                   (abs)        000F92
_TRISB                   (abs)        000F93
_TRISCbits               (abs)        000F94
_TRISD                   (abs)        000F95
__HRAM                   (abs)        000000
__Habs1                  abs1         000000
__Hbank0                 bank0        000000
__Hbank1                 bank1        000000
__Hbigbss                bigbss       000000
__Hbigdata               bigdata      000000
__Hbigram                bigram       000000
__Hbss                   bss          000000
__HbssBANK0              bssBANK0     000000
__HbssBANK1              bssBANK1     000000
__HbssCOMRAM             bssCOMRAM    000000
__Hcinit                 cinit        000000
__Hclrtext               clrtext      000000
__Hcomram                comram       000000
__Hconfig                config       30000E
__Hconst                 const        000000
__HcstackBANK0           cstackBANK0  000000
__HcstackBANK1           cstackBANK1  000000
__HcstackCOMRAM          cstackCOMRAM 000000
__Hdata                  data         000000
__Heeprom_data           eeprom_data  000000
__Hfarbss                farbss       000000
__Hfardata               fardata      000000
__Hibigdata              ibigdata     000000
__Hidata                 idata        000000
__Hidloc                 idloc        200008
__Hifardata              ifardata     000000
__Hinit                  init         000176
__Hintcode               intcode      00000E
__Hintcode_body          intcode_body 000000
__Hintcodelo             intcodelo    000172
__Hintentry              intentry     000000
__Hintret                intret       000000
__Hintsave_regs          intsave_regs 000000
__Hirdata                irdata       000000
__Hmediumconst           mediumconst  000000
__HnvBANK0               nvBANK0      000000
__HnvCOMRAM              nvCOMRAM     000000
__HnvFARRAM              nvFARRAM     000000
__Hnvbit                 nvbit        000000
__Hnvrram                nvrram       000000
__Hparam                 rparam       000000
__Hpowerup               powerup      000172
__Hram                   ram          000000
__Hramtop                ramtop       000200
__Hrbit                  rbit         000000
__Hrbss                  rbss         000000
__Hrdata                 rdata        000000
__Hreset_vec             reset_vec    000004
__Hrparam                rparam       000000
__Hsfr                   sfr          000000
__Hsmallconst            smallconst   000228
__Hspace_0               (abs)        0011A0
__Hspace_1               (abs)        000170
__Hspace_2               (abs)        000000
__Hspace_4               (abs)        60000E
__Hstack                 stack        000000
__Hstruct                struct       000000
__Htemp                  temp         00006C
__Htext                  text         000000
__Htext0                 text0        000000
__Htext1                 text1        000000
__Htext10                text10       000000
__Htext11                text11       000000
__Htext12                text12       000000
__Htext13                text13       000000
__Htext14                text14       000000
__Htext15                text15       000000
__Htext16                text16       000000
__Htext17                text17       000000
__Htext18                text18       000000
__Htext19                text19       000000
__Htext2                 text2        000000
__Htext20                text20       000000
__Htext21                text21       000000
__Htext22                text22       000000
__Htext23                text23       000000
__Htext24                text24       000000
__Htext25                text25       000000
__Htext26                text26       000000
__Htext27                text27       000000
__Htext3                 text3        000000
__Htext30                text30       000000
__Htext31                text31       000000
__Htext32                text32       000000
__Htext33                text33       000000
__Htext34                text34       000000
__Htext35                text35       000000
__Htext4                 text4        000000
__Htext5                 text5        000000
__Htext6                 text6        000000
__Htext7                 text7        000000
__Htext8                 text8        000000
__Htext9                 text9        000000
__LRAM                   (abs)        000001
__Labs1                  abs1         000000
__Lbank0                 bank0        000000
__Lbank1                 bank1        000000
__Lbigbss                bigbss       000000
__Lbigdata               bigdata      000000
__Lbigram                bigram       000000
__Lbss                   bss          000000
__LbssBANK0              bssBANK0     000000
__LbssBANK1              bssBANK1     000000
__LbssCOMRAM             bssCOMRAM    000000
__Lcinit                 cinit        000000
__Lclrtext               clrtext      000000
__Lcomram                comram       000000
__Lconfig                config       000000
__Lconst                 const        000000
__LcstackBANK0           cstackBANK0  000000
__LcstackBANK1           cstackBANK1  000000
__LcstackCOMRAM          cstackCOMRAM 000000
__Ldata                  data         000000
__Leeprom_data           eeprom_data  000000
__Lfarbss                farbss       000000
__Lfardata               fardata      000000
__Libigdata              ibigdata     000000
__Lidata                 idata        000000
__Lidloc                 idloc        000000
__Lifardata              ifardata     000000
__Linit                  init         000172
__Lintcode               intcode      000008
__Lintcode_body          intcode_body 000000
__Lintcodelo             intcodelo    000018
__Lintentry              intentry     000000
__Lintret                intret       000000
__Lintsave_regs          intsave_regs 000000
__Lirdata                irdata       000000
__Lmediumconst           mediumconst  000000
__LnvBANK0               nvBANK0      000000
__LnvCOMRAM              nvCOMRAM     000000
__LnvFARRAM              nvFARRAM     000000
__Lnvbit                 nvbit        000000
__Lnvrram                nvrram       000000
__Lparam                 rparam       000000
__Lpowerup               powerup      000172
__Lram                   ram          000000
__Lramtop                ramtop       000200
__Lrbit                  rbit         000000
__Lrbss                  rbss         000000
__Lrdata                 rdata        000000
__Lreset_vec             reset_vec    000000
__Lrparam                rparam       000000
__Lsfr                   sfr          000000
__Lsmallconst            smallconst   000200
__Lspace_0               (abs)        000000
__Lspace_1               (abs)        000000
__Lspace_2               (abs)        000000
__Lspace_4               (abs)        000000
__Lstack                 stack        000000
__Lstruct                struct       000000
__Ltemp                  temp         00006B
__Ltext                  text         000000
__Ltext0                 text0        000000
__Ltext1                 text1        000000
__Ltext10                text10       000000
__Ltext11                text11       000000
__Ltext12                text12       000000
__Ltext13                text13       000000
__Ltext14                text14       000000
__Ltext15                text15       000000
__Ltext16                text16       000000
__Ltext17                text17       000000
__Ltext18                text18       000000
__Ltext19                text19       000000
__Ltext2                 text2        000000
__Ltext20                text20       000000
__Ltext21                text21       000000
__Ltext22                text22       000000
__Ltext23                text23       000000
__Ltext24                text24       000000
__Ltext25                text25       000000
__Ltext26                text26       000000
__Ltext27                text27       000000
__Ltext3                 text3        000000
__Ltext30                text30       000000
__Ltext31                text31       000000
__Ltext32                text32       000000
__Ltext33                text33       000000
__Ltext34                text34       000000
__Ltext35                text35       000000
__Ltext4                 text4        000000
__Ltext5                 text5        000000
__Ltext6                 text6        000000
__Ltext7                 text7        000000
__Ltext8                 text8        000000
__Ltext9                 text9        000000
__S0                     (abs)        0011A0
__S1                     (abs)        000170
__S2                     (abs)        000000
__S4                     (abs)        000000
__S5                     (abs)        000000
___aodiv                 text14       0006BC
___aodiv@counter         cstackCOMRAM 000025
___aodiv@dividend        cstackCOMRAM 000015
___aodiv@divisor         cstackCOMRAM 00001D
___aodiv@quotient        cstackCOMRAM 000027
___aodiv@sign            cstackCOMRAM 000026
___aomod                 text13       000844
___aomod@counter         cstackCOMRAM 000025
___aomod@dividend        cstackCOMRAM 000015
___aomod@divisor         cstackCOMRAM 00001D
___aomod@sign            cstackCOMRAM 000026
___inthi_sp              stack        000000
___intlo_sp              stack        000000
___param_bank            (abs)        000000
___rparam_used           (abs)        000001
___sp                    stack        000000
__accesstop              (abs)        000080
__activetblptr           (abs)        000002
__displaycontrol         bssCOMRAM    000067
__displayfunction        nvCOMRAM     00006A
__displaymode            bssCOMRAM    000066
__end_of___aodiv         text14       000844
__end_of___aomod         text13       0009A8
__end_of__initialization cinit        00105C
__end_of_abs             text12       001002
__end_of_adc_sample      intcodelo    000172
__end_of_begin           text20       000CA6
__end_of_clear           text23       001154
__end_of_displayON       text22       00118A
__end_of_dtoa            text6        000506
__end_of_fputc           text10       000B4A
__end_of_fputs           text9        000F80
__end_of_home            text19       001144
__end_of_main            text0        000A80
__end_of_pad             text7        000C0C
__end_of_pin_setup       text18       001134
__end_of_print           text15       000DF8
__end_of_print_int       text2        001096
__end_of_pulseEnable     text27       0010BE
__end_of_putch           text11       0011A0
__end_of_send            text25       000EF2
__end_of_sendCommand     text24       001170
__end_of_sendData        text17       001162
__end_of_setCursor       text1        000FC2
__end_of_setRowOffsets   text21       0010FA
__end_of_shutoff         intcode_body 000D38
__end_of_sprintf         text3        000EA8
__end_of_strlen          text8        001038
__end_of_vfpfcnvrt       text5        0006BC
__end_of_vfprintf        text4        000D9A
__end_of_write           text16       001194
__end_of_write8bits      text26       00110E
__end_ofi2_print         text30       000E56
__end_ofi2_pulseEnable   text35       0010E6
__end_ofi2_send          text33       000F3C
__end_ofi2_sendData      text32       00117E
__end_ofi2_write         text31       00119E
__end_ofi2_write8bits    text34       001122
__initialization         cinit        001038
__mediumconst            mediumconst  000000
__numlines               bssCOMRAM    000065
__pbssBANK0              bssBANK0     0000A8
__pbssBANK1              bssBANK1     000150
__pbssCOMRAM             bssCOMRAM    000056
__pcinit                 cinit        001038
__pcstackBANK0           cstackBANK0  000080
__pcstackBANK1           cstackBANK1  000100
__pcstackCOMRAM          cstackCOMRAM 000001
__pintcode               intcode      000008
__pintcode_body          intcode_body 000CA6
__pintcodelo             intcodelo    000018
__pnvBANK0               nvBANK0      0000B0
__pnvCOMRAM              nvCOMRAM     000068
__psmallconst            smallconst   000200
__ptext0                 text0        0009A8
__ptext1                 text1        000F80
__ptext10                text10       000A80
__ptext11                text11       00119E
__ptext12                text12       000FC2
__ptext13                text13       000844
__ptext14                text14       0006BC
__ptext15                text15       000D9A
__ptext16                text16       00118A
__ptext17                text17       001154
__ptext18                text18       001122
__ptext19                text19       001134
__ptext2                 text2        00106A
__ptext20                text20       000C0C
__ptext21                text21       0010E6
__ptext22                text22       00117E
__ptext23                text23       001144
__ptext24                text24       001162
__ptext25                text25       000EA8
__ptext26                text26       0010FA
__ptext27                text27       001096
__ptext3                 text3        000E56
__ptext30                text30       000DF8
__ptext31                text31       001194
__ptext32                text32       001170
__ptext33                text33       000EF2
__ptext34                text34       00110E
__ptext35                text35       0010BE
__ptext4                 text4        000D38
__ptext5                 text5        000506
__ptext6                 text6        000228
__ptext7                 text7        000B4A
__ptext8                 text8        001002
__ptext9                 text9        000F3C
__ramtop                 ramtop       000200
__rowOffsets             bssBANK0     0000A8
__size_of___aodiv        (abs)        000000
__size_of___aomod        (abs)        000000
__size_of_abs            (abs)        000000
__size_of_adc_sample     (abs)        000000
__size_of_begin          (abs)        000000
__size_of_clear          (abs)        000000
__size_of_displayON      (abs)        000000
__size_of_dtoa           (abs)        000000
__size_of_fputc          (abs)        000000
__size_of_fputs          (abs)        000000
__size_of_home           (abs)        000000
__size_of_main           (abs)        000000
__size_of_pad            (abs)        000000
__size_of_pin_setup      (abs)        000000
__size_of_print          (abs)        000000
__size_of_print_int      (abs)        000000
__size_of_pulseEnable    (abs)        000000
__size_of_putch          (abs)        000000
__size_of_send           (abs)        000000
__size_of_sendCommand    (abs)        000000
__size_of_sendData       (abs)        000000
__size_of_setCursor      (abs)        000000
__size_of_setRowOffsets  (abs)        000000
__size_of_shutoff        (abs)        000000
__size_of_sprintf        (abs)        000000
__size_of_strlen         (abs)        000000
__size_of_vfpfcnvrt      (abs)        000000
__size_of_vfprintf       (abs)        000000
__size_of_write          (abs)        000000
__size_of_write8bits     (abs)        000000
__size_ofi2_print        (abs)        000000
__size_ofi2_pulseEnable  (abs)        000000
__size_ofi2_send         (abs)        000000
__size_ofi2_sendData     (abs)        000000
__size_ofi2_write        (abs)        000000
__size_ofi2_write8bits   (abs)        000000
__smallconst             smallconst   000200
_abs                     text12       000FC2
_adc_sample              intcodelo    000018
_begin                   text20       000C0C
_clear                   text23       001144
_counter                 bssCOMRAM    00005E
_dataPORT                nvBANK0      0000B0
_dbuf                    bssBANK1     000150
_delay                   bssCOMRAM    00005C
_displayON               text22       00117E
_dtoa                    text6        000228
_dtoa$1403               cstackCOMRAM 000042
_flags                   bssCOMRAM    000058
_flip                    bssCOMRAM    000064
_fputc                   text10       000A80
_fputs                   text9        000F3C
_home                    text19       001134
_main                    text0        0009A8
_nout                    bssBANK0     0000AC
_pad                     text7        000B4A
_pin_setup               text18       001122
_prec                    bssCOMRAM    000056
_print                   text15       000D9A
_print_int               text2        00106A
_pulseEnable             text27       001096
_putch                   text11       00119E
_send                    text25       000EA8
_sendCommand             text24       001162
_sendData                text17       001154
_setCursor               text1        000F80
_setRowOffsets           text21       0010E6
_shutoff                 intcode      000008
_signalPORT              nvCOMRAM     000068
_sprintf                 text3        000E56
_strlen                  text8        001002
_vfpfcnvrt               text5        000506
_vfprintf                text4        000D38
_waitvalue               bssCOMRAM    00005A
_width                   bssBANK0     0000AE
_write                   text16       00118A
_write8bits              text26       0010FA
abs@a                    cstackCOMRAM 000027
begin@cols               cstackCOMRAM 00001C
begin@dotsize            cstackCOMRAM 00001A
begin@lines              cstackCOMRAM 000019
btemp                    temp         00006B
dtoa@d                   cstackCOMRAM 000032
dtoa@fp                  cstackCOMRAM 000030
dtoa@i                   cstackCOMRAM 000052
dtoa@n                   cstackCOMRAM 00004A
dtoa@p                   cstackCOMRAM 000044
dtoa@s                   cstackCOMRAM 000048
dtoa@w                   cstackCOMRAM 000046
end_of_initialization    cinit        00105C
fputc@c                  cstackCOMRAM 000015
fputc@fp                 cstackCOMRAM 000017
fputs@c                  cstackCOMRAM 000022
fputs@fp                 cstackCOMRAM 000020
fputs@i                  cstackCOMRAM 000023
fputs@s                  cstackCOMRAM 00001E
i2_print                 text30       000DF8
i2_pulseEnable           text35       0010BE
i2_send                  text33       000EF2
i2_sendData              text32       001170
i2_write                 text31       001194
i2_write8bits            text34       00110E
i2print@chr              cstackCOMRAM 000006
i2send@mode              cstackCOMRAM 000002
i2send@value             cstackCOMRAM 000003
i2sendData@value         cstackCOMRAM 000004
i2write8bits@value       cstackCOMRAM 000001
i2write@chr              cstackCOMRAM 000005
int$flags                temp         00006B
int_func                 intcode_body 000CA6
intlevel0                text         000000
intlevel1                text         000000
intlevel2                text         000000
intlevel3                text         000000
pad@buf                  cstackCOMRAM 000027
pad@fp                   cstackCOMRAM 000025
pad@i                    cstackCOMRAM 00002C
pad@p                    cstackCOMRAM 000029
pad@w                    cstackCOMRAM 00002E
pin_setup@dp             cstackCOMRAM 000015
pin_setup@sp             cstackCOMRAM 000017
print@chr                cstackCOMRAM 00001A
print_int@num            cstackBANK0  0000A6
print_int@s_num          cstackBANK1  000100
send@mode                cstackCOMRAM 000016
send@value               cstackCOMRAM 000017
sendCommand@value        cstackCOMRAM 000018
sendData@value           cstackCOMRAM 000018
setCursor@col            cstackCOMRAM 00001D
setCursor@row            cstackCOMRAM 000019
setRowOffsets@row0       cstackCOMRAM 000018
setRowOffsets@row1       cstackCOMRAM 000015
setRowOffsets@row2       cstackCOMRAM 000016
setRowOffsets@row3       cstackCOMRAM 000017
sprintf@ap               cstackBANK0  00009E
sprintf@f                cstackBANK0  0000A0
sprintf@fmt              cstackBANK0  000098
sprintf@s                cstackBANK0  000096
stackhi                  (abs)        0001F3
stacklo                  (abs)        000170
start                    init         000172
start_initialization     cinit        001038
strlen@a                 cstackCOMRAM 000017
strlen@s                 cstackCOMRAM 000015
ttemp5                   temp         00006C
ttemp6                   temp         00006F
ttemp7                   temp         000073
vfpfcnvrt@ap             cstackBANK0  000084
vfpfcnvrt@fmt            cstackBANK0  000082
vfpfcnvrt@fp             cstackBANK0  000080
vfpfcnvrt@ll             cstackBANK0  000086
vfprintf@ap              cstackBANK0  000092
vfprintf@cfmt            cstackBANK0  000094
vfprintf@fmt             cstackBANK0  000090
vfprintf@fp              cstackBANK0  00008E
write8bits@value         cstackCOMRAM 000015
write@chr                cstackCOMRAM 000019
wtemp8                   temp         00006C


FUNCTION INFORMATION:

 *************** function _main *****************
 Defined at:
		line 22 in file "emerstop2.c"
 Parameters:    Size  Location     Type
		None
 Auto vars:     Size  Location     Type
		None
 Return value:  Size  Location     Type
                  2  213[None  ] int 
 Registers used:
		wreg, fsr1l, fsr1h, fsr2l, fsr2h, status,2, status,0, tblptrl, tblptrh, tblptru, cstack
 Tracked objects:
		On entry : 
		On exit  : 
		Unchanged: 
 Data sizes:     COMRAM   BANK0   BANK1
      Params:         0       0       0
      Locals:         0       0       0
      Temps:          0       0       0
      Totals:         0       0       0
Total ram usage:        0 bytes
 Hardware stack levels required when called:   17
 This function calls:
		_begin
		_home
		_pin_setup
		_print
		_print_int
		_setCursor
 This function is called by:
		Startup code after reset
 This function uses a non-reentrant model


 *************** function _setCursor *****************
 Defined at:
		line 258 in file "LiquidCrystal.c"
 Parameters:    Size  Location     Type
  col             1    wreg     unsigned char 
  row             2   24[COMRAM] unsigned int 
 Auto vars:     Size  Location     Type
  col             1   28[COMRAM] unsigned char 
 Return value:  Size  Location     Type
                  1    wreg      void 
 Registers used:
		wreg, fsr2l, fsr2h, status,2, status,0, cstack
 Tracked objects:
		On entry : 
		On exit  : 
		Unchanged: 
 Data sizes:     COMRAM   BANK0   BANK1
      Params:         2       0       0
      Locals:         1       0       0
      Temps:          2       0       0
      Totals:         5       0       0
Total ram usage:        5 bytes
 Hardware stack levels used:    1
 Hardware stack levels required when called:   12
 This function calls:
		_sendCommand
 This function is called by:
		_main
 This function uses a non-reentrant model


 *************** function _print_int *****************
 Defined at:
		line 148 in file "LiquidCrystal.c"
 Parameters:    Size  Location     Type
  num             2   38[BANK0 ] int 
 Auto vars:     Size  Location     Type
  s_num          80    0[BANK1 ] unsigned char [80]
 Return value:  Size  Location     Type
                  1    wreg      void 
 Registers used:
		wreg, fsr1l, fsr1h, fsr2l, fsr2h, status,2, status,0, tblptrl, tblptrh, tblptru, cstack
 Tracked objects:
		On entry : 
		On exit  : 
		Unchanged: 
 Data sizes:     COMRAM   BANK0   BANK1
      Params:         0       2       0
      Locals:         0       0      80
      Temps:          0       0       0
      Totals:         0       2      80
Total ram usage:       82 bytes
 Hardware stack levels used:    1
 Hardware stack levels required when called:   16
 This function calls:
		_print
		_sprintf
 This function is called by:
		_main
 This function uses a non-reentrant model


 *************** function _sprintf *****************
 Defined at:
		line 9 in file "/Applications/microchip/xc8/v2.20/pic/sources/c99/common/nf_sprintf.c"
 Parameters:    Size  Location     Type
  s               2   22[BANK0 ] PTR unsigned char 
		 -> print_int@s_num(80), 
  fmt             2   24[BANK0 ] PTR const unsigned char 
		 -> STR_1(3), 
 Auto vars:     Size  Location     Type
  f               6   32[BANK0 ] struct _IO_FILE
  ap              2   30[BANK0 ] PTR void [1]
		 -> ?_sprintf(2), 
  ret             2    0        int 
 Return value:  Size  Location     Type
                  2   22[BANK0 ] int 
 Registers used:
		wreg, fsr1l, fsr1h, fsr2l, fsr2h, status,2, status,0, tblptrl, tblptrh, tblptru, cstack
 Tracked objects:
		On entry : 
		On exit  : 
		Unchanged: 
 Data sizes:     COMRAM   BANK0   BANK1
      Params:         0       6       0
      Locals:         0      10       0
      Temps:          0       0       0
      Totals:         0      16       0
Total ram usage:       16 bytes
 Hardware stack levels used:    1
 Hardware stack levels required when called:   15
 This function calls:
		_vfprintf
 This function is called by:
		_print_int
 This function uses a non-reentrant model


 *************** function _vfprintf *****************
 Defined at:
		line 1368 in file "/Applications/microchip/xc8/v2.20/pic/sources/c99/common/doprnt.c"
 Parameters:    Size  Location     Type
  fp              2   14[BANK0 ] PTR struct _IO_FILE
		 -> sprintf@f(6), 
  fmt             2   16[BANK0 ] PTR const unsigned char 
		 -> STR_1(3), 
  ap              2   18[BANK0 ] PTR PTR void 
		 -> sprintf@ap(2), 
 Auto vars:     Size  Location     Type
  cfmt            2   20[BANK0 ] PTR unsigned char 
		 -> STR_1(3), 
 Return value:  Size  Location     Type
                  2   14[BANK0 ] int 
 Registers used:
		wreg, fsr1l, fsr1h, fsr2l, fsr2h, status,2, status,0, tblptrl, tblptrh, tblptru, cstack
 Tracked objects:
		On entry : 
		On exit  : 
		Unchanged: 
 Data sizes:     COMRAM   BANK0   BANK1
      Params:         0       6       0
      Locals:         0       2       0
      Temps:          0       0       0
      Totals:         0       8       0
Total ram usage:        8 bytes
 Hardware stack levels used:    1
 Hardware stack levels required when called:   14
 This function calls:
		_vfpfcnvrt
 This function is called by:
		_sprintf
 This function uses a non-reentrant model


 *************** function _vfpfcnvrt *****************
 Defined at:
		line 670 in file "/Applications/microchip/xc8/v2.20/pic/sources/c99/common/doprnt.c"
 Parameters:    Size  Location     Type
  fp              2    0[BANK0 ] PTR struct _IO_FILE
		 -> sprintf@f(6), 
  fmt             2    2[BANK0 ] PTR PTR unsigned char 
		 -> vfprintf@cfmt(2), 
  ap              2    4[BANK0 ] PTR PTR void 
		 -> sprintf@ap(2), 
 Auto vars:     Size  Location     Type
  ll              8    6[BANK0 ] long long 
  llu             8    0        unsigned long long 
  f               4    0        unsigned long long 
  vp              3    0        PTR void 
  ct              3    0        unsigned char [3]
  cp              3    0        PTR unsigned char 
  i               2    0        int 
  done            2    0        int 
  c               1    0        unsigned char 
 Return value:  Size  Location     Type
                  2    0[BANK0 ] int 
 Registers used:
		wreg, fsr1l, fsr1h, fsr2l, fsr2h, status,2, status,0, tblptrl, tblptrh, tblptru, cstack
 Tracked objects:
		On entry : 
		On exit  : 
		Unchanged: 
 Data sizes:     COMRAM   BANK0   BANK1
      Params:         0       6       0
      Locals:         0       8       0
      Temps:          2       0       0
      Totals:         2      14       0
Total ram usage:       16 bytes
 Hardware stack levels used:    1
 Hardware stack levels required when called:   13
 This function calls:
		_dtoa
		_fputc
 This function is called by:
		_vfprintf
 This function uses a non-reentrant model


 *************** function _dtoa *****************
 Defined at:
		line 274 in file "/Applications/microchip/xc8/v2.20/pic/sources/c99/common/doprnt.c"
 Parameters:    Size  Location     Type
  fp              2   47[COMRAM] PTR struct _IO_FILE
		 -> sprintf@f(6), 
  d               8   49[COMRAM] long long 
 Auto vars:     Size  Location     Type
  n               8   73[COMRAM] long long 
  i               2   81[COMRAM] int 
  s               2   71[COMRAM] int 
  w               2   69[COMRAM] int 
  p               2   67[COMRAM] int 
 Return value:  Size  Location     Type
                  2   47[COMRAM] int 
 Registers used:
		wreg, fsr1l, fsr1h, fsr2l, fsr2h, status,2, status,0, cstack
 Tracked objects:
		On entry : 
		On exit  : 
		Unchanged: 
 Data sizes:     COMRAM   BANK0   BANK1
      Params:        10       0       0
      Locals:        18       0       0
      Temps:          8       0       0
      Totals:        36       0       0
Total ram usage:       36 bytes
 Hardware stack levels used:    1
 Hardware stack levels required when called:   12
 This function calls:
		___aodiv
		___aomod
		_abs
		_pad
 This function is called by:
		_vfpfcnvrt
 This function uses a non-reentrant model


 *************** function _pad *****************
 Defined at:
		line 72 in file "/Applications/microchip/xc8/v2.20/pic/sources/c99/common/doprnt.c"
 Parameters:    Size  Location     Type
  fp              2   36[COMRAM] PTR struct _IO_FILE
		 -> sprintf@f(6), 
  buf             2   38[COMRAM] PTR unsigned char 
		 -> dbuf(32), 
  p               2   40[COMRAM] int 
 Auto vars:     Size  Location     Type
  w               2   45[COMRAM] int 
  i               2   43[COMRAM] int 
 Return value:  Size  Location     Type
                  2   36[COMRAM] int 
 Registers used:
		wreg, fsr1l, fsr1h, fsr2l, fsr2h, status,2, status,0, cstack
 Tracked objects:
		On entry : 
		On exit  : 
		Unchanged: 
 Data sizes:     COMRAM   BANK0   BANK1
      Params:         6       0       0
      Locals:         4       0       0
      Temps:          1       0       0
      Totals:        11       0       0
Total ram usage:       11 bytes
 Hardware stack levels used:    1
 Hardware stack levels required when called:   11
 This function calls:
		_fputc
		_fputs
		_strlen
 This function is called by:
		_dtoa
 This function uses a non-reentrant model


 *************** function _strlen *****************
 Defined at:
		line 5 in file "/Applications/microchip/xc8/v2.20/pic/sources/c99/common/strlen.c"
 Parameters:    Size  Location     Type
  s               2   20[COMRAM] PTR const unsigned char 
		 -> dbuf(32), 
 Auto vars:     Size  Location     Type
  a               2   22[COMRAM] PTR const unsigned char 
		 -> dbuf(32), 
 Return value:  Size  Location     Type
                  2   20[COMRAM] unsigned int 
 Registers used:
		wreg, fsr2l, fsr2h, status,2, status,0
 Tracked objects:
		On entry : 
		On exit  : 
		Unchanged: 
 Data sizes:     COMRAM   BANK0   BANK1
      Params:         2       0       0
      Locals:         2       0       0
      Temps:          0       0       0
      Totals:         4       0       0
Total ram usage:        4 bytes
 Hardware stack levels used:    1
 Hardware stack levels required when called:    8
 This function calls:
		Nothing
 This function is called by:
		_pad
 This function uses a non-reentrant model


 *************** function _fputs *****************
 Defined at:
		line 8 in file "/Applications/microchip/xc8/v2.20/pic/sources/c99/common/nf_fputs.c"
 Parameters:    Size  Location     Type
  s               2   29[COMRAM] PTR const unsigned char 
		 -> dbuf(32), 
  fp              2   31[COMRAM] PTR struct _IO_FILE
		 -> sprintf@f(6), 
 Auto vars:     Size  Location     Type
  i               2   34[COMRAM] int 
  c               1   33[COMRAM] unsigned char 
 Return value:  Size  Location     Type
                  2   29[COMRAM] int 
 Registers used:
		wreg, fsr1l, fsr1h, fsr2l, fsr2h, status,2, status,0, cstack
 Tracked objects:
		On entry : 
		On exit  : 
		Unchanged: 
 Data sizes:     COMRAM   BANK0   BANK1
      Params:         4       0       0
      Locals:         3       0       0
      Temps:          0       0       0
      Totals:         7       0       0
Total ram usage:        7 bytes
 Hardware stack levels used:    1
 Hardware stack levels required when called:   10
 This function calls:
		_fputc
 This function is called by:
		_pad
 This function uses a non-reentrant model


 *************** function _fputc *****************
 Defined at:
		line 8 in file "/Applications/microchip/xc8/v2.20/pic/sources/c99/common/nf_fputc.c"
 Parameters:    Size  Location     Type
  c               2   20[COMRAM] int 
  fp              2   22[COMRAM] PTR struct _IO_FILE
		 -> sprintf@f(6), 
 Auto vars:     Size  Location     Type
		None
 Return value:  Size  Location     Type
                  2   20[COMRAM] int 
 Registers used:
		wreg, fsr1l, fsr1h, fsr2l, fsr2h, status,2, status,0, cstack
 Tracked objects:
		On entry : 
		On exit  : 
		Unchanged: 
 Data sizes:     COMRAM   BANK0   BANK1
      Params:         4       0       0
      Locals:         0       0       0
      Temps:          5       0       0
      Totals:         9       0       0
Total ram usage:        9 bytes
 Hardware stack levels used:    1
 Hardware stack levels required when called:    9
 This function calls:
		_putch
 This function is called by:
		_pad
		_vfpfcnvrt
		_fputs
 This function uses a non-reentrant model


 *************** function _putch *****************
 Defined at:
		line 7 in file "/Applications/microchip/xc8/v2.20/pic/sources/c99/common/putch.c"
 Parameters:    Size  Location     Type
  c               1    wreg     unsigned char 
 Auto vars:     Size  Location     Type
  c               1    0[COMRAM] unsigned char 
 Return value:  Size  Location     Type
                  1    wreg      void 
 Registers used:
		wreg
 Tracked objects:
		On entry : 
		On exit  : 
		Unchanged: 
 Data sizes:     COMRAM   BANK0   BANK1
      Params:         0       0       0
      Locals:         0       0       0
      Temps:          0       0       0
      Totals:         0       0       0
Total ram usage:        0 bytes
 Hardware stack levels used:    1
 Hardware stack levels required when called:    8
 This function calls:
		Nothing
 This function is called by:
		_fputc
 This function uses a non-reentrant model


 *************** function _abs *****************
 Defined at:
		line 1 in file "/Applications/microchip/xc8/v2.20/pic/sources/c99/common/abs.c"
 Parameters:    Size  Location     Type
  a               2   38[COMRAM] int 
 Auto vars:     Size  Location     Type
		None
 Return value:  Size  Location     Type
                  2   38[COMRAM] int 
 Registers used:
		wreg, status,2, status,0
 Tracked objects:
		On entry : 
		On exit  : 
		Unchanged: 
 Data sizes:     COMRAM   BANK0   BANK1
      Params:         2       0       0
      Locals:         0       0       0
      Temps:          2       0       0
      Totals:         4       0       0
Total ram usage:        4 bytes
 Hardware stack levels used:    1
 Hardware stack levels required when called:    8
 This function calls:
		Nothing
 This function is called by:
		_dtoa
 This function uses a non-reentrant model


 *************** function ___aomod *****************
 Defined at:
		line 9 in file "/Applications/microchip/xc8/v2.20/pic/sources/c99/common/aomod.c"
 Parameters:    Size  Location     Type
  dividend        8   20[COMRAM] long long 
  divisor         8   28[COMRAM] long long 
 Auto vars:     Size  Location     Type
  sign            1   37[COMRAM] unsigned char 
  counter         1   36[COMRAM] unsigned char 
 Return value:  Size  Location     Type
                  8   20[COMRAM] long long 
 Registers used:
		wreg, status,2, status,0
 Tracked objects:
		On entry : 
		On exit  : 
		Unchanged: 
 Data sizes:     COMRAM   BANK0   BANK1
      Params:        16       0       0
      Locals:         2       0       0
      Temps:          0       0       0
      Totals:        18       0       0
Total ram usage:       18 bytes
 Hardware stack levels used:    1
 Hardware stack levels required when called:    8
 This function calls:
		Nothing
 This function is called by:
		_dtoa
 This function uses a non-reentrant model


 *************** function ___aodiv *****************
 Defined at:
		line 9 in file "/Applications/microchip/xc8/v2.20/pic/sources/c99/common/aodiv.c"
 Parameters:    Size  Location     Type
  dividend        8   20[COMRAM] long long 
  divisor         8   28[COMRAM] long long 
 Auto vars:     Size  Location     Type
  quotient        8   38[COMRAM] long long 
  sign            1   37[COMRAM] unsigned char 
  counter         1   36[COMRAM] unsigned char 
 Return value:  Size  Location     Type
                  8   20[COMRAM] long long 
 Registers used:
		wreg, fsr2l, fsr2h, status,2, status,0
 Tracked objects:
		On entry : 
		On exit  : 
		Unchanged: 
 Data sizes:     COMRAM   BANK0   BANK1
      Params:        16       0       0
      Locals:        10       0       0
      Temps:          0       0       0
      Totals:        26       0       0
Total ram usage:       26 bytes
 Hardware stack levels used:    1
 Hardware stack levels required when called:    8
 This function calls:
		Nothing
 This function is called by:
		_dtoa
 This function uses a non-reentrant model


 *************** function _print *****************
 Defined at:
		line 135 in file "LiquidCrystal.c"
 Parameters:    Size  Location     Type
  chr             2   25[COMRAM] PTR unsigned char 
		 -> STR_4(14), STR_3(8), STR_2(12), print_int@s_num(80), 
 Auto vars:     Size  Location     Type
		None
 Return value:  Size  Location     Type
                  1    wreg      void 
 Registers used:
		wreg, fsr1l, fsr1h, fsr2l, fsr2h, status,2, status,0, tblptrl, tblptrh, tblptru, cstack
 Tracked objects:
		On entry : 
		On exit  : 
		Unchanged: 
 Data sizes:     COMRAM   BANK0   BANK1
      Params:         2       0       0
      Locals:         0       0       0
      Temps:          0       0       0
      Totals:         2       0       0
Total ram usage:        2 bytes
 Hardware stack levels used:    1
 Hardware stack levels required when called:   13
 This function calls:
		_write
 This function is called by:
		_print_int
		_main
 This function uses a non-reentrant model


 *************** function _write *****************
 Defined at:
		line 125 in file "LiquidCrystal.c"
 Parameters:    Size  Location     Type
  chr             1    wreg     unsigned char 
 Auto vars:     Size  Location     Type
  chr             1   24[COMRAM] unsigned char 
 Return value:  Size  Location     Type
                  1    wreg      void 
 Registers used:
		wreg, fsr2l, fsr2h, status,2, cstack
 Tracked objects:
		On entry : 
		On exit  : 
		Unchanged: 
 Data sizes:     COMRAM   BANK0   BANK1
      Params:         0       0       0
      Locals:         1       0       0
      Temps:          0       0       0
      Totals:         1       0       0
Total ram usage:        1 bytes
 Hardware stack levels used:    1
 Hardware stack levels required when called:   12
 This function calls:
		_sendData
 This function is called by:
		_print
 This function uses a non-reentrant model


 *************** function _sendData *****************
 Defined at:
		line 417 in file "LiquidCrystal.c"
 Parameters:    Size  Location     Type
  value           1    wreg     unsigned char 
 Auto vars:     Size  Location     Type
  value           1   23[COMRAM] unsigned char 
 Return value:  Size  Location     Type
                  1    wreg      void 
 Registers used:
		wreg, fsr2l, fsr2h, status,2, cstack
 Tracked objects:
		On entry : 
		On exit  : 
		Unchanged: 
 Data sizes:     COMRAM   BANK0   BANK1
      Params:         0       0       0
      Locals:         1       0       0
      Temps:          0       0       0
      Totals:         1       0       0
Total ram usage:        1 bytes
 Hardware stack levels used:    1
 Hardware stack levels required when called:   11
 This function calls:
		_send
 This function is called by:
		_write
 This function uses a non-reentrant model


 *************** function _pin_setup *****************
 Defined at:
		line 33 in file "LiquidCrystal.c"
 Parameters:    Size  Location     Type
  dp              2   20[COMRAM] PTR volatile struct .
		 -> PORTA(1), 
  sp              2   22[COMRAM] PTR volatile struct .
		 -> PORTD(1), 
 Auto vars:     Size  Location     Type
		None
 Return value:  Size  Location     Type
                  1    wreg      void 
 Registers used:
		wreg, status,2, status,0
 Tracked objects:
		On entry : 
		On exit  : 
		Unchanged: 
 Data sizes:     COMRAM   BANK0   BANK1
      Params:         4       0       0
      Locals:         0       0       0
      Temps:          0       0       0
      Totals:         4       0       0
Total ram usage:        4 bytes
 Hardware stack levels used:    1
 Hardware stack levels required when called:    8
 This function calls:
		Nothing
 This function is called by:
		_main
 This function uses a non-reentrant model


 *************** function _home *****************
 Defined at:
		line 219 in file "LiquidCrystal.c"
 Parameters:    Size  Location     Type
		None
 Auto vars:     Size  Location     Type
		None
 Return value:  Size  Location     Type
                  1    wreg      void 
 Registers used:
		wreg, fsr2l, fsr2h, status,2, cstack
 Tracked objects:
		On entry : 
		On exit  : 
		Unchanged: 
 Data sizes:     COMRAM   BANK0   BANK1
      Params:         0       0       0
      Locals:         0       0       0
      Temps:          0       0       0
      Totals:         0       0       0
Total ram usage:        0 bytes
 Hardware stack levels used:    1
 Hardware stack levels required when called:   12
 This function calls:
		_sendCommand
 This function is called by:
		_main
 This function uses a non-reentrant model


 *************** function _begin *****************
 Defined at:
		line 55 in file "LiquidCrystal.c"
 Parameters:    Size  Location     Type
  cols            1    wreg     unsigned char 
  lines           1   24[COMRAM] unsigned char 
  dotsize         1   25[COMRAM] unsigned char 
 Auto vars:     Size  Location     Type
  cols            1   27[COMRAM] unsigned char 
 Return value:  Size  Location     Type
                  1    wreg      void 
 Registers used:
		wreg, fsr2l, fsr2h, status,2, status,0, cstack
 Tracked objects:
		On entry : 
		On exit  : 
		Unchanged: 
 Data sizes:     COMRAM   BANK0   BANK1
      Params:         2       0       0
      Locals:         1       0       0
      Temps:          1       0       0
      Totals:         4       0       0
Total ram usage:        4 bytes
 Hardware stack levels used:    1
 Hardware stack levels required when called:   13
 This function calls:
		_clear
		_displayON
		_sendCommand
		_setRowOffsets
 This function is called by:
		_main
 This function uses a non-reentrant model


 *************** function _setRowOffsets *****************
 Defined at:
		line 241 in file "LiquidCrystal.c"
 Parameters:    Size  Location     Type
  row0            1    wreg     unsigned char 
  row1            1   20[COMRAM] unsigned char 
  row2            1   21[COMRAM] unsigned char 
  row3            1   22[COMRAM] unsigned char 
 Auto vars:     Size  Location     Type
  row0            1   23[COMRAM] unsigned char 
 Return value:  Size  Location     Type
                  1    wreg      void 
 Registers used:
		wreg
 Tracked objects:
		On entry : 
		On exit  : 
		Unchanged: 
 Data sizes:     COMRAM   BANK0   BANK1
      Params:         3       0       0
      Locals:         1       0       0
      Temps:          0       0       0
      Totals:         4       0       0
Total ram usage:        4 bytes
 Hardware stack levels used:    1
 Hardware stack levels required when called:    8
 This function calls:
		Nothing
 This function is called by:
		_begin
 This function uses a non-reentrant model


 *************** function _displayON *****************
 Defined at:
		line 160 in file "LiquidCrystal.c"
 Parameters:    Size  Location     Type
		None
 Auto vars:     Size  Location     Type
		None
 Return value:  Size  Location     Type
                  1    wreg      void 
 Registers used:
		wreg, fsr2l, fsr2h, status,2, status,0, cstack
 Tracked objects:
		On entry : 
		On exit  : 
		Unchanged: 
 Data sizes:     COMRAM   BANK0   BANK1
      Params:         0       0       0
      Locals:         0       0       0
      Temps:          0       0       0
      Totals:         0       0       0
Total ram usage:        0 bytes
 Hardware stack levels used:    1
 Hardware stack levels required when called:   12
 This function calls:
		_sendCommand
 This function is called by:
		_begin
		_display
 This function uses a non-reentrant model


 *************** function _clear *****************
 Defined at:
		line 207 in file "LiquidCrystal.c"
 Parameters:    Size  Location     Type
		None
 Auto vars:     Size  Location     Type
		None
 Return value:  Size  Location     Type
                  1    wreg      void 
 Registers used:
		wreg, fsr2l, fsr2h, status,2, cstack
 Tracked objects:
		On entry : 
		On exit  : 
		Unchanged: 
 Data sizes:     COMRAM   BANK0   BANK1
      Params:         0       0       0
      Locals:         0       0       0
      Temps:          0       0       0
      Totals:         0       0       0
Total ram usage:        0 bytes
 Hardware stack levels used:    1
 Hardware stack levels required when called:   12
 This function calls:
		_sendCommand
 This function is called by:
		_begin
 This function uses a non-reentrant model


 *************** function _sendCommand *****************
 Defined at:
		line 431 in file "LiquidCrystal.c"
 Parameters:    Size  Location     Type
  value           1    wreg     unsigned char 
 Auto vars:     Size  Location     Type
  value           1   23[COMRAM] unsigned char 
 Return value:  Size  Location     Type
                  1    wreg      void 
 Registers used:
		wreg, fsr2l, fsr2h, status,2, cstack
 Tracked objects:
		On entry : 
		On exit  : 
		Unchanged: 
 Data sizes:     COMRAM   BANK0   BANK1
      Params:         0       0       0
      Locals:         1       0       0
      Temps:          0       0       0
      Totals:         1       0       0
Total ram usage:        1 bytes
 Hardware stack levels used:    1
 Hardware stack levels required when called:   11
 This function calls:
		_send
 This function is called by:
		_begin
		_displayON
		_clear
		_home
		_setCursor
		_displayOFF
		_cursor
		_noCursor
		_blink
		_noBlink
		_scrollDisplayLeft
		_scrollDisplayRight
		_leftToRight
		_rightToLeft
		_autoscroll
		_noAutoscroll
 This function uses a non-reentrant model


 *************** function _send *****************
 Defined at:
		line 390 in file "LiquidCrystal.c"
 Parameters:    Size  Location     Type
  value           1    wreg     unsigned char 
  mode            1   21[COMRAM] unsigned char 
 Auto vars:     Size  Location     Type
  value           1   22[COMRAM] unsigned char 
 Return value:  Size  Location     Type
                  1    wreg      void 
 Registers used:
		wreg, fsr2l, fsr2h, status,2, cstack
 Tracked objects:
		On entry : 
		On exit  : 
		Unchanged: 
 Data sizes:     COMRAM   BANK0   BANK1
      Params:         1       0       0
      Locals:         1       0       0
      Temps:          0       0       0
      Totals:         2       0       0
Total ram usage:        2 bytes
 Hardware stack levels used:    1
 Hardware stack levels required when called:   10
 This function calls:
		_write8bits
 This function is called by:
		_sendData
		_sendCommand
 This function uses a non-reentrant model


 *************** function _write8bits *****************
 Defined at:
		line 461 in file "LiquidCrystal.c"
 Parameters:    Size  Location     Type
  value           1    wreg     unsigned char 
 Auto vars:     Size  Location     Type
  value           1   20[COMRAM] unsigned char 
 Return value:  Size  Location     Type
                  1    wreg      void 
 Registers used:
		wreg, fsr2l, fsr2h, cstack
 Tracked objects:
		On entry : 
		On exit  : 
		Unchanged: 
 Data sizes:     COMRAM   BANK0   BANK1
      Params:         0       0       0
      Locals:         1       0       0
      Temps:          0       0       0
      Totals:         1       0       0
Total ram usage:        1 bytes
 Hardware stack levels used:    1
 Hardware stack levels required when called:    9
 This function calls:
		_pulseEnable
 This function is called by:
		_send
 This function uses a non-reentrant model


 *************** function _pulseEnable *****************
 Defined at:
		line 444 in file "LiquidCrystal.c"
 Parameters:    Size  Location     Type
		None
 Auto vars:     Size  Location     Type
		None
 Return value:  Size  Location     Type
                  1    wreg      void 
 Registers used:
		wreg, fsr2l, fsr2h
 Tracked objects:
		On entry : 
		On exit  : 
		Unchanged: 
 Data sizes:     COMRAM   BANK0   BANK1
      Params:         0       0       0
      Locals:         0       0       0
      Temps:          0       0       0
      Totals:         0       0       0
Total ram usage:        0 bytes
 Hardware stack levels used:    1
 Hardware stack levels required when called:    8
 This function calls:
		Nothing
 This function is called by:
		_write8bits
 This function uses a non-reentrant model


 *************** function _adc_sample *****************
 Defined at:
		line 134 in file "emerstop2.c"
 Parameters:    Size  Location     Type
		None
 Auto vars:     Size  Location     Type
		None
 Return value:  Size  Location     Type
                  1    wreg      void 
 Registers used:
		wreg, status,2, status,0
 Tracked objects:
		On entry : 
		On exit  : 
		Unchanged: 
 Data sizes:     COMRAM   BANK0   BANK1
      Params:         0       0       0
      Locals:         0       0       0
      Temps:          5       0       0
      Totals:         5       0       0
Total ram usage:        5 bytes
 Hardware stack levels used:    1
 Hardware stack levels required when called:    7
 This function calls:
		Nothing
 This function is called by:
		Interrupt level 1
 This function uses a non-reentrant model


 *************** function _shutoff *****************
 Defined at:
		line 170 in file "emerstop2.c"
 Parameters:    Size  Location     Type
		None
 Auto vars:     Size  Location     Type
		None
 Return value:  Size  Location     Type
                  1    wreg      void 
 Registers used:
		wreg, fsr1l, fsr1h, fsr2l, fsr2h, status,2, status,0, tblptrl, tblptrh, tblptru, cstack
 Tracked objects:
		On entry : 
		On exit  : 
		Unchanged: 
 Data sizes:     COMRAM   BANK0   BANK1
      Params:         0       0       0
      Locals:         0       0       0
      Temps:          8       0       0
      Totals:         8       0       0
Total ram usage:        8 bytes
 Hardware stack levels used:    1
 Hardware stack levels required when called:    6
 This function calls:
		i2_print
 This function is called by:
		Interrupt level 2
 This function uses a non-reentrant model


 *************** function i2_print *****************
 Defined at:
		line 135 in file "LiquidCrystal.c"
 Parameters:    Size  Location     Type
  chr             2    5[COMRAM] PTR unsigned char 
		 -> STR_4(14), STR_3(8), STR_2(12), print_int@s_num(80), 
 Auto vars:     Size  Location     Type
		None
 Return value:  Size  Location     Type
                  1    wreg      void 
 Registers used:
		wreg, fsr1l, fsr1h, fsr2l, fsr2h, status,2, status,0, tblptrl, tblptrh, tblptru, cstack
 Tracked objects:
		On entry : 
		On exit  : 
		Unchanged: 
 Data sizes:     COMRAM   BANK0   BANK1
      Params:         2       0       0
      Locals:         0       0       0
      Temps:          0       0       0
      Totals:         2       0       0
Total ram usage:        2 bytes
 Hardware stack levels used:    1
 Hardware stack levels required when called:    5
 This function calls:
		i2_write
 This function is called by:
		_shutoff
 This function uses a non-reentrant model


 *************** function i2_write *****************
 Defined at:
		line 125 in file "LiquidCrystal.c"
 Parameters:    Size  Location     Type
  chr             1    wreg     unsigned char 
 Auto vars:     Size  Location     Type
  chr             1    4[COMRAM] unsigned char 
 Return value:  Size  Location     Type
                  1    wreg      void 
 Registers used:
		wreg, fsr2l, fsr2h, status,2, cstack
 Tracked objects:
		On entry : 
		On exit  : 
		Unchanged: 
 Data sizes:     COMRAM   BANK0   BANK1
      Params:         0       0       0
      Locals:         1       0       0
      Temps:          0       0       0
      Totals:         1       0       0
Total ram usage:        1 bytes
 Hardware stack levels used:    1
 Hardware stack levels required when called:    4
 This function calls:
		i2_sendData
 This function is called by:
		i2_print
 This function uses a non-reentrant model


 *************** function i2_sendData *****************
 Defined at:
		line 417 in file "LiquidCrystal.c"
 Parameters:    Size  Location     Type
  value           1    wreg     unsigned char 
 Auto vars:     Size  Location     Type
  value           1    3[COMRAM] unsigned char 
 Return value:  Size  Location     Type
                  1    wreg      void 
 Registers used:
		wreg, fsr2l, fsr2h, status,2, cstack
 Tracked objects:
		On entry : 
		On exit  : 
		Unchanged: 
 Data sizes:     COMRAM   BANK0   BANK1
      Params:         0       0       0
      Locals:         1       0       0
      Temps:          0       0       0
      Totals:         1       0       0
Total ram usage:        1 bytes
 Hardware stack levels used:    1
 Hardware stack levels required when called:    3
 This function calls:
		i2_send
 This function is called by:
		i2_write
 This function uses a non-reentrant model


 *************** function i2_send *****************
 Defined at:
		line 390 in file "LiquidCrystal.c"
 Parameters:    Size  Location     Type
  value           1    wreg     unsigned char 
  mode            1    1[COMRAM] unsigned char 
 Auto vars:     Size  Location     Type
  value           1    2[COMRAM] unsigned char 
 Return value:  Size  Location     Type
                  1    wreg      void 
 Registers used:
		wreg, fsr2l, fsr2h, status,2, cstack
 Tracked objects:
		On entry : 
		On exit  : 
		Unchanged: 
 Data sizes:     COMRAM   BANK0   BANK1
      Params:         1       0       0
      Locals:         1       0       0
      Temps:          0       0       0
      Totals:         2       0       0
Total ram usage:        2 bytes
 Hardware stack levels used:    1
 Hardware stack levels required when called:    2
 This function calls:
		i2_write8bits
 This function is called by:
		i2_sendData
 This function uses a non-reentrant model


 *************** function i2_write8bits *****************
 Defined at:
		line 461 in file "LiquidCrystal.c"
 Parameters:    Size  Location     Type
  value           1    wreg     unsigned char 
 Auto vars:     Size  Location     Type
  value           1    0[COMRAM] unsigned char 
 Return value:  Size  Location     Type
                  1    wreg      void 
 Registers used:
		wreg, fsr2l, fsr2h, cstack
 Tracked objects:
		On entry : 
		On exit  : 
		Unchanged: 
 Data sizes:     COMRAM   BANK0   BANK1
      Params:         0       0       0
      Locals:         1       0       0
      Temps:          0       0       0
      Totals:         1       0       0
Total ram usage:        1 bytes
 Hardware stack levels used:    1
 Hardware stack levels required when called:    1
 This function calls:
		i2_pulseEnable
 This function is called by:
		i2_send
 This function uses a non-reentrant model


 *************** function i2_pulseEnable *****************
 Defined at:
		line 444 in file "LiquidCrystal.c"
 Parameters:    Size  Location     Type
		None
 Auto vars:     Size  Location     Type
		None
 Return value:  Size  Location     Type
                  1    wreg      void 
 Registers used:
		wreg, fsr2l, fsr2h
 Tracked objects:
		On entry : 
		On exit  : 
		Unchanged: 
 Data sizes:     COMRAM   BANK0   BANK1
      Params:         0       0       0
      Locals:         0       0       0
      Temps:          0       0       0
      Totals:         0       0       0
Total ram usage:        0 bytes
 Hardware stack levels used:    1
 This function calls:
		Nothing
 This function is called by:
		i2_write8bits
 This function uses a non-reentrant model



MODULE INFORMATION

Module		Function		Class		Link	Load	Size
/Applications/microchip/xc8/v2.20/pic/sources/c99/common/nf_fputc.c
		_fputc         		CODE           	0A80	0000	203

/Applications/microchip/xc8/v2.20/pic/sources/c99/common/nf_fputc.c estimated size: 203

emerstop2.c
		_main          		CODE           	09A8	0000	217
		_adc_sample    		CODE           	0018	0000	347
		_shutoff       		CODE           	0008	0000	153

emerstop2.c estimated size: 717

/Applications/microchip/xc8/v2.20/pic/sources/c99/common/nf_sprintf.c
		_sprintf       		CODE           	0E56	0000	83

/Applications/microchip/xc8/v2.20/pic/sources/c99/common/nf_sprintf.c estimated size: 83

/Applications/microchip/xc8/v2.20/pic/sources/c99/common/doprnt.c
		_vfpfcnvrt     		CODE           	0506	0000	439
		_pad           		CODE           	0B4A	0000	195
		_dtoa          		CODE           	0228	0000	735
		_vfprintf      		CODE           	0D38	0000	99

/Applications/microchip/xc8/v2.20/pic/sources/c99/common/doprnt.c estimated size: 1468

/Applications/microchip/xc8/v2.20/pic/sources/c99/common/putch.c
		_putch         		CODE           	119E	0000	3

/Applications/microchip/xc8/v2.20/pic/sources/c99/common/putch.c estimated size: 3

/Applications/microchip/xc8/v2.20/pic/sources/c99/common/aomod.c
		___aomod       		CODE           	0844	0000	357

/Applications/microchip/xc8/v2.20/pic/sources/c99/common/aomod.c estimated size: 357

LiquidCrystal.c
		_setRowOffsets 		CODE           	10E6	0000	21
		_pulseEnable   		CODE           	1096	0000	41
		_displayON     		CODE           	117E	0000	13
		_write8bits    		CODE           	10FA	0000	21
		_sendCommand   		CODE           	1162	0000	15
		_print_int     		CODE           	106A	0000	45
		_print         		CODE           	0D9A	0000	95
		_write         		CODE           	118A	0000	11
		_begin         		CODE           	0C0C	0000	155
		_sendData      		CODE           	1154	0000	15
		_setCursor     		CODE           	0F80	0000	67
		_clear         		CODE           	1144	0000	17
		_pin_setup     		CODE           	1122	0000	19
		_send          		CODE           	0EA8	0000	75
		_home          		CODE           	1134	0000	17

LiquidCrystal.c estimated size: 627

/Applications/microchip/xc8/v2.20/pic/sources/c99/common/abs.c
		_abs           		CODE           	0FC2	0000	65

/Applications/microchip/xc8/v2.20/pic/sources/c99/common/abs.c estimated size: 65

/Applications/microchip/xc8/v2.20/pic/sources/c99/common/aodiv.c
		___aodiv       		CODE           	06BC	0000	393

/Applications/microchip/xc8/v2.20/pic/sources/c99/common/aodiv.c estimated size: 393

/Applications/microchip/xc8/v2.20/pic/sources/c99/common/nf_fputs.c
		_fputs         		CODE           	0F3C	0000	69

/Applications/microchip/xc8/v2.20/pic/sources/c99/common/nf_fputs.c estimated size: 69

shared
		i2_print       		CODE           	0DF8	0000	95
		i2_write       		CODE           	1194	0000	11
		i2_write8bits  		CODE           	110E	0000	21
		i2_pulseEnable 		CODE           	10BE	0000	41
		i2_sendData    		CODE           	1170	0000	15
		__initialization		CODE           	1038	0000	37
		i2_send        		CODE           	0EF2	0000	75

shared estimated size: 295

/Applications/microchip/xc8/v2.20/pic/sources/c99/common/strlen.c
		_strlen        		CODE           	1002	0000	55

/Applications/microchip/xc8/v2.20/pic/sources/c99/common/strlen.c estimated size: 55

