Microchip MPLAB XC8 Compiler V2.20

Linker command line:

-W-3 --edf=/Applications/microchip/xc8/v2.20/pic/dat/en_msgs.txt -cn \
  -h+dist/default/production/Midterm2.production.sym \
  --cmf=dist/default/production/Midterm2.production.cmf -z -Q18F4321 \
  -o/tmp/xcDxAJ7iW --defsym=__MPLAB_BUILD=1 \
  -Mdist/default/production/Midterm2.production.map -E1 -ver=XC8 Compiler \
  --acfsm=1493 -ASTACK=0180h-01FFh -pstack=STACK -ACODE=00h-01FFFh \
  -ACONST=00h-01FFFh -ASMALLCONST=0200h-02FFhx30 -AMEDIUMCONST=0200h-01FFFh \
  -ACOMRAM=01h-07Fh -AABS1=00h-01FFh -ABIGRAM=01h-01FFh \
  -ARAM=080h-0FFh,0100h-01FFh -ABANK0=080h-0FFh -ABANK1=0100h-01FFh \
  -ASFR=0F80h-0FFFh -ACONFIG=0300000h-030000Dh -AIDLOC=0200000h-0200007h \
  -preset_vec=00h,intcode=08h,intcodelo,powerup,init -pramtop=0200h \
  -psmallconst=SMALLCONST -pmediumconst=MEDIUMCONST -pconst=CONST \
  -AFARRAM=00h-00h -AEEDATA=0F00000h-0F000FFh -peeprom_data=EEDATA \
  -prdata=COMRAM,nvrram=COMRAM,nvbit=COMRAM,rbss=COMRAM,rbit=COMRAM \
  -pfarbss=FARRAM,fardata=FARRAM,nvFARRAM=FARRAM \
  -pintsave_regs=BIGRAM,bigbss=BIGRAM,bigdata=BIGRAM -pbss=RAM \
  -pidata=CODE,irdata=CODE,ibigdata=CODE,ifardata=CODE -prparam=COMRAM \
  /tmp/xc26ORVbN.o dist/default/production/Midterm2.production.o 

Object code version is 3.11

Machine type is 18F4321



                Name                               Link     Load   Length Selector   Space Scale
/tmp/xc26ORVbN.o
                idloc                            200000   200000        8        0       5
                config                           300000   300000        E        0       4
                init                                172      172        4        4       0
                reset_vec                             0        0        4        0       0
dist/default/production/Midterm2.production.o
                intcode                               8        8      16A        4       0
                idloc                            200000   200000        8        0       5
                config                           300000   300000        E        0       4
                temp                                 6F       6F        1        1       1
                smallconst                          200      200       28      100       0
                text30                             102C     102C       6A      114       0
                text28                             1356     1356       28      114       0
                text27                             1392     1392       14      114       0
                text26                             11A8     11A8       4C      114       0
                text25                             13E6     13E6        E      114       0
                text24                             13C8     13C8       10      114       0
                text23                             13F4     13F4        C      114       0
                text22                             137E     137E       14      114       0
                text21                              F86      F86       A6      114       0
                text20                             13B8     13B8       10      114       0
                text19                             13A6     13A6       12      114       0
                text18                             13D8     13D8        E      114       0
                text17                             1400     1400        A      114       0
                text16                             10F8     10F8       5E      114       0
                text15                              A30      A30      188      114       0
                text14                              BB8      BB8      164      114       0
                text13                             127A     127A       40      114       0
                text12                             140A     140A        2      114       0
                text11                              DFA      DFA       CA      114       0
                text10                             11F4     11F4       44      114       0
                text9                              12BA     12BA       36      114       0
                text8                               EC4      EC4       C2      114       0
                text7                               228      228      2DE      114       0
                text6                               D1C      D1C       DE      114       0
                text5                               506      506      2A8      114       0
                text4                              1096     1096       62      114       0
                text3                              1156     1156       52      114       0
                text2                              12F0     12F0       34      114       0
                text1                              1238     1238       42      114       0
                text0                               7AE      7AE      282      114       0
                cstackCOMRAM                          1        1       5D        1       1
                cstackBANK0                          80       80       2C       80       1
                cstackBANK1                         100      100       50      100       1
                bssBANK1                            150      150       30      100       1
                bssBANK0                             AC       AC       10       80       1
                bssCOMRAM                            5E       5E        F        1       1
                cinit                              1324     1324       32      114       0
                nvBANK0                              BC       BC        3       80       1
                nvCOMRAM                             6D       6D        2        1       1

TOTAL           Name                               Link     Load   Length     Space
        CLASS   STACK          

        CLASS   CODE           
                intcode                               8        8      16A         0
                init                                172      172        4         0
                reset_vec                             0        0        4         0
                text30                             102C     102C       6A         0
                text28                             1356     1356       28         0
                text27                             1392     1392       14         0
                text26                             11A8     11A8       4C         0
                text25                             13E6     13E6        E         0
                text24                             13C8     13C8       10         0
                text23                             13F4     13F4        C         0
                text22                             137E     137E       14         0
                text21                              F86      F86       A6         0
                text20                             13B8     13B8       10         0
                text19                             13A6     13A6       12         0
                text18                             13D8     13D8        E         0
                text17                             1400     1400        A         0
                text16                             10F8     10F8       5E         0
                text15                              A30      A30      188         0
                text14                              BB8      BB8      164         0
                text13                             127A     127A       40         0
                text12                             140A     140A        2         0
                text11                              DFA      DFA       CA         0
                text10                             11F4     11F4       44         0
                text9                              12BA     12BA       36         0
                text8                               EC4      EC4       C2         0
                text7                               228      228      2DE         0
                text6                               D1C      D1C       DE         0
                text5                               506      506      2A8         0
                text4                              1096     1096       62         0
                text3                              1156     1156       52         0
                text2                              12F0     12F0       34         0
                text1                              1238     1238       42         0
                text0                               7AE      7AE      282         0
                cinit                              1324     1324       32         0

        CLASS   CONST          

        CLASS   SMALLCONST     
                smallconst                          200      200       28         0

        CLASS   MEDIUMCONST    

        CLASS   COMRAM         
                temp                                 6F       6F        1         1
                cstackCOMRAM                          1        1       5D         1
                bssCOMRAM                            5E       5E        F         1
                nvCOMRAM                             6D       6D        2         1

        CLASS   ABS1           

        CLASS   BIGRAM         

        CLASS   RAM            

        CLASS   BANK0          
                cstackBANK0                          80       80       2C         1
                bssBANK0                             AC       AC       10         1
                nvBANK0                              BC       BC        3         1

        CLASS   BANK1          
                cstackBANK1                         100      100       50         1
                bssBANK1                            150      150       30         1

        CLASS   SFR            

        CLASS   CONFIG         
                config                           300000   300000        E         4

        CLASS   IDLOC          
                idloc                            200000   200000        8         5

        CLASS   FARRAM         

        CLASS   EEDATA         



SEGMENTS        Name                           Load    Length   Top    Selector   Space  Class

                cstackCOMRAM                   000001  00006F  000070         1       1  COMRAM  
                reset_vec                      000000  000004  000004         0       0  CODE    
                cstackBANK0                    000080  00003F  0000BF        80       1  BANK0   
                text7                          000228  0011E4  00140C       114       0  CODE    
                cstackBANK1                    000100  000080  000180       100       1  BANK1   
                intcode                        000008  00016E  000176         4       0  CODE    
                smallconst                     000200  000028  000228       100       0  SMALLCON


UNUSED ADDRESS RANGES

        Name                Unused          Largest block    Delta
        BANK0            0000BF-0000FF               41
        BANK1            000180-0001FF               80
        BIGRAM           000070-00007F               10
                         0000BF-0000FF               41
                         000180-0001FF               80
        CODE             000004-000007                4
                         000176-0001FF               8A
                         00140C-001FFF              BF4
        COMRAM           000070-00007F               10
        CONST            000004-000007                4
                         000176-0001FF               8A
                         00140C-001FFF              BF4
        EEDATA           F00000-F000FF              100
        MEDIUMCONST      00140C-001FFF              BF4
        RAM              0000BF-0000FF               41
                         000180-0001FF               80
        SFR              000F80-000FFF               80
        SMALLCONST       00140C-001FFF              100
        STACK            000180-0001FF               80

                                  Symbol Table

?___aodiv                cstackCOMRAM 000011
?___aomod                cstackCOMRAM 000011
?___lmul                 cstackCOMRAM 000001
?_abs                    cstackCOMRAM 000023
?_dtoa                   cstackCOMRAM 00002C
?_pad                    cstackCOMRAM 000021
?_sprintf                cstackBANK0  000096
?_strlen                 cstackCOMRAM 000011
?_strncmp                cstackCOMRAM 000011
?_vfpfcnvrt              cstackCOMRAM 000050
?_vfprintf               cstackBANK0  00008E
_ADCON0bits              (abs)        000FC2
_ADCON1                  (abs)        000FC1
_ADCON2bits              (abs)        000FC0
_ADRESH                  (abs)        000FC4
_ADRESL                  (abs)        000FC3
_INTCONbits              (abs)        000FF2
_IPR1bits                (abs)        000F9F
_PIE1bits                (abs)        000F9D
_PIR1bits                (abs)        000F9E
_PORTC                   (abs)        000F82
_PORTD                   (abs)        000F83
_PORTDbits               (abs)        000F83
_POT1                    bssBANK0     0000BA
_POT2                    bssBANK0     0000B8
_RCONbits                (abs)        000FD0
_TOTAL1                  bssBANK1     000158
_TOTAL2                  bssBANK1     000154
_TOTAL3                  bssBANK1     000150
_TRISAbits               (abs)        000F92
_TRISC                   (abs)        000F94
_TRISD                   (abs)        000F95
__HRAM                   (abs)        000000
__Habs1                  abs1         000000
__Hbank0                 bank0        000000
__Hbank1                 bank1        000000
__Hbigbss                bigbss       000000
__Hbigdata               bigdata      000000
__Hbigram                bigram       000000
__Hbss                   bss          000000
__HbssBANK0              bssBANK0     000000
__HbssBANK1              bssBANK1     000000
__HbssCOMRAM             bssCOMRAM    000000
__Hcinit                 cinit        000000
__Hclrtext               clrtext      000000
__Hcomram                comram       000000
__Hconfig                config       30000E
__Hconst                 const        000000
__HcstackBANK0           cstackBANK0  000000
__HcstackBANK1           cstackBANK1  000000
__HcstackCOMRAM          cstackCOMRAM 000000
__Hdata                  data         000000
__Heeprom_data           eeprom_data  000000
__Hfarbss                farbss       000000
__Hfardata               fardata      000000
__Hibigdata              ibigdata     000000
__Hidata                 idata        000000
__Hidloc                 idloc        200008
__Hifardata              ifardata     000000
__Hinit                  init         000176
__Hintcode               intcode      000172
__Hintcode_body          intcode_body 000000
__Hintcodelo             intcodelo    000172
__Hintentry              intentry     000000
__Hintret                intret       000000
__Hintsave_regs          intsave_regs 000000
__Hirdata                irdata       000000
__Hmediumconst           mediumconst  000000
__HnvBANK0               nvBANK0      000000
__HnvCOMRAM              nvCOMRAM     000000
__HnvFARRAM              nvFARRAM     000000
__Hnvbit                 nvbit        000000
__Hnvrram                nvrram       000000
__Hparam                 rparam       000000
__Hpowerup               powerup      000172
__Hram                   ram          000000
__Hramtop                ramtop       000200
__Hrbit                  rbit         000000
__Hrbss                  rbss         000000
__Hrdata                 rdata        000000
__Hreset_vec             reset_vec    000004
__Hrparam                rparam       000000
__Hsfr                   sfr          000000
__Hsmallconst            smallconst   000228
__Hspace_0               (abs)        00140C
__Hspace_1               (abs)        000180
__Hspace_2               (abs)        000000
__Hspace_4               (abs)        60000E
__Hstack                 stack        000000
__Hstruct                struct       000000
__Htemp                  temp         000070
__Htext                  text         000000
__Htext0                 text0        000000
__Htext1                 text1        000000
__Htext10                text10       000000
__Htext11                text11       000000
__Htext12                text12       000000
__Htext13                text13       000000
__Htext14                text14       000000
__Htext15                text15       000000
__Htext16                text16       000000
__Htext17                text17       000000
__Htext18                text18       000000
__Htext19                text19       000000
__Htext2                 text2        000000
__Htext20                text20       000000
__Htext21                text21       000000
__Htext22                text22       000000
__Htext23                text23       000000
__Htext24                text24       000000
__Htext25                text25       000000
__Htext26                text26       000000
__Htext27                text27       000000
__Htext28                text28       000000
__Htext3                 text3        000000
__Htext30                text30       000000
__Htext4                 text4        000000
__Htext5                 text5        000000
__Htext6                 text6        000000
__Htext7                 text7        000000
__Htext8                 text8        000000
__Htext9                 text9        000000
__LRAM                   (abs)        000001
__Labs1                  abs1         000000
__Lbank0                 bank0        000000
__Lbank1                 bank1        000000
__Lbigbss                bigbss       000000
__Lbigdata               bigdata      000000
__Lbigram                bigram       000000
__Lbss                   bss          000000
__LbssBANK0              bssBANK0     000000
__LbssBANK1              bssBANK1     000000
__LbssCOMRAM             bssCOMRAM    000000
__Lcinit                 cinit        000000
__Lclrtext               clrtext      000000
__Lcomram                comram       000000
__Lconfig                config       000000
__Lconst                 const        000000
__LcstackBANK0           cstackBANK0  000000
__LcstackBANK1           cstackBANK1  000000
__LcstackCOMRAM          cstackCOMRAM 000000
__Ldata                  data         000000
__Leeprom_data           eeprom_data  000000
__Lfarbss                farbss       000000
__Lfardata               fardata      000000
__Libigdata              ibigdata     000000
__Lidata                 idata        000000
__Lidloc                 idloc        000000
__Lifardata              ifardata     000000
__Linit                  init         000172
__Lintcode               intcode      000008
__Lintcode_body          intcode_body 000000
__Lintcodelo             intcodelo    000172
__Lintentry              intentry     000000
__Lintret                intret       000000
__Lintsave_regs          intsave_regs 000000
__Lirdata                irdata       000000
__Lmediumconst           mediumconst  000000
__LnvBANK0               nvBANK0      000000
__LnvCOMRAM              nvCOMRAM     000000
__LnvFARRAM              nvFARRAM     000000
__Lnvbit                 nvbit        000000
__Lnvrram                nvrram       000000
__Lparam                 rparam       000000
__Lpowerup               powerup      000172
__Lram                   ram          000000
__Lramtop                ramtop       000200
__Lrbit                  rbit         000000
__Lrbss                  rbss         000000
__Lrdata                 rdata        000000
__Lreset_vec             reset_vec    000000
__Lrparam                rparam       000000
__Lsfr                   sfr          000000
__Lsmallconst            smallconst   000200
__Lspace_0               (abs)        000000
__Lspace_1               (abs)        000000
__Lspace_2               (abs)        000000
__Lspace_4               (abs)        000000
__Lstack                 stack        000000
__Lstruct                struct       000000
__Ltemp                  temp         00006F
__Ltext                  text         000000
__Ltext0                 text0        000000
__Ltext1                 text1        000000
__Ltext10                text10       000000
__Ltext11                text11       000000
__Ltext12                text12       000000
__Ltext13                text13       000000
__Ltext14                text14       000000
__Ltext15                text15       000000
__Ltext16                text16       000000
__Ltext17                text17       000000
__Ltext18                text18       000000
__Ltext19                text19       000000
__Ltext2                 text2        000000
__Ltext20                text20       000000
__Ltext21                text21       000000
__Ltext22                text22       000000
__Ltext23                text23       000000
__Ltext24                text24       000000
__Ltext25                text25       000000
__Ltext26                text26       000000
__Ltext27                text27       000000
__Ltext28                text28       000000
__Ltext3                 text3        000000
__Ltext30                text30       000000
__Ltext4                 text4        000000
__Ltext5                 text5        000000
__Ltext6                 text6        000000
__Ltext7                 text7        000000
__Ltext8                 text8        000000
__Ltext9                 text9        000000
__S0                     (abs)        00140C
__S1                     (abs)        000180
__S2                     (abs)        000000
__S4                     (abs)        000000
__S5                     (abs)        000000
___aodiv                 text15       000A30
___aodiv@counter         cstackCOMRAM 000021
___aodiv@dividend        cstackCOMRAM 000011
___aodiv@divisor         cstackCOMRAM 000019
___aodiv@quotient        cstackCOMRAM 000023
___aodiv@sign            cstackCOMRAM 000022
___aomod                 text14       000BB8
___aomod@counter         cstackCOMRAM 000021
___aomod@dividend        cstackCOMRAM 000011
___aomod@divisor         cstackCOMRAM 000019
___aomod@sign            cstackCOMRAM 000022
___inthi_sp              stack        000000
___intlo_sp              stack        000000
___lmul                  text30       00102C
___lmul@multiplicand     cstackCOMRAM 000005
___lmul@multiplier       cstackCOMRAM 000001
___lmul@product          cstackCOMRAM 000009
___param_bank            (abs)        000000
___rparam_used           (abs)        000001
___sp                    stack        000000
__accesstop              (abs)        000080
__activetblptr           (abs)        000002
__displaycontrol         bssCOMRAM    00006C
__displayfunction        nvBANK0      0000BE
__displaymode            bssCOMRAM    00006B
__end_of___aodiv         text15       000BB8
__end_of___aomod         text14       000D1C
__end_of___lmul          text30       001096
__end_of__initialization cinit        001348
__end_of_abs             text13       0012BA
__end_of_adc_sample      intcode      000172
__end_of_begin           text21       00102C
__end_of_clear           text24       0013D8
__end_of_displayON       text23       001400
__end_of_dtoa            text7        000506
__end_of_fputc           text11       000EC4
__end_of_fputs           text10       001238
__end_of_home            text20       0013C8
__end_of_main            text0        000A30
__end_of_pad             text8        000F86
__end_of_pin_setup       text19       0013B8
__end_of_print           text16       001156
__end_of_print_long      text2        001324
__end_of_pulseEnable     text28       00137E
__end_of_putch           text12       00140C
__end_of_send            text26       0011F4
__end_of_sendCommand     text25       0013F4
__end_of_sendData        text18       0013E6
__end_of_setCursor       text1        00127A
__end_of_setRowOffsets   text22       001392
__end_of_sprintf         text3        0011A8
__end_of_strlen          text9        0012F0
__end_of_strncmp         text6        000DFA
__end_of_vfpfcnvrt       text5        0007AE
__end_of_vfprintf        text4        0010F8
__end_of_write           text17       00140A
__end_of_write8bits      text27       0013A6
__initialization         cinit        001324
__mediumconst            mediumconst  000000
__numlines               bssCOMRAM    00006A
__pbssBANK0              bssBANK0     0000AC
__pbssBANK1              bssBANK1     000150
__pbssCOMRAM             bssCOMRAM    00005E
__pcinit                 cinit        001324
__pcstackBANK0           cstackBANK0  000080
__pcstackBANK1           cstackBANK1  000100
__pcstackCOMRAM          cstackCOMRAM 000001
__pintcode               intcode      000008
__pnvBANK0               nvBANK0      0000BC
__pnvCOMRAM              nvCOMRAM     00006D
__psmallconst            smallconst   000200
__ptext0                 text0        0007AE
__ptext1                 text1        001238
__ptext10                text10       0011F4
__ptext11                text11       000DFA
__ptext12                text12       00140A
__ptext13                text13       00127A
__ptext14                text14       000BB8
__ptext15                text15       000A30
__ptext16                text16       0010F8
__ptext17                text17       001400
__ptext18                text18       0013D8
__ptext19                text19       0013A6
__ptext2                 text2        0012F0
__ptext20                text20       0013B8
__ptext21                text21       000F86
__ptext22                text22       00137E
__ptext23                text23       0013F4
__ptext24                text24       0013C8
__ptext25                text25       0013E6
__ptext26                text26       0011A8
__ptext27                text27       001392
__ptext28                text28       001356
__ptext3                 text3        001156
__ptext30                text30       00102C
__ptext4                 text4        001096
__ptext5                 text5        000506
__ptext6                 text6        000D1C
__ptext7                 text7        000228
__ptext8                 text8        000EC4
__ptext9                 text9        0012BA
__ramtop                 ramtop       000200
__rowOffsets             bssBANK1     00015C
__size_of___aodiv        (abs)        000000
__size_of___aomod        (abs)        000000
__size_of___lmul         (abs)        000000
__size_of_abs            (abs)        000000
__size_of_adc_sample     (abs)        000000
__size_of_begin          (abs)        000000
__size_of_clear          (abs)        000000
__size_of_displayON      (abs)        000000
__size_of_dtoa           (abs)        000000
__size_of_fputc          (abs)        000000
__size_of_fputs          (abs)        000000
__size_of_home           (abs)        000000
__size_of_main           (abs)        000000
__size_of_pad            (abs)        000000
__size_of_pin_setup      (abs)        000000
__size_of_print          (abs)        000000
__size_of_print_long     (abs)        000000
__size_of_pulseEnable    (abs)        000000
__size_of_putch          (abs)        000000
__size_of_send           (abs)        000000
__size_of_sendCommand    (abs)        000000
__size_of_sendData       (abs)        000000
__size_of_setCursor      (abs)        000000
__size_of_setRowOffsets  (abs)        000000
__size_of_sprintf        (abs)        000000
__size_of_strlen         (abs)        000000
__size_of_strncmp        (abs)        000000
__size_of_vfpfcnvrt      (abs)        000000
__size_of_vfprintf       (abs)        000000
__size_of_write          (abs)        000000
__size_of_write8bits     (abs)        000000
__smallconst             smallconst   000200
_abs                     text13       00127A
_adc_sample              intcode      000008
_begin                   text21       000F86
_clear                   text24       0013C8
_dataPORT                nvBANK0      0000BC
_dbuf                    bssBANK1     000160
_displayON               text23       0013F4
_dtoa                    text7        000228
_dtoa$1263               cstackCOMRAM 00003E
_flags                   bssCOMRAM    000068
_fputc                   text11       000DFA
_fputs                   text10       0011F4
_halfer1                 bssBANK0     0000B0
_halfer2                 bssBANK0     0000AC
_home                    text20       0013B8
_main                    text0        0007AE
_new_POT1                bssCOMRAM    000062
_new_POT2                bssCOMRAM    00005E
_nout                    bssBANK0     0000B4
_pad                     text8        000EC4
_pin_setup               text19       0013A6
_prec                    bssCOMRAM    000066
_print                   text16       0010F8
_print_long              text2        0012F0
_pulseEnable             text28       001356
_putch                   text12       00140A
_send                    text26       0011A8
_sendCommand             text25       0013E6
_sendData                text18       0013D8
_setCursor               text1        001238
_setRowOffsets           text22       00137E
_signalPORT              nvCOMRAM     00006D
_sprintf                 text3        001156
_strlen                  text9        0012BA
_strncmp                 text6        000D1C
_vfpfcnvrt               text5        000506
_vfprintf                text4        001096
_width                   bssBANK0     0000B6
_write                   text17       001400
_write8bits              text27       001392
abs@a                    cstackCOMRAM 000023
begin@cols               cstackCOMRAM 000018
begin@dotsize            cstackCOMRAM 000016
begin@lines              cstackCOMRAM 000015
btemp                    temp         00006F
dtoa@d                   cstackCOMRAM 00002E
dtoa@fp                  cstackCOMRAM 00002C
dtoa@i                   cstackCOMRAM 00004E
dtoa@n                   cstackCOMRAM 000046
dtoa@p                   cstackCOMRAM 000040
dtoa@s                   cstackCOMRAM 000044
dtoa@w                   cstackCOMRAM 000042
end_of_initialization    cinit        001348
fputc@c                  cstackCOMRAM 000011
fputc@fp                 cstackCOMRAM 000013
fputs@c                  cstackCOMRAM 00001E
fputs@fp                 cstackCOMRAM 00001C
fputs@i                  cstackCOMRAM 00001F
fputs@s                  cstackCOMRAM 00001A
int$flags                temp         00006F
intlevel0                text         000000
intlevel1                text         000000
intlevel2                text         000000
intlevel3                text         000000
pad@buf                  cstackCOMRAM 000023
pad@fp                   cstackCOMRAM 000021
pad@i                    cstackCOMRAM 000028
pad@p                    cstackCOMRAM 000025
pad@w                    cstackCOMRAM 00002A
pin_setup@dp             cstackCOMRAM 000011
pin_setup@sp             cstackCOMRAM 000013
print@chr                cstackCOMRAM 000016
print_long@num           cstackBANK0  0000A8
print_long@s_num         cstackBANK1  000100
send@mode                cstackCOMRAM 000012
send@value               cstackCOMRAM 000013
sendCommand@value        cstackCOMRAM 000014
sendData@value           cstackCOMRAM 000014
setCursor@col            cstackCOMRAM 000019
setCursor@row            cstackCOMRAM 000015
setRowOffsets@row0       cstackCOMRAM 000014
setRowOffsets@row1       cstackCOMRAM 000011
setRowOffsets@row2       cstackCOMRAM 000012
setRowOffsets@row3       cstackCOMRAM 000013
sprintf@ap               cstackBANK0  0000A0
sprintf@f                cstackBANK0  0000A2
sprintf@fmt              cstackBANK0  000098
sprintf@s                cstackBANK0  000096
stackhi                  (abs)        0001FF
stacklo                  (abs)        000180
start                    init         000172
start_initialization     cinit        001324
strlen@a                 cstackCOMRAM 000013
strlen@s                 cstackCOMRAM 000011
strncmp@_l               cstackCOMRAM 000011
strncmp@_r               cstackCOMRAM 000013
strncmp@l                cstackCOMRAM 000018
strncmp@n                cstackCOMRAM 000015
strncmp@r                cstackCOMRAM 00001A
ttemp5                   temp         000070
ttemp6                   temp         000073
ttemp7                   temp         000077
vfpfcnvrt@ap             cstackCOMRAM 000054
vfpfcnvrt@fmt            cstackCOMRAM 000052
vfpfcnvrt@fp             cstackCOMRAM 000050
vfpfcnvrt@ll             cstackCOMRAM 000056
vfprintf@ap              cstackBANK0  000092
vfprintf@cfmt            cstackBANK0  000094
vfprintf@fmt             cstackBANK0  000090
vfprintf@fp              cstackBANK0  00008E
write8bits@value         cstackCOMRAM 000011
write@chr                cstackCOMRAM 000015
wtemp8                   temp         000070


FUNCTION INFORMATION:

 *************** function _main *****************
 Defined at:
		line 23 in file "calc.c"
 Parameters:    Size  Location     Type
		None
 Auto vars:     Size  Location     Type
		None
 Return value:  Size  Location     Type
                  2   82[None  ] int 
 Registers used:
		wreg, fsr1l, fsr1h, fsr2l, fsr2h, status,2, status,0, tblptrl, tblptrh, tblptru, cstack
 Tracked objects:
		On entry : 
		On exit  : 
		Unchanged: 
 Data sizes:     COMRAM   BANK0   BANK1
      Params:         0       0       0
      Locals:         0       0       0
      Temps:          0       0       0
      Totals:         0       0       0
Total ram usage:        0 bytes
 Hardware stack levels required when called:   11
 This function calls:
		_begin
		_clear
		_home
		_pin_setup
		_print
		_print_long
		_setCursor
 This function is called by:
		Startup code after reset
 This function uses a non-reentrant model


 *************** function _setCursor *****************
 Defined at:
		line 266 in file "LiquidCrystal.c"
 Parameters:    Size  Location     Type
  col             1    wreg     unsigned char 
  row             2   20[COMRAM] unsigned int 
 Auto vars:     Size  Location     Type
  col             1   24[COMRAM] unsigned char 
 Return value:  Size  Location     Type
                  1    wreg      void 
 Registers used:
		wreg, fsr2l, fsr2h, status,2, status,0, cstack
 Tracked objects:
		On entry : 
		On exit  : 
		Unchanged: 
 Data sizes:     COMRAM   BANK0   BANK1
      Params:         2       0       0
      Locals:         1       0       0
      Temps:          2       0       0
      Totals:         5       0       0
Total ram usage:        5 bytes
 Hardware stack levels used:    1
 Hardware stack levels required when called:    6
 This function calls:
		_sendCommand
 This function is called by:
		_main
 This function uses a non-reentrant model


 *************** function _print_long *****************
 Defined at:
		line 156 in file "LiquidCrystal.c"
 Parameters:    Size  Location     Type
  num             4   40[BANK0 ] long 
 Auto vars:     Size  Location     Type
  s_num          80    0[BANK1 ] unsigned char [80]
 Return value:  Size  Location     Type
                  1    wreg      void 
 Registers used:
		wreg, fsr1l, fsr1h, fsr2l, fsr2h, status,2, status,0, tblptrl, tblptrh, tblptru, cstack
 Tracked objects:
		On entry : 
		On exit  : 
		Unchanged: 
 Data sizes:     COMRAM   BANK0   BANK1
      Params:         0       4       0
      Locals:         0       0      80
      Temps:          0       0       0
      Totals:         0       4      80
Total ram usage:       84 bytes
 Hardware stack levels used:    1
 Hardware stack levels required when called:   10
 This function calls:
		_print
		_sprintf
 This function is called by:
		_main
 This function uses a non-reentrant model


 *************** function _sprintf *****************
 Defined at:
		line 9 in file "/Applications/microchip/xc8/v2.20/pic/sources/c99/common/nf_sprintf.c"
 Parameters:    Size  Location     Type
  s               2   22[BANK0 ] PTR unsigned char 
		 -> print_long@s_num(80), print_int@s_num(80), 
  fmt             2   24[BANK0 ] PTR const unsigned char 
		 -> STR_20(4), STR_19(3), 
 Auto vars:     Size  Location     Type
  f               6   34[BANK0 ] struct _IO_FILE
  ap              2   32[BANK0 ] PTR void [1]
		 -> ?_sprintf(2), 
  ret             2    0        int 
 Return value:  Size  Location     Type
                  2   22[BANK0 ] int 
 Registers used:
		wreg, fsr1l, fsr1h, fsr2l, fsr2h, status,2, status,0, tblptrl, tblptrh, tblptru, cstack
 Tracked objects:
		On entry : 
		On exit  : 
		Unchanged: 
 Data sizes:     COMRAM   BANK0   BANK1
      Params:         0       8       0
      Locals:         0      10       0
      Temps:          0       0       0
      Totals:         0      18       0
Total ram usage:       18 bytes
 Hardware stack levels used:    1
 Hardware stack levels required when called:    9
 This function calls:
		_vfprintf
 This function is called by:
		_print_long
		_print_int
 This function uses a non-reentrant model


 *************** function _vfprintf *****************
 Defined at:
		line 1368 in file "/Applications/microchip/xc8/v2.20/pic/sources/c99/common/doprnt.c"
 Parameters:    Size  Location     Type
  fp              2   14[BANK0 ] PTR struct _IO_FILE
		 -> sprintf@f(6), 
  fmt             2   16[BANK0 ] PTR const unsigned char 
		 -> STR_20(4), STR_19(3), 
  ap              2   18[BANK0 ] PTR PTR void 
		 -> sprintf@ap(2), 
 Auto vars:     Size  Location     Type
  cfmt            2   20[BANK0 ] PTR unsigned char 
		 -> STR_20(4), STR_19(3), 
 Return value:  Size  Location     Type
                  2   14[BANK0 ] int 
 Registers used:
		wreg, fsr1l, fsr1h, fsr2l, fsr2h, status,2, status,0, tblptrl, tblptrh, tblptru, cstack
 Tracked objects:
		On entry : 
		On exit  : 
		Unchanged: 
 Data sizes:     COMRAM   BANK0   BANK1
      Params:         0       6       0
      Locals:         0       2       0
      Temps:          0       0       0
      Totals:         0       8       0
Total ram usage:        8 bytes
 Hardware stack levels used:    1
 Hardware stack levels required when called:    8
 This function calls:
		_vfpfcnvrt
 This function is called by:
		_sprintf
 This function uses a non-reentrant model


 *************** function _vfpfcnvrt *****************
 Defined at:
		line 670 in file "/Applications/microchip/xc8/v2.20/pic/sources/c99/common/doprnt.c"
 Parameters:    Size  Location     Type
  fp              2   79[COMRAM] PTR struct _IO_FILE
		 -> sprintf@f(6), 
  fmt             2   81[COMRAM] PTR PTR unsigned char 
		 -> vfprintf@cfmt(2), 
  ap              2   83[COMRAM] PTR PTR void 
		 -> sprintf@ap(2), 
 Auto vars:     Size  Location     Type
  ll              8   85[COMRAM] long long 
  llu             8    0        unsigned long long 
  f               4    0        unsigned long long 
  vp              3    0        PTR void 
  ct              3    0        unsigned char [3]
  cp              3    0        PTR unsigned char 
  i               2    0        int 
  done            2    0        int 
  c               1    0        unsigned char 
 Return value:  Size  Location     Type
                  2   79[COMRAM] int 
 Registers used:
		wreg, fsr1l, fsr1h, fsr2l, fsr2h, status,2, status,0, tblptrl, tblptrh, tblptru, cstack
 Tracked objects:
		On entry : 
		On exit  : 
		Unchanged: 
 Data sizes:     COMRAM   BANK0   BANK1
      Params:         6       0       0
      Locals:         8       0       0
      Temps:          0      14       0
      Totals:        14      14       0
Total ram usage:       28 bytes
 Hardware stack levels used:    1
 Hardware stack levels required when called:    7
 This function calls:
		_dtoa
		_fputc
		_strncmp
 This function is called by:
		_vfprintf
 This function uses a non-reentrant model


 *************** function _strncmp *****************
 Defined at:
		line 3 in file "/Applications/microchip/xc8/v2.20/pic/sources/c99/common/strncmp.c"
 Parameters:    Size  Location     Type
  _l              2   16[COMRAM] PTR const unsigned char 
		 -> STR_20(4), STR_19(3), 
  _r              2   18[COMRAM] PTR const unsigned char 
		 -> STR_27(3), STR_23(3), 
  n               2   20[COMRAM] unsigned int 
 Auto vars:     Size  Location     Type
  r               2   25[COMRAM] PTR const unsigned char 
		 -> STR_27(3), STR_23(3), 
  l               2   23[COMRAM] PTR const unsigned char 
		 -> STR_20(4), STR_19(3), 
 Return value:  Size  Location     Type
                  2   16[COMRAM] int 
 Registers used:
		wreg, status,2, status,0, tblptrl, tblptrh, tblptru
 Tracked objects:
		On entry : 
		On exit  : 
		Unchanged: 
 Data sizes:     COMRAM   BANK0   BANK1
      Params:         6       0       0
      Locals:         4       0       0
      Temps:          1       0       0
      Totals:        11       0       0
Total ram usage:       11 bytes
 Hardware stack levels used:    1
 Hardware stack levels required when called:    2
 This function calls:
		Nothing
 This function is called by:
		_vfpfcnvrt
 This function uses a non-reentrant model


 *************** function _dtoa *****************
 Defined at:
		line 274 in file "/Applications/microchip/xc8/v2.20/pic/sources/c99/common/doprnt.c"
 Parameters:    Size  Location     Type
  fp              2   43[COMRAM] PTR struct _IO_FILE
		 -> sprintf@f(6), 
  d               8   45[COMRAM] long long 
 Auto vars:     Size  Location     Type
  n               8   69[COMRAM] long long 
  i               2   77[COMRAM] int 
  s               2   67[COMRAM] int 
  w               2   65[COMRAM] int 
  p               2   63[COMRAM] int 
 Return value:  Size  Location     Type
                  2   43[COMRAM] int 
 Registers used:
		wreg, fsr1l, fsr1h, fsr2l, fsr2h, status,2, status,0, cstack
 Tracked objects:
		On entry : 
		On exit  : 
		Unchanged: 
 Data sizes:     COMRAM   BANK0   BANK1
      Params:        10       0       0
      Locals:        18       0       0
      Temps:          8       0       0
      Totals:        36       0       0
Total ram usage:       36 bytes
 Hardware stack levels used:    1
 Hardware stack levels required when called:    6
 This function calls:
		___aodiv
		___aomod
		_abs
		_pad
 This function is called by:
		_vfpfcnvrt
 This function uses a non-reentrant model


 *************** function _pad *****************
 Defined at:
		line 72 in file "/Applications/microchip/xc8/v2.20/pic/sources/c99/common/doprnt.c"
 Parameters:    Size  Location     Type
  fp              2   32[COMRAM] PTR struct _IO_FILE
		 -> sprintf@f(6), 
  buf             2   34[COMRAM] PTR unsigned char 
		 -> dbuf(32), 
  p               2   36[COMRAM] int 
 Auto vars:     Size  Location     Type
  w               2   41[COMRAM] int 
  i               2   39[COMRAM] int 
 Return value:  Size  Location     Type
                  2   32[COMRAM] int 
 Registers used:
		wreg, fsr1l, fsr1h, fsr2l, fsr2h, status,2, status,0, cstack
 Tracked objects:
		On entry : 
		On exit  : 
		Unchanged: 
 Data sizes:     COMRAM   BANK0   BANK1
      Params:         6       0       0
      Locals:         4       0       0
      Temps:          1       0       0
      Totals:        11       0       0
Total ram usage:       11 bytes
 Hardware stack levels used:    1
 Hardware stack levels required when called:    5
 This function calls:
		_fputc
		_fputs
		_strlen
 This function is called by:
		_dtoa
 This function uses a non-reentrant model


 *************** function _strlen *****************
 Defined at:
		line 5 in file "/Applications/microchip/xc8/v2.20/pic/sources/c99/common/strlen.c"
 Parameters:    Size  Location     Type
  s               2   16[COMRAM] PTR const unsigned char 
		 -> dbuf(32), 
 Auto vars:     Size  Location     Type
  a               2   18[COMRAM] PTR const unsigned char 
		 -> dbuf(32), 
 Return value:  Size  Location     Type
                  2   16[COMRAM] unsigned int 
 Registers used:
		wreg, fsr2l, fsr2h, status,2, status,0
 Tracked objects:
		On entry : 
		On exit  : 
		Unchanged: 
 Data sizes:     COMRAM   BANK0   BANK1
      Params:         2       0       0
      Locals:         2       0       0
      Temps:          0       0       0
      Totals:         4       0       0
Total ram usage:        4 bytes
 Hardware stack levels used:    1
 Hardware stack levels required when called:    2
 This function calls:
		Nothing
 This function is called by:
		_pad
 This function uses a non-reentrant model


 *************** function _fputs *****************
 Defined at:
		line 8 in file "/Applications/microchip/xc8/v2.20/pic/sources/c99/common/nf_fputs.c"
 Parameters:    Size  Location     Type
  s               2   25[COMRAM] PTR const unsigned char 
		 -> dbuf(32), 
  fp              2   27[COMRAM] PTR struct _IO_FILE
		 -> sprintf@f(6), 
 Auto vars:     Size  Location     Type
  i               2   30[COMRAM] int 
  c               1   29[COMRAM] unsigned char 
 Return value:  Size  Location     Type
                  2   25[COMRAM] int 
 Registers used:
		wreg, fsr1l, fsr1h, fsr2l, fsr2h, status,2, status,0, cstack
 Tracked objects:
		On entry : 
		On exit  : 
		Unchanged: 
 Data sizes:     COMRAM   BANK0   BANK1
      Params:         4       0       0
      Locals:         3       0       0
      Temps:          0       0       0
      Totals:         7       0       0
Total ram usage:        7 bytes
 Hardware stack levels used:    1
 Hardware stack levels required when called:    4
 This function calls:
		_fputc
 This function is called by:
		_pad
 This function uses a non-reentrant model


 *************** function _fputc *****************
 Defined at:
		line 8 in file "/Applications/microchip/xc8/v2.20/pic/sources/c99/common/nf_fputc.c"
 Parameters:    Size  Location     Type
  c               2   16[COMRAM] int 
  fp              2   18[COMRAM] PTR struct _IO_FILE
		 -> sprintf@f(6), 
 Auto vars:     Size  Location     Type
		None
 Return value:  Size  Location     Type
                  2   16[COMRAM] int 
 Registers used:
		wreg, fsr1l, fsr1h, fsr2l, fsr2h, status,2, status,0, cstack
 Tracked objects:
		On entry : 
		On exit  : 
		Unchanged: 
 Data sizes:     COMRAM   BANK0   BANK1
      Params:         4       0       0
      Locals:         0       0       0
      Temps:          5       0       0
      Totals:         9       0       0
Total ram usage:        9 bytes
 Hardware stack levels used:    1
 Hardware stack levels required when called:    3
 This function calls:
		_putch
 This function is called by:
		_pad
		_vfpfcnvrt
		_fputs
 This function uses a non-reentrant model


 *************** function _putch *****************
 Defined at:
		line 7 in file "/Applications/microchip/xc8/v2.20/pic/sources/c99/common/putch.c"
 Parameters:    Size  Location     Type
  c               1    wreg     unsigned char 
 Auto vars:     Size  Location     Type
  c               1    0[COMRAM] unsigned char 
 Return value:  Size  Location     Type
                  1    wreg      void 
 Registers used:
		wreg
 Tracked objects:
		On entry : 
		On exit  : 
		Unchanged: 
 Data sizes:     COMRAM   BANK0   BANK1
      Params:         0       0       0
      Locals:         0       0       0
      Temps:          0       0       0
      Totals:         0       0       0
Total ram usage:        0 bytes
 Hardware stack levels used:    1
 Hardware stack levels required when called:    2
 This function calls:
		Nothing
 This function is called by:
		_fputc
 This function uses a non-reentrant model


 *************** function _abs *****************
 Defined at:
		line 1 in file "/Applications/microchip/xc8/v2.20/pic/sources/c99/common/abs.c"
 Parameters:    Size  Location     Type
  a               2   34[COMRAM] int 
 Auto vars:     Size  Location     Type
		None
 Return value:  Size  Location     Type
                  2   34[COMRAM] int 
 Registers used:
		wreg, status,2, status,0
 Tracked objects:
		On entry : 
		On exit  : 
		Unchanged: 
 Data sizes:     COMRAM   BANK0   BANK1
      Params:         2       0       0
      Locals:         0       0       0
      Temps:          2       0       0
      Totals:         4       0       0
Total ram usage:        4 bytes
 Hardware stack levels used:    1
 Hardware stack levels required when called:    2
 This function calls:
		Nothing
 This function is called by:
		_dtoa
 This function uses a non-reentrant model


 *************** function ___aomod *****************
 Defined at:
		line 9 in file "/Applications/microchip/xc8/v2.20/pic/sources/c99/common/aomod.c"
 Parameters:    Size  Location     Type
  dividend        8   16[COMRAM] long long 
  divisor         8   24[COMRAM] long long 
 Auto vars:     Size  Location     Type
  sign            1   33[COMRAM] unsigned char 
  counter         1   32[COMRAM] unsigned char 
 Return value:  Size  Location     Type
                  8   16[COMRAM] long long 
 Registers used:
		wreg, status,2, status,0
 Tracked objects:
		On entry : 
		On exit  : 
		Unchanged: 
 Data sizes:     COMRAM   BANK0   BANK1
      Params:        16       0       0
      Locals:         2       0       0
      Temps:          0       0       0
      Totals:        18       0       0
Total ram usage:       18 bytes
 Hardware stack levels used:    1
 Hardware stack levels required when called:    2
 This function calls:
		Nothing
 This function is called by:
		_dtoa
 This function uses a non-reentrant model


 *************** function ___aodiv *****************
 Defined at:
		line 9 in file "/Applications/microchip/xc8/v2.20/pic/sources/c99/common/aodiv.c"
 Parameters:    Size  Location     Type
  dividend        8   16[COMRAM] long long 
  divisor         8   24[COMRAM] long long 
 Auto vars:     Size  Location     Type
  quotient        8   34[COMRAM] long long 
  sign            1   33[COMRAM] unsigned char 
  counter         1   32[COMRAM] unsigned char 
 Return value:  Size  Location     Type
                  8   16[COMRAM] long long 
 Registers used:
		wreg, fsr2l, fsr2h, status,2, status,0
 Tracked objects:
		On entry : 
		On exit  : 
		Unchanged: 
 Data sizes:     COMRAM   BANK0   BANK1
      Params:        16       0       0
      Locals:        10       0       0
      Temps:          0       0       0
      Totals:        26       0       0
Total ram usage:       26 bytes
 Hardware stack levels used:    1
 Hardware stack levels required when called:    2
 This function calls:
		Nothing
 This function is called by:
		_dtoa
 This function uses a non-reentrant model


 *************** function _print *****************
 Defined at:
		line 135 in file "LiquidCrystal.c"
 Parameters:    Size  Location     Type
  chr             2   21[COMRAM] PTR unsigned char 
		 -> print_long@s_num(80), print_int@s_num(80), STR_18(11), STR_17(11), 
		 -> STR_16(2), STR_15(2), STR_14(4), STR_13(2), 
		 -> STR_12(11), STR_11(11), STR_10(2), STR_9(2), 
		 -> STR_8(4), STR_7(2), STR_6(11), STR_5(11), 
		 -> STR_4(2), STR_3(2), STR_2(4), STR_1(2), 
 Auto vars:     Size  Location     Type
		None
 Return value:  Size  Location     Type
                  1    wreg      void 
 Registers used:
		wreg, fsr1l, fsr1h, fsr2l, fsr2h, status,2, status,0, tblptrl, tblptrh, tblptru, cstack
 Tracked objects:
		On entry : 
		On exit  : 
		Unchanged: 
 Data sizes:     COMRAM   BANK0   BANK1
      Params:         2       0       0
      Locals:         0       0       0
      Temps:          0       0       0
      Totals:         2       0       0
Total ram usage:        2 bytes
 Hardware stack levels used:    1
 Hardware stack levels required when called:    7
 This function calls:
		_write
 This function is called by:
		_main
		_print_long
		_print_int
 This function uses a non-reentrant model


 *************** function _write *****************
 Defined at:
		line 125 in file "LiquidCrystal.c"
 Parameters:    Size  Location     Type
  chr             1    wreg     unsigned char 
 Auto vars:     Size  Location     Type
  chr             1   20[COMRAM] unsigned char 
 Return value:  Size  Location     Type
                  1    wreg      void 
 Registers used:
		wreg, fsr2l, fsr2h, status,2, cstack
 Tracked objects:
		On entry : 
		On exit  : 
		Unchanged: 
 Data sizes:     COMRAM   BANK0   BANK1
      Params:         0       0       0
      Locals:         1       0       0
      Temps:          0       0       0
      Totals:         1       0       0
Total ram usage:        1 bytes
 Hardware stack levels used:    1
 Hardware stack levels required when called:    6
 This function calls:
		_sendData
 This function is called by:
		_print
 This function uses a non-reentrant model


 *************** function _sendData *****************
 Defined at:
		line 425 in file "LiquidCrystal.c"
 Parameters:    Size  Location     Type
  value           1    wreg     unsigned char 
 Auto vars:     Size  Location     Type
  value           1   19[COMRAM] unsigned char 
 Return value:  Size  Location     Type
                  1    wreg      void 
 Registers used:
		wreg, fsr2l, fsr2h, status,2, cstack
 Tracked objects:
		On entry : 
		On exit  : 
		Unchanged: 
 Data sizes:     COMRAM   BANK0   BANK1
      Params:         0       0       0
      Locals:         1       0       0
      Temps:          0       0       0
      Totals:         1       0       0
Total ram usage:        1 bytes
 Hardware stack levels used:    1
 Hardware stack levels required when called:    5
 This function calls:
		_send
 This function is called by:
		_write
 This function uses a non-reentrant model


 *************** function _pin_setup *****************
 Defined at:
		line 33 in file "LiquidCrystal.c"
 Parameters:    Size  Location     Type
  dp              2   16[COMRAM] PTR volatile struct .
		 -> PORTC(1), 
  sp              2   18[COMRAM] PTR volatile struct .
		 -> PORTD(1), 
 Auto vars:     Size  Location     Type
		None
 Return value:  Size  Location     Type
                  1    wreg      void 
 Registers used:
		wreg, status,2, status,0
 Tracked objects:
		On entry : 
		On exit  : 
		Unchanged: 
 Data sizes:     COMRAM   BANK0   BANK1
      Params:         4       0       0
      Locals:         0       0       0
      Temps:          0       0       0
      Totals:         4       0       0
Total ram usage:        4 bytes
 Hardware stack levels used:    1
 Hardware stack levels required when called:    2
 This function calls:
		Nothing
 This function is called by:
		_main
 This function uses a non-reentrant model


 *************** function _home *****************
 Defined at:
		line 227 in file "LiquidCrystal.c"
 Parameters:    Size  Location     Type
		None
 Auto vars:     Size  Location     Type
		None
 Return value:  Size  Location     Type
                  1    wreg      void 
 Registers used:
		wreg, fsr2l, fsr2h, status,2, cstack
 Tracked objects:
		On entry : 
		On exit  : 
		Unchanged: 
 Data sizes:     COMRAM   BANK0   BANK1
      Params:         0       0       0
      Locals:         0       0       0
      Temps:          0       0       0
      Totals:         0       0       0
Total ram usage:        0 bytes
 Hardware stack levels used:    1
 Hardware stack levels required when called:    6
 This function calls:
		_sendCommand
 This function is called by:
		_main
 This function uses a non-reentrant model


 *************** function _begin *****************
 Defined at:
		line 55 in file "LiquidCrystal.c"
 Parameters:    Size  Location     Type
  cols            1    wreg     unsigned char 
  lines           1   20[COMRAM] unsigned char 
  dotsize         1   21[COMRAM] unsigned char 
 Auto vars:     Size  Location     Type
  cols            1   23[COMRAM] unsigned char 
 Return value:  Size  Location     Type
                  1    wreg      void 
 Registers used:
		wreg, fsr2l, fsr2h, status,2, status,0, cstack
 Tracked objects:
		On entry : 
		On exit  : 
		Unchanged: 
 Data sizes:     COMRAM   BANK0   BANK1
      Params:         2       0       0
      Locals:         1       0       0
      Temps:          1       0       0
      Totals:         4       0       0
Total ram usage:        4 bytes
 Hardware stack levels used:    1
 Hardware stack levels required when called:    7
 This function calls:
		_clear
		_displayON
		_sendCommand
		_setRowOffsets
 This function is called by:
		_main
 This function uses a non-reentrant model


 *************** function _setRowOffsets *****************
 Defined at:
		line 249 in file "LiquidCrystal.c"
 Parameters:    Size  Location     Type
  row0            1    wreg     unsigned char 
  row1            1   16[COMRAM] unsigned char 
  row2            1   17[COMRAM] unsigned char 
  row3            1   18[COMRAM] unsigned char 
 Auto vars:     Size  Location     Type
  row0            1   19[COMRAM] unsigned char 
 Return value:  Size  Location     Type
                  1    wreg      void 
 Registers used:
		wreg
 Tracked objects:
		On entry : 
		On exit  : 
		Unchanged: 
 Data sizes:     COMRAM   BANK0   BANK1
      Params:         3       0       0
      Locals:         1       0       0
      Temps:          0       0       0
      Totals:         4       0       0
Total ram usage:        4 bytes
 Hardware stack levels used:    1
 Hardware stack levels required when called:    2
 This function calls:
		Nothing
 This function is called by:
		_begin
 This function uses a non-reentrant model


 *************** function _displayON *****************
 Defined at:
		line 168 in file "LiquidCrystal.c"
 Parameters:    Size  Location     Type
		None
 Auto vars:     Size  Location     Type
		None
 Return value:  Size  Location     Type
                  1    wreg      void 
 Registers used:
		wreg, fsr2l, fsr2h, status,2, status,0, cstack
 Tracked objects:
		On entry : 
		On exit  : 
		Unchanged: 
 Data sizes:     COMRAM   BANK0   BANK1
      Params:         0       0       0
      Locals:         0       0       0
      Temps:          0       0       0
      Totals:         0       0       0
Total ram usage:        0 bytes
 Hardware stack levels used:    1
 Hardware stack levels required when called:    6
 This function calls:
		_sendCommand
 This function is called by:
		_begin
		_display
 This function uses a non-reentrant model


 *************** function _clear *****************
 Defined at:
		line 215 in file "LiquidCrystal.c"
 Parameters:    Size  Location     Type
		None
 Auto vars:     Size  Location     Type
		None
 Return value:  Size  Location     Type
                  1    wreg      void 
 Registers used:
		wreg, fsr2l, fsr2h, status,2, cstack
 Tracked objects:
		On entry : 
		On exit  : 
		Unchanged: 
 Data sizes:     COMRAM   BANK0   BANK1
      Params:         0       0       0
      Locals:         0       0       0
      Temps:          0       0       0
      Totals:         0       0       0
Total ram usage:        0 bytes
 Hardware stack levels used:    1
 Hardware stack levels required when called:    6
 This function calls:
		_sendCommand
 This function is called by:
		_main
		_begin
 This function uses a non-reentrant model


 *************** function _sendCommand *****************
 Defined at:
		line 439 in file "LiquidCrystal.c"
 Parameters:    Size  Location     Type
  value           1    wreg     unsigned char 
 Auto vars:     Size  Location     Type
  value           1   19[COMRAM] unsigned char 
 Return value:  Size  Location     Type
                  1    wreg      void 
 Registers used:
		wreg, fsr2l, fsr2h, status,2, cstack
 Tracked objects:
		On entry : 
		On exit  : 
		Unchanged: 
 Data sizes:     COMRAM   BANK0   BANK1
      Params:         0       0       0
      Locals:         1       0       0
      Temps:          0       0       0
      Totals:         1       0       0
Total ram usage:        1 bytes
 Hardware stack levels used:    1
 Hardware stack levels required when called:    5
 This function calls:
		_send
 This function is called by:
		_begin
		_displayON
		_clear
		_home
		_setCursor
		_displayOFF
		_cursor
		_noCursor
		_blink
		_noBlink
		_scrollDisplayLeft
		_scrollDisplayRight
		_leftToRight
		_rightToLeft
		_autoscroll
		_noAutoscroll
 This function uses a non-reentrant model


 *************** function _send *****************
 Defined at:
		line 398 in file "LiquidCrystal.c"
 Parameters:    Size  Location     Type
  value           1    wreg     unsigned char 
  mode            1   17[COMRAM] unsigned char 
 Auto vars:     Size  Location     Type
  value           1   18[COMRAM] unsigned char 
 Return value:  Size  Location     Type
                  1    wreg      void 
 Registers used:
		wreg, fsr2l, fsr2h, status,2, cstack
 Tracked objects:
		On entry : 
		On exit  : 
		Unchanged: 
 Data sizes:     COMRAM   BANK0   BANK1
      Params:         1       0       0
      Locals:         1       0       0
      Temps:          0       0       0
      Totals:         2       0       0
Total ram usage:        2 bytes
 Hardware stack levels used:    1
 Hardware stack levels required when called:    4
 This function calls:
		_write8bits
 This function is called by:
		_sendData
		_sendCommand
 This function uses a non-reentrant model


 *************** function _write8bits *****************
 Defined at:
		line 469 in file "LiquidCrystal.c"
 Parameters:    Size  Location     Type
  value           1    wreg     unsigned char 
 Auto vars:     Size  Location     Type
  value           1   16[COMRAM] unsigned char 
 Return value:  Size  Location     Type
                  1    wreg      void 
 Registers used:
		wreg, fsr2l, fsr2h, cstack
 Tracked objects:
		On entry : 
		On exit  : 
		Unchanged: 
 Data sizes:     COMRAM   BANK0   BANK1
      Params:         0       0       0
      Locals:         1       0       0
      Temps:          0       0       0
      Totals:         1       0       0
Total ram usage:        1 bytes
 Hardware stack levels used:    1
 Hardware stack levels required when called:    3
 This function calls:
		_pulseEnable
 This function is called by:
		_send
 This function uses a non-reentrant model


 *************** function _pulseEnable *****************
 Defined at:
		line 452 in file "LiquidCrystal.c"
 Parameters:    Size  Location     Type
		None
 Auto vars:     Size  Location     Type
		None
 Return value:  Size  Location     Type
                  1    wreg      void 
 Registers used:
		wreg, fsr2l, fsr2h
 Tracked objects:
		On entry : 
		On exit  : 
		Unchanged: 
 Data sizes:     COMRAM   BANK0   BANK1
      Params:         0       0       0
      Locals:         0       0       0
      Temps:          0       0       0
      Totals:         0       0       0
Total ram usage:        0 bytes
 Hardware stack levels used:    1
 Hardware stack levels required when called:    2
 This function calls:
		Nothing
 This function is called by:
		_write8bits
 This function uses a non-reentrant model


 *************** function _adc_sample *****************
 Defined at:
		line 142 in file "calc.c"
 Parameters:    Size  Location     Type
		None
 Auto vars:     Size  Location     Type
		None
 Return value:  Size  Location     Type
                  1    wreg      void 
 Registers used:
		wreg, status,2, status,0, cstack
 Tracked objects:
		On entry : 
		On exit  : 
		Unchanged: 
 Data sizes:     COMRAM   BANK0   BANK1
      Params:         0       0       0
      Locals:         0       0       0
      Temps:          4       0       0
      Totals:         4       0       0
Total ram usage:        4 bytes
 Hardware stack levels used:    1
 Hardware stack levels required when called:    1
 This function calls:
		___lmul
 This function is called by:
		Interrupt level 2
 This function uses a non-reentrant model


 *************** function ___lmul *****************
 Defined at:
		line 15 in file "/Applications/microchip/xc8/v2.20/pic/sources/c99/common/Umul32.c"
 Parameters:    Size  Location     Type
  multiplier      4    0[COMRAM] unsigned long 
  multiplicand    4    4[COMRAM] unsigned long 
 Auto vars:     Size  Location     Type
  product         4    8[COMRAM] unsigned long 
 Return value:  Size  Location     Type
                  4    0[COMRAM] unsigned long 
 Registers used:
		wreg, status,2, status,0
 Tracked objects:
		On entry : 
		On exit  : 
		Unchanged: 
 Data sizes:     COMRAM   BANK0   BANK1
      Params:         8       0       0
      Locals:         4       0       0
      Temps:          0       0       0
      Totals:        12       0       0
Total ram usage:       12 bytes
 Hardware stack levels used:    1
 This function calls:
		Nothing
 This function is called by:
		_adc_sample
 This function uses a non-reentrant model



MODULE INFORMATION

Module		Function		Class		Link	Load	Size
/Applications/microchip/xc8/v2.20/pic/sources/c99/common/nf_fputc.c
		_fputc         		CODE           	0DFA	0000	203

/Applications/microchip/xc8/v2.20/pic/sources/c99/common/nf_fputc.c estimated size: 203

calc.c
		_main          		CODE           	07AE	0000	643
		_adc_sample    		CODE           	0008	0000	363

calc.c estimated size: 1006

/Applications/microchip/xc8/v2.20/pic/sources/c99/common/nf_sprintf.c
		_sprintf       		CODE           	1156	0000	83

/Applications/microchip/xc8/v2.20/pic/sources/c99/common/nf_sprintf.c estimated size: 83

/Applications/microchip/xc8/v2.20/pic/sources/c99/common/doprnt.c
		_vfpfcnvrt     		CODE           	0506	0000	681
		_pad           		CODE           	0EC4	0000	195
		_dtoa          		CODE           	0228	0000	735
		_vfprintf      		CODE           	1096	0000	99

/Applications/microchip/xc8/v2.20/pic/sources/c99/common/doprnt.c estimated size: 1710

/Applications/microchip/xc8/v2.20/pic/sources/c99/common/putch.c
		_putch         		CODE           	140A	0000	3

/Applications/microchip/xc8/v2.20/pic/sources/c99/common/putch.c estimated size: 3

/Applications/microchip/xc8/v2.20/pic/sources/c99/common/aomod.c
		___aomod       		CODE           	0BB8	0000	357

/Applications/microchip/xc8/v2.20/pic/sources/c99/common/aomod.c estimated size: 357

LiquidCrystal.c
		_setRowOffsets 		CODE           	137E	0000	21
		_pulseEnable   		CODE           	1356	0000	41
		_displayON     		CODE           	13F4	0000	13
		_write8bits    		CODE           	1392	0000	21
		_sendCommand   		CODE           	13E6	0000	15
		_print_long    		CODE           	12F0	0000	53
		_print         		CODE           	10F8	0000	95
		_write         		CODE           	1400	0000	11
		_begin         		CODE           	0F86	0000	167
		_sendData      		CODE           	13D8	0000	15
		_setCursor     		CODE           	1238	0000	67
		_clear         		CODE           	13C8	0000	17
		_pin_setup     		CODE           	13A6	0000	19
		_send          		CODE           	11A8	0000	77
		_home          		CODE           	13B8	0000	17

LiquidCrystal.c estimated size: 649

/Applications/microchip/xc8/v2.20/pic/sources/c99/common/abs.c
		_abs           		CODE           	127A	0000	65

/Applications/microchip/xc8/v2.20/pic/sources/c99/common/abs.c estimated size: 65

/Applications/microchip/xc8/v2.20/pic/sources/c99/common/strncmp.c
		_strncmp       		CODE           	0D1C	0000	223

/Applications/microchip/xc8/v2.20/pic/sources/c99/common/strncmp.c estimated size: 223

/Applications/microchip/xc8/v2.20/pic/sources/c99/common/aodiv.c
		___aodiv       		CODE           	0A30	0000	393

/Applications/microchip/xc8/v2.20/pic/sources/c99/common/aodiv.c estimated size: 393

/Applications/microchip/xc8/v2.20/pic/sources/c99/common/nf_fputs.c
		_fputs         		CODE           	11F4	0000	69

/Applications/microchip/xc8/v2.20/pic/sources/c99/common/nf_fputs.c estimated size: 69

shared
		__initialization		CODE           	1324	0000	37

shared estimated size: 37

/Applications/microchip/xc8/v2.20/pic/sources/c99/common/Umul32.c
		___lmul        		CODE           	102C	0000	107

/Applications/microchip/xc8/v2.20/pic/sources/c99/common/Umul32.c estimated size: 107

/Applications/microchip/xc8/v2.20/pic/sources/c99/common/strlen.c
		_strlen        		CODE           	12BA	0000	55

/Applications/microchip/xc8/v2.20/pic/sources/c99/common/strlen.c estimated size: 55

