Microchip MPLAB XC8 Compiler V2.20

Linker command line:

-W-3 --edf=/Applications/microchip/xc8/v2.20/pic/dat/en_msgs.txt -cn \
  -h+dist/default/production/Lab12.production.sym \
  --cmf=dist/default/production/Lab12.production.cmf -z -Q18F4321 \
  -o/tmp/xc85RSvnt --defsym=__MPLAB_BUILD=1 \
  -Mdist/default/production/Lab12.production.map -E1 -ver=XC8 Compiler \
  --acfsm=1493 -ASTACK=080h-01FFh -pstack=STACK -ACODE=00h-01FFFh \
  -ACONST=00h-01FFFh -ASMALLCONST=0200h-02FFhx30 -AMEDIUMCONST=0200h-01FFFh \
  -ACOMRAM=01h-07Fh -AABS1=00h-01FFh -ABIGRAM=01h-01FFh \
  -ARAM=080h-0FFh,0100h-01FFh -ABANK0=080h-0FFh -ABANK1=0100h-01FFh \
  -ASFR=0F80h-0FFFh -ACONFIG=0300000h-030000Dh -AIDLOC=0200000h-0200007h \
  -preset_vec=00h,intcode=08h,intcodelo,powerup,init -pramtop=0200h \
  -psmallconst=SMALLCONST -pmediumconst=MEDIUMCONST -pconst=CONST \
  -AFARRAM=00h-00h -AEEDATA=0F00000h-0F000FFh -peeprom_data=EEDATA \
  -prdata=COMRAM,nvrram=COMRAM,nvbit=COMRAM,rbss=COMRAM,rbit=COMRAM \
  -pfarbss=FARRAM,fardata=FARRAM,nvFARRAM=FARRAM \
  -pintsave_regs=BIGRAM,bigbss=BIGRAM,bigdata=BIGRAM -pbss=RAM \
  -pidata=CODE,irdata=CODE,ibigdata=CODE,ifardata=CODE -prparam=COMRAM \
  /tmp/xcTpf2f9y.o dist/default/production/Lab12.production.o 

Object code version is 3.11

Machine type is 18F4321



                Name                               Link     Load   Length Selector   Space Scale
/tmp/xcTpf2f9y.o
                idloc                            200000   200000        8        0       5
                config                           300000   300000        E        0       4
                init                                 C8       C8        4        4       0
                reset_vec                             0        0        4        0       0
dist/default/production/Lab12.production.o
                intcode                               8        8       C0        4       0
                idloc                            200000   200000        8        0       5
                config                           300000   300000        E        0       4
                temp                                 4F       4F        1        1       1
                text5                               4F6      4F6      39A        4       0
                text4                                CC       CC      42A        4       0
                text3                               A44      A44      106        4       0
                text2                               890      890      1B4        4       0
                text0                               B4A      B4A       44        4       0
                cstackCOMRAM                          1        1       4E        1       1
                cinit                               B8E      B8E        A        4       0

TOTAL           Name                               Link     Load   Length     Space
        CLASS   STACK          

        CLASS   CODE           
                intcode                               8        8       C0         0
                init                                 C8       C8        4         0
                reset_vec                             0        0        4         0
                text5                               4F6      4F6      39A         0
                text4                                CC       CC      42A         0
                text3                               A44      A44      106         0
                text2                               890      890      1B4         0
                text0                               B4A      B4A       44         0
                cinit                               B8E      B8E        A         0

        CLASS   CONST          

        CLASS   SMALLCONST     

        CLASS   MEDIUMCONST    

        CLASS   COMRAM         
                temp                                 4F       4F        1         1
                cstackCOMRAM                          1        1       4E         1

        CLASS   ABS1           

        CLASS   BIGRAM         

        CLASS   RAM            

        CLASS   BANK0          

        CLASS   BANK1          

        CLASS   SFR            

        CLASS   CONFIG         
                config                           300000   300000        E         4

        CLASS   IDLOC          
                idloc                            200000   200000        8         5

        CLASS   FARRAM         

        CLASS   EEDATA         



SEGMENTS        Name                           Load    Length   Top    Selector   Space  Class

                reset_vec                      000000  000004  000004         0       0  CODE    
                cstackCOMRAM                   000001  00004F  000050         1       1  COMRAM  
                intcode                        000008  000B90  000B98         4       0  CODE    


UNUSED ADDRESS RANGES

        Name                Unused          Largest block    Delta
        BANK0            000080-0000FF               80
        BANK1            000100-0001FF              100
        BIGRAM           000050-0001FF              1B0
        CODE             000004-000007                4
                         000B98-001FFF             1468
        COMRAM           000050-00007F               30
        CONST            000004-000007                4
                         000B98-001FFF             1468
        EEDATA           F00000-F000FF              100
        MEDIUMCONST      000B98-001FFF             1468
        RAM              000080-0001FF               80
        SFR              000F80-000FFF               80
        SMALLCONST       000B98-001FFF              100
        STACK            000080-0001FF              180

                                  Symbol Table

?___fldiv                cstackCOMRAM 000028
?___flmul                cstackCOMRAM 00000F
?___fltol                cstackCOMRAM 000041
?___xxtofl               cstackCOMRAM 000001
_ADCON0bits              (abs)        000FC2
_ADCON1                  (abs)        000FC1
_ADCON2bits              (abs)        000FC0
_ADRESH                  (abs)        000FC4
_ADRESL                  (abs)        000FC3
_CCP2CONbits             (abs)        000FBA
_CCPR2L                  (abs)        000FBB
_INTCONbits              (abs)        000FF2
_IPR1bits                (abs)        000F9F
_ISR                     intcode      000008
_PIE1bits                (abs)        000F9D
_PIR1bits                (abs)        000F9E
_PR2                     (abs)        000FCB
_RCONbits                (abs)        000FD0
_T2CONbits               (abs)        000FCA
_TRISAbits               (abs)        000F92
_TRISCbits               (abs)        000F94
__HRAM                   (abs)        000000
__Habs1                  abs1         000000
__Hbank0                 bank0        000000
__Hbank1                 bank1        000000
__Hbigbss                bigbss       000000
__Hbigdata               bigdata      000000
__Hbigram                bigram       000000
__Hbss                   bss          000000
__Hcinit                 cinit        000000
__Hclrtext               clrtext      000000
__Hcomram                comram       000000
__Hconfig                config       30000E
__Hconst                 const        000000
__HcstackBANK0           cstackBANK0  000000
__HcstackCOMRAM          cstackCOMRAM 000000
__Hdata                  data         000000
__Heeprom_data           eeprom_data  000000
__Hfarbss                farbss       000000
__Hfardata               fardata      000000
__Hibigdata              ibigdata     000000
__Hidata                 idata        000000
__Hidloc                 idloc        200008
__Hifardata              ifardata     000000
__Hinit                  init         0000CC
__Hintcode               intcode      0000C8
__Hintcode_body          intcode_body 000000
__Hintcodelo             intcodelo    0000C8
__Hintentry              intentry     000000
__Hintret                intret       000000
__Hintsave_regs          intsave_regs 000000
__Hirdata                irdata       000000
__Hmediumconst           mediumconst  000000
__HnvFARRAM              nvFARRAM     000000
__Hnvbit                 nvbit        000000
__Hnvrram                nvrram       000000
__Hparam                 rparam       000000
__Hpowerup               powerup      0000C8
__Hram                   ram          000000
__Hramtop                ramtop       000200
__Hrbit                  rbit         000000
__Hrbss                  rbss         000000
__Hrdata                 rdata        000000
__Hreset_vec             reset_vec    000004
__Hrparam                rparam       000000
__Hsfr                   sfr          000000
__Hsmallconst            smallconst   000000
__Hspace_0               (abs)        000B98
__Hspace_1               (abs)        000050
__Hspace_2               (abs)        000000
__Hspace_4               (abs)        60000E
__Hstack                 stack        000000
__Hstruct                struct       000000
__Htemp                  temp         000050
__Htext                  text         000000
__Htext0                 text0        000000
__Htext2                 text2        000000
__Htext3                 text3        000000
__Htext4                 text4        000000
__Htext5                 text5        000000
__LRAM                   (abs)        000001
__Labs1                  abs1         000000
__Lbank0                 bank0        000000
__Lbank1                 bank1        000000
__Lbigbss                bigbss       000000
__Lbigdata               bigdata      000000
__Lbigram                bigram       000000
__Lbss                   bss          000000
__Lcinit                 cinit        000000
__Lclrtext               clrtext      000000
__Lcomram                comram       000000
__Lconfig                config       000000
__Lconst                 const        000000
__LcstackBANK0           cstackBANK0  000000
__LcstackCOMRAM          cstackCOMRAM 000000
__Ldata                  data         000000
__Leeprom_data           eeprom_data  000000
__Lfarbss                farbss       000000
__Lfardata               fardata      000000
__Libigdata              ibigdata     000000
__Lidata                 idata        000000
__Lidloc                 idloc        000000
__Lifardata              ifardata     000000
__Linit                  init         0000C8
__Lintcode               intcode      000008
__Lintcode_body          intcode_body 000000
__Lintcodelo             intcodelo    0000C8
__Lintentry              intentry     000000
__Lintret                intret       000000
__Lintsave_regs          intsave_regs 000000
__Lirdata                irdata       000000
__Lmediumconst           mediumconst  000000
__LnvFARRAM              nvFARRAM     000000
__Lnvbit                 nvbit        000000
__Lnvrram                nvrram       000000
__Lparam                 rparam       000000
__Lpowerup               powerup      0000C8
__Lram                   ram          000000
__Lramtop                ramtop       000200
__Lrbit                  rbit         000000
__Lrbss                  rbss         000000
__Lrdata                 rdata        000000
__Lreset_vec             reset_vec    000000
__Lrparam                rparam       000000
__Lsfr                   sfr          000000
__Lsmallconst            smallconst   000000
__Lspace_0               (abs)        000000
__Lspace_1               (abs)        000000
__Lspace_2               (abs)        000000
__Lspace_4               (abs)        000000
__Lstack                 stack        000000
__Lstruct                struct       000000
__Ltemp                  temp         00004F
__Ltext                  text         000000
__Ltext0                 text0        000000
__Ltext2                 text2        000000
__Ltext3                 text3        000000
__Ltext4                 text4        000000
__Ltext5                 text5        000000
__S0                     (abs)        000B98
__S1                     (abs)        000050
__S2                     (abs)        000000
__S4                     (abs)        000000
__S5                     (abs)        000000
___fldiv                 text5        0004F6
___fldiv@a               cstackCOMRAM 00002C
___fldiv@aexp            cstackCOMRAM 000040
___fldiv@b               cstackCOMRAM 000028
___fldiv@bexp            cstackCOMRAM 00003F
___fldiv@grs             cstackCOMRAM 00003B
___fldiv@new_exp         cstackCOMRAM 000039
___fldiv@rem             cstackCOMRAM 000034
___fldiv@sign            cstackCOMRAM 000038
___flmul                 text4        0000CC
___flmul@a               cstackCOMRAM 000013
___flmul@aexp            cstackCOMRAM 000020
___flmul@b               cstackCOMRAM 00000F
___flmul@bexp            cstackCOMRAM 000021
___flmul@grs             cstackCOMRAM 00001C
___flmul@prod            cstackCOMRAM 000022
___flmul@sign            cstackCOMRAM 00001B
___flmul@temp            cstackCOMRAM 000026
___fltol                 text3        000A44
___fltol@exp1            cstackCOMRAM 00004A
___fltol@f1              cstackCOMRAM 000041
___fltol@sign1           cstackCOMRAM 000049
___inthi_sp              stack        000000
___intlo_sp              stack        000000
___param_bank            (abs)        000000
___rparam_used           (abs)        000001
___sp                    stack        000000
___xxtofl                text2        000890
___xxtofl@arg            cstackCOMRAM 00000B
___xxtofl@exp            cstackCOMRAM 00000A
___xxtofl@sign           cstackCOMRAM 000009
___xxtofl@val            cstackCOMRAM 000001
__accesstop              (abs)        000080
__activetblptr           (abs)        000000
__end_of_ISR             intcode      0000C8
__end_of___fldiv         text5        000890
__end_of___flmul         text4        0004F6
__end_of___fltol         text3        000B4A
__end_of___xxtofl        text2        000A44
__end_of__initialization cinit        000B8E
__end_of_main            text0        000B8E
__initialization         cinit        000B8E
__mediumconst            mediumconst  000000
__pcinit                 cinit        000B8E
__pcstackBANK0           cstackBANK0  000000
__pcstackCOMRAM          cstackCOMRAM 000001
__pintcode               intcode      000008
__ptext0                 text0        000B4A
__ptext2                 text2        000890
__ptext3                 text3        000A44
__ptext4                 text4        0000CC
__ptext5                 text5        0004F6
__ramtop                 ramtop       000200
__size_of_ISR            (abs)        000000
__size_of___fldiv        (abs)        000000
__size_of___flmul        (abs)        000000
__size_of___fltol        (abs)        000000
__size_of___xxtofl       (abs)        000000
__size_of_main           (abs)        000000
__smallconst             smallconst   000000
_main                    text0        000B4A
btemp                    temp         00004F
end_of_initialization    cinit        000B8E
int$flags                temp         00004F
intlevel0                text         000000
intlevel1                text         000000
intlevel2                text         000000
intlevel3                text         000000
stackhi                  (abs)        0001FF
stacklo                  (abs)        000080
start                    init         0000C8
start_initialization     cinit        000B8E
ttemp5                   temp         000050
ttemp6                   temp         000053
ttemp7                   temp         000057
wtemp8                   temp         000050


FUNCTION INFORMATION:

 *************** function _main *****************
 Defined at:
		line 16 in file "fancontrol.c"
 Parameters:    Size  Location     Type
		None
 Auto vars:     Size  Location     Type
		None
 Return value:  Size  Location     Type
                  2   36[None  ] int 
 Registers used:
		wreg, status,2
 Tracked objects:
		On entry : 
		On exit  : 
		Unchanged: 
 Data sizes:     COMRAM   BANK0   BANK1
      Params:         0       0       0
      Locals:         0       0       0
      Temps:          0       0       0
      Totals:         0       0       0
Total ram usage:        0 bytes
 Hardware stack levels required when called:    2
 This function calls:
		Nothing
 This function is called by:
		Startup code after reset
 This function uses a non-reentrant model


 *************** function _ISR *****************
 Defined at:
		line 76 in file "fancontrol.c"
 Parameters:    Size  Location     Type
		None
 Auto vars:     Size  Location     Type
		None
 Return value:  Size  Location     Type
                  1    wreg      void 
 Registers used:
		wreg, status,2, status,0, prodl, prodh, cstack
 Tracked objects:
		On entry : 
		On exit  : 
		Unchanged: 
 Data sizes:     COMRAM   BANK0   BANK1
      Params:         0       0       0
      Locals:         0       0       0
      Temps:          4       0       0
      Totals:         4       0       0
Total ram usage:        4 bytes
 Hardware stack levels used:    1
 Hardware stack levels required when called:    1
 This function calls:
		___fldiv
		___flmul
		___fltol
		___xxtofl
 This function is called by:
		Interrupt level 2
 This function uses a non-reentrant model


 *************** function ___xxtofl *****************
 Defined at:
		line 10 in file "/Applications/microchip/xc8/v2.20/pic/sources/c99/common/xxtofl.c"
 Parameters:    Size  Location     Type
  sign            1    wreg     unsigned char 
  val             4    0[COMRAM] long 
 Auto vars:     Size  Location     Type
  sign            1    8[COMRAM] unsigned char 
  arg             4   10[COMRAM] unsigned long 
  exp             1    9[COMRAM] unsigned char 
 Return value:  Size  Location     Type
                  4    0[COMRAM] unsigned char 
 Registers used:
		wreg, status,2, status,0
 Tracked objects:
		On entry : 
		On exit  : 
		Unchanged: 
 Data sizes:     COMRAM   BANK0   BANK1
      Params:         4       0       0
      Locals:         6       0       0
      Temps:          4       0       0
      Totals:        14       0       0
Total ram usage:       14 bytes
 Hardware stack levels used:    1
 This function calls:
		Nothing
 This function is called by:
		_ISR
 This function uses a non-reentrant model


 *************** function ___fltol *****************
 Defined at:
		line 43 in file "/Applications/microchip/xc8/v2.20/pic/sources/c99/common/fltol.c"
 Parameters:    Size  Location     Type
  f1              4   64[COMRAM] unsigned char 
 Auto vars:     Size  Location     Type
  exp1            1   73[COMRAM] unsigned char 
  sign1           1   72[COMRAM] unsigned char 
 Return value:  Size  Location     Type
                  4   64[COMRAM] long 
 Registers used:
		wreg, status,2, status,0
 Tracked objects:
		On entry : 
		On exit  : 
		Unchanged: 
 Data sizes:     COMRAM   BANK0   BANK1
      Params:         4       0       0
      Locals:         2       0       0
      Temps:          4       0       0
      Totals:        10       0       0
Total ram usage:       10 bytes
 Hardware stack levels used:    1
 This function calls:
		Nothing
 This function is called by:
		_ISR
 This function uses a non-reentrant model


 *************** function ___flmul *****************
 Defined at:
		line 8 in file "/Applications/microchip/xc8/v2.20/pic/sources/c99/common/sprcmul.c"
 Parameters:    Size  Location     Type
  b               4   14[COMRAM] long 
  a               4   18[COMRAM] long 
 Auto vars:     Size  Location     Type
  prod            4   33[COMRAM] struct .
  grs             4   27[COMRAM] unsigned long 
  temp            2   37[COMRAM] struct .
  bexp            1   32[COMRAM] unsigned char 
  aexp            1   31[COMRAM] unsigned char 
  sign            1   26[COMRAM] unsigned char 
 Return value:  Size  Location     Type
                  4   14[COMRAM] unsigned char 
 Registers used:
		wreg, status,2, status,0, prodl, prodh
 Tracked objects:
		On entry : 
		On exit  : 
		Unchanged: 
 Data sizes:     COMRAM   BANK0   BANK1
      Params:         8       0       0
      Locals:        13       0       0
      Temps:          4       0       0
      Totals:        25       0       0
Total ram usage:       25 bytes
 Hardware stack levels used:    1
 This function calls:
		Nothing
 This function is called by:
		_ISR
 This function uses a non-reentrant model


 *************** function ___fldiv *****************
 Defined at:
		line 11 in file "/Applications/microchip/xc8/v2.20/pic/sources/c99/common/sprcdiv.c"
 Parameters:    Size  Location     Type
  b               4   39[COMRAM] unsigned char 
  a               4   43[COMRAM] unsigned char 
 Auto vars:     Size  Location     Type
  grs             4   58[COMRAM] unsigned long 
  rem             4   51[COMRAM] unsigned long 
  new_exp         2   56[COMRAM] short 
  aexp            1   63[COMRAM] unsigned char 
  bexp            1   62[COMRAM] unsigned char 
  sign            1   55[COMRAM] unsigned char 
 Return value:  Size  Location     Type
                  4   39[COMRAM] unsigned char 
 Registers used:
		wreg, status,2, status,0
 Tracked objects:
		On entry : 
		On exit  : 
		Unchanged: 
 Data sizes:     COMRAM   BANK0   BANK1
      Params:         8       0       0
      Locals:        13       0       0
      Temps:          4       0       0
      Totals:        25       0       0
Total ram usage:       25 bytes
 Hardware stack levels used:    1
 This function calls:
		Nothing
 This function is called by:
		_ISR
 This function uses a non-reentrant model



MODULE INFORMATION

Module		Function		Class		Link	Load	Size
/Applications/microchip/xc8/v2.20/pic/sources/c99/common/sprcmul.c
		___flmul       		CODE           	00CC	0000	1067

/Applications/microchip/xc8/v2.20/pic/sources/c99/common/sprcmul.c estimated size: 1067

/Applications/microchip/xc8/v2.20/pic/sources/c99/common/fltol.c
		___fltol       		CODE           	0A44	0000	263

/Applications/microchip/xc8/v2.20/pic/sources/c99/common/fltol.c estimated size: 263

/Applications/microchip/xc8/v2.20/pic/sources/c99/common/sprcdiv.c
		___fldiv       		CODE           	04F6	0000	923

/Applications/microchip/xc8/v2.20/pic/sources/c99/common/sprcdiv.c estimated size: 923

shared
		__initialization		CODE           	0B8E	0000	1

shared estimated size: 1

fancontrol.c
		_ISR           		CODE           	0008	0000	193
		_main          		CODE           	0B4A	0000	69

fancontrol.c estimated size: 262

/Applications/microchip/xc8/v2.20/pic/sources/c99/common/xxtofl.c
		___xxtofl      		CODE           	0890	0000	437

/Applications/microchip/xc8/v2.20/pic/sources/c99/common/xxtofl.c estimated size: 437

