Microchip MPLAB XC8 Compiler V2.20

Linker command line:

-W-3 --edf=/Applications/microchip/xc8/v2.20/pic/dat/en_msgs.txt -cn \
  -h+dist/default/debug/Lab9.debug.sym \
  --cmf=dist/default/debug/Lab9.debug.cmf -z -Q18F4321 -o/tmp/xcmSsCvRe \
  --defsym=__MPLAB_BUILD=1 -Mdist/default/debug/Lab9.debug.map -E1 \
  -ver=XC8 Compiler --acfsm=1493 -ASTACK=0B2h-01F3h -pstack=STACK \
  -ACODE=00h-01DBFh -ACONST=00h-01DBFh \
  -ASMALLCONST=0200h-02FFhx27,01D00h-01DBFh -AMEDIUMCONST=0200h-01DBFh \
  -ACOMRAM=01h-07Fh -AABS1=00h-01F3h -ABIGRAM=01h-01F3h \
  -ARAM=080h-0FFh,0100h-01F3h -ABANK0=080h-0FFh -ABANK1=0100h-01F3h \
  -ASFR=0F80h-0F9Bh,0F9Dh-0FD3h,0FD5h-0FDAh,0FE0h-0FE2h,0FE8h-0FEAh,0FF0h-0FFCh \
  -ACONFIG=0300000h-030000Dh -AIDLOC=0200000h-0200007h \
  -preset_vec=00h,intcode=08h,intcodelo,powerup,init -pramtop=0200h \
  -psmallconst=SMALLCONST -pmediumconst=MEDIUMCONST -pconst=CONST \
  -AFARRAM=00h-00h -AEEDATA=0F00000h-0F000FFh -peeprom_data=EEDATA \
  -prdata=COMRAM,nvrram=COMRAM,nvbit=COMRAM,rbss=COMRAM,rbit=COMRAM \
  -pfarbss=FARRAM,fardata=FARRAM,nvFARRAM=FARRAM \
  -pintsave_regs=BIGRAM,bigbss=BIGRAM,bigdata=BIGRAM -pbss=RAM \
  -pidata=CODE,irdata=CODE,ibigdata=CODE,ifardata=CODE -prparam=COMRAM \
  /tmp/xc5jp4rn8.o dist/default/debug/Lab9.debug.o 

Object code version is 3.11

Machine type is 18F4321



                Name                               Link     Load   Length Selector   Space Scale
/tmp/xc5jp4rn8.o
                idloc                            200000   200000        8        0       5
                config                           300000   300000        E        0       4
                init                                14A      14A        4        4       0
                reset_vec                             0        0        4        0       0
dist/default/debug/Lab9.debug.o
                intcode                               8        8      142        4       0
                idloc                            200000   200000        8        0       5
                config                           300000   300000        E        0       4
                temp                                 7E       7E        1        1       1
                smallconst                          200      200       84      100       0
                text25                              AFE      AFE      39A      142       0
                text24                              6D4      6D4      42A      142       0
                text23                             17C8     17C8      106      142       0
                text22                             1176     1176      1B4      142       0
                text21                             14DC     14DC      188      142       0
                text20                             1664     1664      164      142       0
                text19                             1C68     1C68       40      142       0
                text18                             1DBE     1DBE        2      142       0
                text17                             18CE     18CE       CA      142       0
                text16                             1C24     1C24       44      142       0
                text15                             1D54     1D54       36      142       0
                text14                             1998     1998       C2      142       0
                text13                              E98      E98      2DE      142       0
                text12                             132A     132A      1B2      142       0
                text11                             1AC4     1AC4       62      142       0
                text10                             1BD6     1BD6       4E      142       0
                text9                              1A5A     1A5A       6A      142       0
                text8                              1CA8     1CA8       3C      142       0
                text7                              1D1C     1D1C       38      142       0
                text6                              1B84     1B84       52      142       0
                text5                              1CE4     1CE4       38      142       0
                text4                              1B26     1B26       5E      142       0
                text3                               284      284      450      142       0
                text2                               14E      14E       32        4       0
                text0                              1D8A     1D8A       34      142       0
                cstackCOMRAM                          1        1       73        1       1
                bssBANK0                             80       80       32       80       1
                bssCOMRAM                            74       74        A        1       1
                cinit                               180      180       2A        4       0

TOTAL           Name                               Link     Load   Length     Space
        CLASS   STACK          

        CLASS   CODE           
                intcode                               8        8      142         0
                init                                14A      14A        4         0
                reset_vec                             0        0        4         0
                text25                              AFE      AFE      39A         0
                text24                              6D4      6D4      42A         0
                text23                             17C8     17C8      106         0
                text22                             1176     1176      1B4         0
                text21                             14DC     14DC      188         0
                text20                             1664     1664      164         0
                text19                             1C68     1C68       40         0
                text18                             1DBE     1DBE        2         0
                text17                             18CE     18CE       CA         0
                text16                             1C24     1C24       44         0
                text15                             1D54     1D54       36         0
                text14                             1998     1998       C2         0
                text13                              E98      E98      2DE         0
                text12                             132A     132A      1B2         0
                text11                             1AC4     1AC4       62         0
                text10                             1BD6     1BD6       4E         0
                text9                              1A5A     1A5A       6A         0
                text8                              1CA8     1CA8       3C         0
                text7                              1D1C     1D1C       38         0
                text6                              1B84     1B84       52         0
                text5                              1CE4     1CE4       38         0
                text4                              1B26     1B26       5E         0
                text3                               284      284      450         0
                text2                               14E      14E       32         0
                text0                              1D8A     1D8A       34         0
                cinit                               180      180       2A         0

        CLASS   CONST          

        CLASS   SMALLCONST     
                smallconst                          200      200       84         0

        CLASS   MEDIUMCONST    

        CLASS   COMRAM         
                temp                                 7E       7E        1         1
                cstackCOMRAM                          1        1       73         1
                bssCOMRAM                            74       74        A         1

        CLASS   ABS1           

        CLASS   BIGRAM         

        CLASS   RAM            

        CLASS   BANK0          
                bssBANK0                             80       80       32         1

        CLASS   BANK1          

        CLASS   SFR            

        CLASS   CONFIG         
                config                           300000   300000        E         4

        CLASS   IDLOC          
                idloc                            200000   200000        8         5

        CLASS   FARRAM         

        CLASS   EEDATA         



SEGMENTS        Name                           Load    Length   Top    Selector   Space  Class

                reset_vec                      000000  000004  000004         0       0  CODE    
                text3                          000284  001B3C  001DC0       142       0  CODE    
                cstackCOMRAM                   000001  00007E  00007F         1       1  COMRAM  
                bssBANK0                       000080  000032  0000B2        80       1  BANK0   
                intcode                        000008  0001A2  0001AA         4       0  CODE    
                smallconst                     000200  000084  000284       100       0  SMALLCON


UNUSED ADDRESS RANGES

        Name                Unused          Largest block    Delta
        BANK0            0000B2-0000FF               4E
        BANK1            000100-0001F3               F4
        BIGRAM           00007F-00007F                1
                         0000B2-0001F3              142
        CODE             000004-000007                4
                         0001AA-0001FF               56
        COMRAM           00007F-00007F                1
        CONST            000004-000007                4
                         0001AA-0001FF               56
        EEDATA           F00000-F000FF              100
        RAM              0000B2-0001F3               4E
        SFR              000F80-000F9B               1C
                         000F9D-000FD3               37
                         000FD5-000FDA                6
                         000FE0-000FE2                3
                         000FE8-000FEA                3
                         000FF0-000FFC                D
        STACK            0000B2-0001F3              142

                                  Symbol Table

?___aodiv                 cstackCOMRAM 000001
?___aomod                 cstackCOMRAM 000001
?___fldiv                 cstackCOMRAM 00000F
?___flmul                 cstackCOMRAM 000028
?___fltol                 cstackCOMRAM 000041
?___lmul                  cstackCOMRAM 000001
?___strtoxl               cstackCOMRAM 00000F
?___xxtofl                cstackCOMRAM 000001
?_abs                     cstackCOMRAM 000013
?_dtoa                    cstackCOMRAM 00001C
?_isalpha                 cstackCOMRAM 000001
?_isdigit                 cstackCOMRAM 000001
?_islower                 cstackCOMRAM 000001
?_isspace                 cstackCOMRAM 000001
?_pad                     cstackCOMRAM 000011
?_sprintf                 cstackCOMRAM 000058
?_strlen                  cstackCOMRAM 000001
?_strtol                  cstackCOMRAM 000033
?_toupper                 cstackCOMRAM 000007
?_vfpfcnvrt               cstackCOMRAM 000040
?_vfprintf                cstackCOMRAM 000050
_ADCON0bits               (abs)        000FC2
_ADCON1                   (abs)        000FC1
_ADCON2bits               (abs)        000FC0
_ADRESH                   (abs)        000FC4
_ADRESL                   (abs)        000FC3
_INTCONbits               (abs)        000FF2
_IPR1bits                 (abs)        000F9F
_PIE1bits                 (abs)        000F9D
_PIR1bits                 (abs)        000F9E
_PORTD                    (abs)        000F83
_RCONbits                 (abs)        000FD0
_TRISAbits                (abs)        000F92
_TRISD                    (abs)        000F95
__HRAM                    (abs)        000000
__Habs1                   abs1         000000
__Hbank0                  bank0        000000
__Hbank1                  bank1        000000
__Hbigbss                 bigbss       000000
__Hbigdata                bigdata      000000
__Hbigram                 bigram       000000
__Hbss                    bss          000000
__HbssBANK0               bssBANK0     000000
__HbssCOMRAM              bssCOMRAM    000000
__Hcinit                  cinit        000000
__Hclrtext                clrtext      000000
__Hcomram                 comram       000000
__Hconfig                 config       30000E
__Hconst                  const        000000
__HcstackBANK0            cstackBANK0  000000
__HcstackCOMRAM           cstackCOMRAM 000000
__Hdata                   data         000000
__Heeprom_data            eeprom_data  000000
__Hfarbss                 farbss       000000
__Hfardata                fardata      000000
__Hibigdata               ibigdata     000000
__Hidata                  idata        000000
__Hidloc                  idloc        200008
__Hifardata               ifardata     000000
__Hinit                   init         00014E
__Hintcode                intcode      00014A
__Hintcode_body           intcode_body 000000
__Hintcodelo              intcodelo    00014A
__Hintentry               intentry     000000
__Hintret                 intret       000000
__Hintsave_regs           intsave_regs 000000
__Hirdata                 irdata       000000
__Hmediumconst            mediumconst  000000
__HnvFARRAM               nvFARRAM     000000
__Hnvbit                  nvbit        000000
__Hnvrram                 nvrram       000000
__Hparam                  rparam       000000
__Hpowerup                powerup      00014A
__Hram                    ram          000000
__Hramtop                 ramtop       000200
__Hrbit                   rbit         000000
__Hrbss                   rbss         000000
__Hrdata                  rdata        000000
__Hreset_vec              reset_vec    000004
__Hrparam                 rparam       000000
__Hsfr                    sfr          000000
__Hsmallconst             smallconst   000284
__Hspace_0                (abs)        001DC0
__Hspace_1                (abs)        0000B2
__Hspace_2                (abs)        000000
__Hspace_4                (abs)        60000E
__Hstack                  stack        000000
__Hstruct                 struct       000000
__Htemp                   temp         00007F
__Htext                   text         000000
__Htext0                  text0        000000
__Htext10                 text10       000000
__Htext11                 text11       000000
__Htext12                 text12       000000
__Htext13                 text13       000000
__Htext14                 text14       000000
__Htext15                 text15       000000
__Htext16                 text16       000000
__Htext17                 text17       000000
__Htext18                 text18       000000
__Htext19                 text19       000000
__Htext2                  text2        000000
__Htext20                 text20       000000
__Htext21                 text21       000000
__Htext22                 text22       000000
__Htext23                 text23       000000
__Htext24                 text24       000000
__Htext25                 text25       000000
__Htext3                  text3        000000
__Htext4                  text4        000000
__Htext5                  text5        000000
__Htext6                  text6        000000
__Htext7                  text7        000000
__Htext8                  text8        000000
__Htext9                  text9        000000
__LRAM                    (abs)        000001
__Labs1                   abs1         000000
__Lbank0                  bank0        000000
__Lbank1                  bank1        000000
__Lbigbss                 bigbss       000000
__Lbigdata                bigdata      000000
__Lbigram                 bigram       000000
__Lbss                    bss          000000
__LbssBANK0               bssBANK0     000000
__LbssCOMRAM              bssCOMRAM    000000
__Lcinit                  cinit        000000
__Lclrtext                clrtext      000000
__Lcomram                 comram       000000
__Lconfig                 config       000000
__Lconst                  const        000000
__LcstackBANK0            cstackBANK0  000000
__LcstackCOMRAM           cstackCOMRAM 000000
__Ldata                   data         000000
__Leeprom_data            eeprom_data  000000
__Lfarbss                 farbss       000000
__Lfardata                fardata      000000
__Libigdata               ibigdata     000000
__Lidata                  idata        000000
__Lidloc                  idloc        000000
__Lifardata               ifardata     000000
__Linit                   init         00014A
__Lintcode                intcode      000008
__Lintcode_body           intcode_body 000000
__Lintcodelo              intcodelo    00014A
__Lintentry               intentry     000000
__Lintret                 intret       000000
__Lintsave_regs           intsave_regs 000000
__Lirdata                 irdata       000000
__Lmediumconst            mediumconst  000000
__LnvFARRAM               nvFARRAM     000000
__Lnvbit                  nvbit        000000
__Lnvrram                 nvrram       000000
__Lparam                  rparam       000000
__Lpowerup                powerup      00014A
__Lram                    ram          000000
__Lramtop                 ramtop       000200
__Lrbit                   rbit         000000
__Lrbss                   rbss         000000
__Lrdata                  rdata        000000
__Lreset_vec              reset_vec    000000
__Lrparam                 rparam       000000
__Lsfr                    sfr          000000
__Lsmallconst             smallconst   000200
__Lspace_0                (abs)        000000
__Lspace_1                (abs)        000000
__Lspace_2                (abs)        000000
__Lspace_4                (abs)        000000
__Lstack                  stack        000000
__Lstruct                 struct       000000
__Ltemp                   temp         00007E
__Ltext                   text         000000
__Ltext0                  text0        000000
__Ltext10                 text10       000000
__Ltext11                 text11       000000
__Ltext12                 text12       000000
__Ltext13                 text13       000000
__Ltext14                 text14       000000
__Ltext15                 text15       000000
__Ltext16                 text16       000000
__Ltext17                 text17       000000
__Ltext18                 text18       000000
__Ltext19                 text19       000000
__Ltext2                  text2        000000
__Ltext20                 text20       000000
__Ltext21                 text21       000000
__Ltext22                 text22       000000
__Ltext23                 text23       000000
__Ltext24                 text24       000000
__Ltext25                 text25       000000
__Ltext3                  text3        000000
__Ltext4                  text4        000000
__Ltext5                  text5        000000
__Ltext6                  text6        000000
__Ltext7                  text7        000000
__Ltext8                  text8        000000
__Ltext9                  text9        000000
__S0                      (abs)        001DC0
__S1                      (abs)        0000B2
__S2                      (abs)        000000
__S4                      (abs)        000000
__S5                      (abs)        000000
___aodiv                  text21       0014DC
___aodiv@counter          cstackCOMRAM 000011
___aodiv@dividend         cstackCOMRAM 000001
___aodiv@divisor          cstackCOMRAM 000009
___aodiv@quotient         cstackCOMRAM 000013
___aodiv@sign             cstackCOMRAM 000012
___aomod                  text20       001664
___aomod@counter          cstackCOMRAM 000011
___aomod@dividend         cstackCOMRAM 000001
___aomod@divisor          cstackCOMRAM 000009
___aomod@sign             cstackCOMRAM 000012
___fldiv                  text25       000AFE
___fldiv@a                cstackCOMRAM 000013
___fldiv@aexp             cstackCOMRAM 000027
___fldiv@b                cstackCOMRAM 00000F
___fldiv@bexp             cstackCOMRAM 000026
___fldiv@grs              cstackCOMRAM 000022
___fldiv@new_exp          cstackCOMRAM 000020
___fldiv@rem              cstackCOMRAM 00001B
___fldiv@sign             cstackCOMRAM 00001F
___flmul                  text24       0006D4
___flmul@a                cstackCOMRAM 00002C
___flmul@aexp             cstackCOMRAM 000039
___flmul@b                cstackCOMRAM 000028
___flmul@bexp             cstackCOMRAM 00003A
___flmul@grs              cstackCOMRAM 000035
___flmul@prod             cstackCOMRAM 00003B
___flmul@sign             cstackCOMRAM 000034
___flmul@temp             cstackCOMRAM 00003F
___fltol                  text23       0017C8
___fltol@exp1             cstackCOMRAM 00004A
___fltol@f1               cstackCOMRAM 000041
___fltol@sign1            cstackCOMRAM 000049
___inthi_sp               stack        000000
___intlo_sp               stack        000000
___lmul                   text9        001A5A
___lmul@multiplicand      cstackCOMRAM 000005
___lmul@multiplier        cstackCOMRAM 000001
___lmul@product           cstackCOMRAM 000009
___param_bank             (abs)        000000
___rparam_used            (abs)        000001
___sp                     stack        000000
___strtoxl                text3        000284
___strtoxl$1226           cstackCOMRAM 00001E
___strtoxl$1227           cstackCOMRAM 000024
___strtoxl$1228           cstackCOMRAM 000020
___strtoxl$1229           cstackCOMRAM 000022
___strtoxl@a              cstackCOMRAM 00002C
___strtoxl@base           cstackCOMRAM 000013
___strtoxl@c              cstackCOMRAM 000032
___strtoxl@conv_done      cstackCOMRAM 000025
___strtoxl@cp             cstackCOMRAM 000030
___strtoxl@endptr         cstackCOMRAM 000011
___strtoxl@is_signed      cstackCOMRAM 000015
___strtoxl@limit          cstackCOMRAM 000026
___strtoxl@prev_a         cstackCOMRAM 00001A
___strtoxl@s              cstackCOMRAM 00000F
___strtoxl@sign           cstackCOMRAM 00002A
___strtoxl@skip           cstackCOMRAM 00002B
___xxtofl                 text22       001176
___xxtofl@arg             cstackCOMRAM 00000B
___xxtofl@exp             cstackCOMRAM 00000A
___xxtofl@sign            cstackCOMRAM 000009
___xxtofl@val             cstackCOMRAM 000001
__accesstop               (abs)        000080
__activetblptr            (abs)        000001
__end_of_L1               smallconst   00025D
__end_of_L2               smallconst   000259
__end_of_L3               smallconst   000255
__end_of_L4               smallconst   000251
__end_of_L5               smallconst   00024D
__end_of_L6               smallconst   000249
__end_of_P1               smallconst   000245
__end_of_P2               smallconst   000241
__end_of_P3               smallconst   00023D
__end_of_P4               smallconst   000239
__end_of_P5               smallconst   000235
__end_of___aodiv          text21       001664
__end_of___aomod          text20       0017C8
__end_of___fldiv          text25       000E98
__end_of___flmul          text24       000AFE
__end_of___fltol          text23       0018CE
__end_of___lmul           text9        001AC4
__end_of___strtoxl        text3        0006D4
__end_of___xxtofl         text22       00132A
__end_of__initialization  cinit        000198
__end_of_abs              text19       001CA8
__end_of_adc_sample       intcode      00014A
__end_of_bp               smallconst   000271
__end_of_cp               smallconst   000221
__end_of_cp_h             smallconst   00027D
__end_of_cp_l             smallconst   000279
__end_of_dp_h             smallconst   000211
__end_of_dp_l             smallconst   000209
__end_of_dtoa             text13       001176
__end_of_fputc            text17       001998
__end_of_fputs            text16       001C68
__end_of_huge             smallconst   000265
__end_of_isalpha          text8        001CE4
__end_of_isdigit          text7        001D54
__end_of_islower          text5        001D1C
__end_of_isspace          text6        001BD6
__end_of_ivln2            smallconst   00021D
__end_of_ivln2_h          smallconst   000275
__end_of_ivln2_l          smallconst   000219
__end_of_lg2              smallconst   000231
__end_of_lg2_h            smallconst   00022D
__end_of_lg2_l            smallconst   000229
__end_of_main             text0        001DBE
__end_of_ovt              smallconst   000225
__end_of_pad              text14       001A5A
__end_of_putch            text18       001DC0
__end_of_sprintf          text10       001C24
__end_of_strlen           text15       001D8A
__end_of_strtol           text2        000180
__end_of_tiny             smallconst   000261
__end_of_tiny@sqrtf$F1150 smallconst   000215
__end_of_toupper          text4        001B84
__end_of_two24            smallconst   000269
__end_of_vfpfcnvrt        text12       0014DC
__end_of_vfprintf         text11       001B26
__initialization          cinit        000180
__mediumconst             mediumconst  000000
__pbssBANK0               bssBANK0     000080
__pbssCOMRAM              bssCOMRAM    000074
__pcinit                  cinit        000180
__pcstackBANK0            cstackBANK0  000000
__pcstackCOMRAM           cstackCOMRAM 000001
__pintcode                intcode      000008
__psmallconst             smallconst   000200
__ptext0                  text0        001D8A
__ptext10                 text10       001BD6
__ptext11                 text11       001AC4
__ptext12                 text12       00132A
__ptext13                 text13       000E98
__ptext14                 text14       001998
__ptext15                 text15       001D54
__ptext16                 text16       001C24
__ptext17                 text17       0018CE
__ptext18                 text18       001DBE
__ptext19                 text19       001C68
__ptext2                  text2        00014E
__ptext20                 text20       001664
__ptext21                 text21       0014DC
__ptext22                 text22       001176
__ptext23                 text23       0017C8
__ptext24                 text24       0006D4
__ptext25                 text25       000AFE
__ptext3                  text3        000284
__ptext4                  text4        001B26
__ptext5                  text5        001CE4
__ptext6                  text6        001B84
__ptext7                  text7        001D1C
__ptext8                  text8        001CA8
__ptext9                  text9        001A5A
__ramtop                  ramtop       000200
__size_of___aodiv         (abs)        000000
__size_of___aomod         (abs)        000000
__size_of___fldiv         (abs)        000000
__size_of___flmul         (abs)        000000
__size_of___fltol         (abs)        000000
__size_of___lmul          (abs)        000000
__size_of___strtoxl       (abs)        000000
__size_of___xxtofl        (abs)        000000
__size_of_abs             (abs)        000000
__size_of_adc_sample      (abs)        000000
__size_of_dtoa            (abs)        000000
__size_of_fputc           (abs)        000000
__size_of_fputs           (abs)        000000
__size_of_isalpha         (abs)        000000
__size_of_isdigit         (abs)        000000
__size_of_islower         (abs)        000000
__size_of_isspace         (abs)        000000
__size_of_main            (abs)        000000
__size_of_pad             (abs)        000000
__size_of_putch           (abs)        000000
__size_of_sprintf         (abs)        000000
__size_of_strlen          (abs)        000000
__size_of_strtol          (abs)        000000
__size_of_toupper         (abs)        000000
__size_of_vfpfcnvrt       (abs)        000000
__size_of_vfprintf        (abs)        000000
__smallconst              smallconst   000200
_abs                      text19       001C68
_adc_sample               intcode      000008
_dbuf                     bssBANK0     000088
_dtoa                     text13       000E98
_dtoa$985                 cstackCOMRAM 00002E
_errno                    bssBANK0     000084
_final                    bssBANK0     0000A8
_flags                    bssCOMRAM    000078
_fputc                    text17       0018CE
_fputs                    text16       001C24
_isalpha                  text8        001CA8
_isdigit                  text7        001D1C
_islower                  text5        001CE4
_isspace                  text6        001B84
_isspace$1254             cstackCOMRAM 000007
_main                     text0        001D8A
_nout                     bssBANK0     000086
_num                      bssCOMRAM    00007C
_pad                      text14       001998
_prec                     bssCOMRAM    000076
_putch                    text18       001DBE
_sprintf                  text10       001BD6
_strlen                   text15       001D54
_strtol                   text2        00014E
_toupper                  text4        001B26
_toupper$1269             cstackCOMRAM 00000D
_value                    bssCOMRAM    00007A
_vfpfcnvrt                text12       00132A
_vfprintf                 text11       001AC4
_width                    bssCOMRAM    000074
abs@a                     cstackCOMRAM 000013
btemp                     temp         00007E
dtoa@d                    cstackCOMRAM 00001E
dtoa@fp                   cstackCOMRAM 00001C
dtoa@i                    cstackCOMRAM 00003E
dtoa@n                    cstackCOMRAM 000036
dtoa@p                    cstackCOMRAM 000030
dtoa@s                    cstackCOMRAM 000034
dtoa@w                    cstackCOMRAM 000032
end_of_initialization     cinit        000198
fabsf@F463                bssBANK0     000080
fputc@c                   cstackCOMRAM 000001
fputc@fp                  cstackCOMRAM 000003
fputs@c                   cstackCOMRAM 00000E
fputs@fp                  cstackCOMRAM 00000C
fputs@i                   cstackCOMRAM 00000F
fputs@s                   cstackCOMRAM 00000A
int$flags                 temp         00007E
intlevel0                 text         000000
intlevel1                 text         000000
intlevel2                 text         000000
intlevel3                 text         000000
isalpha@c                 cstackCOMRAM 000001
isdigit@c                 cstackCOMRAM 000001
islower@c                 cstackCOMRAM 000001
isspace@c                 cstackCOMRAM 000001
pad@buf                   cstackCOMRAM 000013
pad@fp                    cstackCOMRAM 000011
pad@i                     cstackCOMRAM 000018
pad@p                     cstackCOMRAM 000015
pad@w                     cstackCOMRAM 00001A
sprintf@ap                cstackCOMRAM 000060
sprintf@f                 cstackCOMRAM 000062
sprintf@fmt               cstackCOMRAM 00005A
sprintf@s                 cstackCOMRAM 000058
stackhi                   (abs)        0001F3
stacklo                   (abs)        0000B2
start                     init         00014A
start_initialization      cinit        000180
strlen@a                  cstackCOMRAM 000003
strlen@s                  cstackCOMRAM 000001
strtol@base               cstackCOMRAM 000037
strtol@endptr             cstackCOMRAM 000035
strtol@s                  cstackCOMRAM 000033
toupper@c                 cstackCOMRAM 000007
ttemp5                    temp         00007F
ttemp6                    temp         000082
ttemp7                    temp         000086
vfpfcnvrt@ap              cstackCOMRAM 000044
vfpfcnvrt@fmt             cstackCOMRAM 000042
vfpfcnvrt@fp              cstackCOMRAM 000040
vfpfcnvrt@ll              cstackCOMRAM 000048
vfprintf@ap               cstackCOMRAM 000054
vfprintf@cfmt             cstackCOMRAM 000056
vfprintf@fmt              cstackCOMRAM 000052
vfprintf@fp               cstackCOMRAM 000050
wtemp8                    temp         00007F


FUNCTION INFORMATION:

 *************** function _main *****************
 Defined at:
		line 48 in file "voltagetest.c"
 Parameters:    Size  Location     Type
		None
 Auto vars:     Size  Location     Type
		None
 Return value:  Size  Location     Type
                  2   51[None  ] int 
 Registers used:
		wreg, status,2
 Tracked objects:
		On entry : 
		On exit  : 
		Unchanged: 
 Data sizes:     COMRAM   BANK0   BANK1
      Params:         0       0       0
      Locals:         0       0       0
      Temps:          0       0       0
      Totals:         0       0       0
Total ram usage:        0 bytes
 Hardware stack levels required when called:    9
 This function calls:
		Nothing
 This function is called by:
		Startup code after reset
 This function uses a non-reentrant model


 *************** function _adc_sample *****************
 Defined at:
		line 100 in file "voltagetest.c"
 Parameters:    Size  Location     Type
		None
 Auto vars:     Size  Location     Type
		None
 Return value:  Size  Location     Type
                  1    wreg      void 
 Registers used:
		wreg, fsr1l, fsr1h, fsr2l, fsr2h, status,2, status,0, tblptrl, tblptrh, tblptru, prodl, prodh, cstack
 Tracked objects:
		On entry : 
		On exit  : 
		Unchanged: 
 Data sizes:     COMRAM   BANK0   BANK1
      Params:         0       0       0
      Locals:         0       0       0
      Temps:         12       0       0
      Totals:        12       0       0
Total ram usage:       12 bytes
 Hardware stack levels used:    1
 Hardware stack levels required when called:    8
 This function calls:
		___fldiv
		___flmul
		___fltol
		___xxtofl
		_sprintf
		_strtol
 This function is called by:
		Interrupt level 2
 This function uses a non-reentrant model


 *************** function _strtol *****************
 Defined at:
		line 4 in file "/Applications/microchip/xc8/v2.20/pic/sources/c99/common/strtol.c"
 Parameters:    Size  Location     Type
  s               2   50[COMRAM] PTR const unsigned char 
		 -> final(10), 
  endptr          2   52[COMRAM] PTR PTR unsigned char 
		 -> NULL(0), 
  base            2   54[COMRAM] int 
 Auto vars:     Size  Location     Type
		None
 Return value:  Size  Location     Type
                  4   50[COMRAM] long 
 Registers used:
		wreg, fsr2l, fsr2h, status,2, status,0, cstack
 Tracked objects:
		On entry : 
		On exit  : 
		Unchanged: 
 Data sizes:     COMRAM   BANK0   BANK1
      Params:         6       0       0
      Locals:         0       0       0
      Temps:          0       0       0
      Totals:         6       0       0
Total ram usage:        6 bytes
 Hardware stack levels used:    1
 Hardware stack levels required when called:    3
 This function calls:
		___strtoxl
 This function is called by:
		_adc_sample
 This function uses a non-reentrant model


 *************** function ___strtoxl *****************
 Defined at:
		line 7 in file "/Applications/microchip/xc8/v2.20/pic/sources/c99/common/__strtoxl.c"
 Parameters:    Size  Location     Type
  s               2   14[COMRAM] PTR const unsigned char 
		 -> final(10), 
  endptr          2   16[COMRAM] PTR PTR unsigned char 
		 -> NULL(0), 
  base            2   18[COMRAM] int 
  is_signed       1   20[COMRAM] unsigned char 
 Auto vars:     Size  Location     Type
  a               4   43[COMRAM] unsigned long 
  limit           4   37[COMRAM] unsigned long 
  prev_a          4   25[COMRAM] unsigned long 
  cp              2   47[COMRAM] PTR const unsigned char 
		 -> final(10), 
  c               1   49[COMRAM] unsigned char 
  skip            1   42[COMRAM] unsigned char 
  sign            1   41[COMRAM] unsigned char 
  conv_done       1   36[COMRAM] unsigned char 
 Return value:  Size  Location     Type
                  4   14[COMRAM] unsigned long 
 Registers used:
		wreg, fsr2l, fsr2h, status,2, status,0, cstack
 Tracked objects:
		On entry : 
		On exit  : 
		Unchanged: 
 Data sizes:     COMRAM   BANK0   BANK1
      Params:         7       0       0
      Locals:        25       0       0
      Temps:          4       0       0
      Totals:        36       0       0
Total ram usage:       36 bytes
 Hardware stack levels used:    1
 Hardware stack levels required when called:    2
 This function calls:
		___lmul
		_isalpha
		_isdigit
		_isspace
		_toupper
 This function is called by:
		_strtol
 This function uses a non-reentrant model


 *************** function _toupper *****************
 Defined at:
		line 4 in file "/Applications/microchip/xc8/v2.20/pic/sources/c99/common/toupper.c"
 Parameters:    Size  Location     Type
  c               2    6[COMRAM] int 
 Auto vars:     Size  Location     Type
		None
 Return value:  Size  Location     Type
                  2    6[COMRAM] int 
 Registers used:
		wreg, status,2, status,0
 Tracked objects:
		On entry : 
		On exit  : 
		Unchanged: 
 Data sizes:     COMRAM   BANK0   BANK1
      Params:         2       0       0
      Locals:         2       0       0
      Temps:          4       0       0
      Totals:         8       0       0
Total ram usage:        8 bytes
 Hardware stack levels used:    1
 Hardware stack levels required when called:    1
 This function calls:
		_islower
 This function is called by:
		___strtoxl
 This function uses a non-reentrant model


 *************** function _islower *****************
 Defined at:
		line 5 in file "/Applications/microchip/xc8/v2.20/pic/sources/c99/common/islower.c"
 Parameters:    Size  Location     Type
  c               2    0[COMRAM] int 
 Auto vars:     Size  Location     Type
		None
 Return value:  Size  Location     Type
                  2    0[COMRAM] int 
 Registers used:
		wreg, status,2, status,0
 Tracked objects:
		On entry : 
		On exit  : 
		Unchanged: 
 Data sizes:     COMRAM   BANK0   BANK1
      Params:         2       0       0
      Locals:         0       0       0
      Temps:          4       0       0
      Totals:         6       0       0
Total ram usage:        6 bytes
 Hardware stack levels used:    1
 This function calls:
		Nothing
 This function is called by:
		_toupper
 This function uses a non-reentrant model


 *************** function _isspace *****************
 Defined at:
		line 5 in file "/Applications/microchip/xc8/v2.20/pic/sources/c99/common/isspace.c"
 Parameters:    Size  Location     Type
  c               2    0[COMRAM] int 
 Auto vars:     Size  Location     Type
		None
 Return value:  Size  Location     Type
                  2    0[COMRAM] int 
 Registers used:
		wreg, status,2, status,0
 Tracked objects:
		On entry : 
		On exit  : 
		Unchanged: 
 Data sizes:     COMRAM   BANK0   BANK1
      Params:         2       0       0
      Locals:         1       0       0
      Temps:          4       0       0
      Totals:         7       0       0
Total ram usage:        7 bytes
 Hardware stack levels used:    1
 This function calls:
		Nothing
 This function is called by:
		___strtoxl
 This function uses a non-reentrant model


 *************** function _isdigit *****************
 Defined at:
		line 5 in file "/Applications/microchip/xc8/v2.20/pic/sources/c99/common/isdigit.c"
 Parameters:    Size  Location     Type
  c               2    0[COMRAM] int 
 Auto vars:     Size  Location     Type
		None
 Return value:  Size  Location     Type
                  2    0[COMRAM] int 
 Registers used:
		wreg, status,2, status,0
 Tracked objects:
		On entry : 
		On exit  : 
		Unchanged: 
 Data sizes:     COMRAM   BANK0   BANK1
      Params:         2       0       0
      Locals:         0       0       0
      Temps:          4       0       0
      Totals:         6       0       0
Total ram usage:        6 bytes
 Hardware stack levels used:    1
 This function calls:
		Nothing
 This function is called by:
		___strtoxl
 This function uses a non-reentrant model


 *************** function _isalpha *****************
 Defined at:
		line 5 in file "/Applications/microchip/xc8/v2.20/pic/sources/c99/common/isalpha.c"
 Parameters:    Size  Location     Type
  c               2    0[COMRAM] int 
 Auto vars:     Size  Location     Type
		None
 Return value:  Size  Location     Type
                  2    0[COMRAM] int 
 Registers used:
		wreg, status,2, status,0
 Tracked objects:
		On entry : 
		On exit  : 
		Unchanged: 
 Data sizes:     COMRAM   BANK0   BANK1
      Params:         2       0       0
      Locals:         0       0       0
      Temps:          4       0       0
      Totals:         6       0       0
Total ram usage:        6 bytes
 Hardware stack levels used:    1
 This function calls:
		Nothing
 This function is called by:
		___strtoxl
 This function uses a non-reentrant model


 *************** function ___lmul *****************
 Defined at:
		line 15 in file "/Applications/microchip/xc8/v2.20/pic/sources/c99/common/Umul32.c"
 Parameters:    Size  Location     Type
  multiplier      4    0[COMRAM] unsigned long 
  multiplicand    4    4[COMRAM] unsigned long 
 Auto vars:     Size  Location     Type
  product         4    8[COMRAM] unsigned long 
 Return value:  Size  Location     Type
                  4    0[COMRAM] unsigned long 
 Registers used:
		wreg, status,2, status,0
 Tracked objects:
		On entry : 
		On exit  : 
		Unchanged: 
 Data sizes:     COMRAM   BANK0   BANK1
      Params:         8       0       0
      Locals:         4       0       0
      Temps:          0       0       0
      Totals:        12       0       0
Total ram usage:       12 bytes
 Hardware stack levels used:    1
 This function calls:
		Nothing
 This function is called by:
		___strtoxl
 This function uses a non-reentrant model


 *************** function _sprintf *****************
 Defined at:
		line 9 in file "/Applications/microchip/xc8/v2.20/pic/sources/c99/common/nf_sprintf.c"
 Parameters:    Size  Location     Type
  s               2   87[COMRAM] PTR unsigned char 
		 -> final(10), 
  fmt             2   89[COMRAM] PTR const unsigned char 
		 -> STR_1(5), 
 Auto vars:     Size  Location     Type
  f               6   97[COMRAM] struct _IO_FILE
  ap              2   95[COMRAM] PTR void [1]
		 -> ?_sprintf(2), 
  ret             2    0        int 
 Return value:  Size  Location     Type
                  2   87[COMRAM] int 
 Registers used:
		wreg, fsr1l, fsr1h, fsr2l, fsr2h, status,2, status,0, tblptrl, tblptrh, tblptru, cstack
 Tracked objects:
		On entry : 
		On exit  : 
		Unchanged: 
 Data sizes:     COMRAM   BANK0   BANK1
      Params:         6       0       0
      Locals:        10       0       0
      Temps:          0       0       0
      Totals:        16       0       0
Total ram usage:       16 bytes
 Hardware stack levels used:    1
 Hardware stack levels required when called:    7
 This function calls:
		_vfprintf
 This function is called by:
		_adc_sample
 This function uses a non-reentrant model


 *************** function _vfprintf *****************
 Defined at:
		line 1368 in file "/Applications/microchip/xc8/v2.20/pic/sources/c99/common/doprnt.c"
 Parameters:    Size  Location     Type
  fp              2   79[COMRAM] PTR struct _IO_FILE
		 -> sprintf@f(6), 
  fmt             2   81[COMRAM] PTR const unsigned char 
		 -> STR_1(5), 
  ap              2   83[COMRAM] PTR PTR void 
		 -> sprintf@ap(2), 
 Auto vars:     Size  Location     Type
  cfmt            2   85[COMRAM] PTR unsigned char 
		 -> STR_1(5), 
 Return value:  Size  Location     Type
                  2   79[COMRAM] int 
 Registers used:
		wreg, fsr1l, fsr1h, fsr2l, fsr2h, status,2, status,0, tblptrl, tblptrh, tblptru, cstack
 Tracked objects:
		On entry : 
		On exit  : 
		Unchanged: 
 Data sizes:     COMRAM   BANK0   BANK1
      Params:         6       0       0
      Locals:         2       0       0
      Temps:          0       0       0
      Totals:         8       0       0
Total ram usage:        8 bytes
 Hardware stack levels used:    1
 Hardware stack levels required when called:    6
 This function calls:
		_vfpfcnvrt
 This function is called by:
		_sprintf
 This function uses a non-reentrant model


 *************** function _vfpfcnvrt *****************
 Defined at:
		line 670 in file "/Applications/microchip/xc8/v2.20/pic/sources/c99/common/doprnt.c"
 Parameters:    Size  Location     Type
  fp              2   63[COMRAM] PTR struct _IO_FILE
		 -> sprintf@f(6), 
  fmt             2   65[COMRAM] PTR PTR unsigned char 
		 -> vfprintf@cfmt(2), 
  ap              2   67[COMRAM] PTR PTR void 
		 -> sprintf@ap(2), 
 Auto vars:     Size  Location     Type
  ll              8   71[COMRAM] long long 
  llu             8    0        unsigned long long 
  f               4    0        unsigned long long 
  vp              3    0        PTR void 
  ct              3    0        unsigned char [3]
  cp              3    0        PTR unsigned char 
  i               2    0        int 
  done            2    0        int 
  c               1    0        unsigned char 
 Return value:  Size  Location     Type
                  2   63[COMRAM] int 
 Registers used:
		wreg, fsr1l, fsr1h, fsr2l, fsr2h, status,2, status,0, tblptrl, tblptrh, tblptru, cstack
 Tracked objects:
		On entry : 
		On exit  : 
		Unchanged: 
 Data sizes:     COMRAM   BANK0   BANK1
      Params:         6       0       0
      Locals:         8       0       0
      Temps:          2       0       0
      Totals:        16       0       0
Total ram usage:       16 bytes
 Hardware stack levels used:    1
 Hardware stack levels required when called:    5
 This function calls:
		_dtoa
		_fputc
 This function is called by:
		_vfprintf
 This function uses a non-reentrant model


 *************** function _dtoa *****************
 Defined at:
		line 274 in file "/Applications/microchip/xc8/v2.20/pic/sources/c99/common/doprnt.c"
 Parameters:    Size  Location     Type
  fp              2   27[COMRAM] PTR struct _IO_FILE
		 -> sprintf@f(6), 
  d               8   29[COMRAM] long long 
 Auto vars:     Size  Location     Type
  n               8   53[COMRAM] long long 
  i               2   61[COMRAM] int 
  s               2   51[COMRAM] int 
  w               2   49[COMRAM] int 
  p               2   47[COMRAM] int 
 Return value:  Size  Location     Type
                  2   27[COMRAM] int 
 Registers used:
		wreg, fsr1l, fsr1h, fsr2l, fsr2h, status,2, status,0, cstack
 Tracked objects:
		On entry : 
		On exit  : 
		Unchanged: 
 Data sizes:     COMRAM   BANK0   BANK1
      Params:        10       0       0
      Locals:        18       0       0
      Temps:          8       0       0
      Totals:        36       0       0
Total ram usage:       36 bytes
 Hardware stack levels used:    1
 Hardware stack levels required when called:    4
 This function calls:
		___aodiv
		___aomod
		_abs
		_pad
 This function is called by:
		_vfpfcnvrt
 This function uses a non-reentrant model


 *************** function _pad *****************
 Defined at:
		line 72 in file "/Applications/microchip/xc8/v2.20/pic/sources/c99/common/doprnt.c"
 Parameters:    Size  Location     Type
  fp              2   16[COMRAM] PTR struct _IO_FILE
		 -> sprintf@f(6), 
  buf             2   18[COMRAM] PTR unsigned char 
		 -> dbuf(32), 
  p               2   20[COMRAM] int 
 Auto vars:     Size  Location     Type
  w               2   25[COMRAM] int 
  i               2   23[COMRAM] int 
 Return value:  Size  Location     Type
                  2   16[COMRAM] int 
 Registers used:
		wreg, fsr1l, fsr1h, fsr2l, fsr2h, status,2, status,0, cstack
 Tracked objects:
		On entry : 
		On exit  : 
		Unchanged: 
 Data sizes:     COMRAM   BANK0   BANK1
      Params:         6       0       0
      Locals:         4       0       0
      Temps:          1       0       0
      Totals:        11       0       0
Total ram usage:       11 bytes
 Hardware stack levels used:    1
 Hardware stack levels required when called:    3
 This function calls:
		_fputc
		_fputs
		_strlen
 This function is called by:
		_dtoa
 This function uses a non-reentrant model


 *************** function _strlen *****************
 Defined at:
		line 5 in file "/Applications/microchip/xc8/v2.20/pic/sources/c99/common/strlen.c"
 Parameters:    Size  Location     Type
  s               2    0[COMRAM] PTR const unsigned char 
		 -> dbuf(32), 
 Auto vars:     Size  Location     Type
  a               2    2[COMRAM] PTR const unsigned char 
		 -> dbuf(32), 
 Return value:  Size  Location     Type
                  2    0[COMRAM] unsigned int 
 Registers used:
		wreg, fsr2l, fsr2h, status,2, status,0
 Tracked objects:
		On entry : 
		On exit  : 
		Unchanged: 
 Data sizes:     COMRAM   BANK0   BANK1
      Params:         2       0       0
      Locals:         2       0       0
      Temps:          0       0       0
      Totals:         4       0       0
Total ram usage:        4 bytes
 Hardware stack levels used:    1
 This function calls:
		Nothing
 This function is called by:
		_pad
		_HexadecimalToDecimal
 This function uses a non-reentrant model


 *************** function _fputs *****************
 Defined at:
		line 8 in file "/Applications/microchip/xc8/v2.20/pic/sources/c99/common/nf_fputs.c"
 Parameters:    Size  Location     Type
  s               2    9[COMRAM] PTR const unsigned char 
		 -> dbuf(32), 
  fp              2   11[COMRAM] PTR struct _IO_FILE
		 -> sprintf@f(6), 
 Auto vars:     Size  Location     Type
  i               2   14[COMRAM] int 
  c               1   13[COMRAM] unsigned char 
 Return value:  Size  Location     Type
                  2    9[COMRAM] int 
 Registers used:
		wreg, fsr1l, fsr1h, fsr2l, fsr2h, status,2, status,0, cstack
 Tracked objects:
		On entry : 
		On exit  : 
		Unchanged: 
 Data sizes:     COMRAM   BANK0   BANK1
      Params:         4       0       0
      Locals:         3       0       0
      Temps:          0       0       0
      Totals:         7       0       0
Total ram usage:        7 bytes
 Hardware stack levels used:    1
 Hardware stack levels required when called:    2
 This function calls:
		_fputc
 This function is called by:
		_pad
 This function uses a non-reentrant model


 *************** function _fputc *****************
 Defined at:
		line 8 in file "/Applications/microchip/xc8/v2.20/pic/sources/c99/common/nf_fputc.c"
 Parameters:    Size  Location     Type
  c               2    0[COMRAM] int 
  fp              2    2[COMRAM] PTR struct _IO_FILE
		 -> sprintf@f(6), 
 Auto vars:     Size  Location     Type
		None
 Return value:  Size  Location     Type
                  2    0[COMRAM] int 
 Registers used:
		wreg, fsr1l, fsr1h, fsr2l, fsr2h, status,2, status,0, cstack
 Tracked objects:
		On entry : 
		On exit  : 
		Unchanged: 
 Data sizes:     COMRAM   BANK0   BANK1
      Params:         4       0       0
      Locals:         0       0       0
      Temps:          5       0       0
      Totals:         9       0       0
Total ram usage:        9 bytes
 Hardware stack levels used:    1
 Hardware stack levels required when called:    1
 This function calls:
		_putch
 This function is called by:
		_pad
		_vfpfcnvrt
		_fputs
 This function uses a non-reentrant model


 *************** function _putch *****************
 Defined at:
		line 7 in file "/Applications/microchip/xc8/v2.20/pic/sources/c99/common/putch.c"
 Parameters:    Size  Location     Type
  c               1    wreg     unsigned char 
 Auto vars:     Size  Location     Type
  c               1    0[COMRAM] unsigned char 
 Return value:  Size  Location     Type
                  1    wreg      void 
 Registers used:
		wreg
 Tracked objects:
		On entry : 
		On exit  : 
		Unchanged: 
 Data sizes:     COMRAM   BANK0   BANK1
      Params:         0       0       0
      Locals:         0       0       0
      Temps:          0       0       0
      Totals:         0       0       0
Total ram usage:        0 bytes
 Hardware stack levels used:    1
 This function calls:
		Nothing
 This function is called by:
		_fputc
 This function uses a non-reentrant model


 *************** function _abs *****************
 Defined at:
		line 1 in file "/Applications/microchip/xc8/v2.20/pic/sources/c99/common/abs.c"
 Parameters:    Size  Location     Type
  a               2   18[COMRAM] int 
 Auto vars:     Size  Location     Type
		None
 Return value:  Size  Location     Type
                  2   18[COMRAM] int 
 Registers used:
		wreg, status,2, status,0
 Tracked objects:
		On entry : 
		On exit  : 
		Unchanged: 
 Data sizes:     COMRAM   BANK0   BANK1
      Params:         2       0       0
      Locals:         0       0       0
      Temps:          2       0       0
      Totals:         4       0       0
Total ram usage:        4 bytes
 Hardware stack levels used:    1
 This function calls:
		Nothing
 This function is called by:
		_dtoa
 This function uses a non-reentrant model


 *************** function ___aomod *****************
 Defined at:
		line 9 in file "/Applications/microchip/xc8/v2.20/pic/sources/c99/common/aomod.c"
 Parameters:    Size  Location     Type
  dividend        8    0[COMRAM] long long 
  divisor         8    8[COMRAM] long long 
 Auto vars:     Size  Location     Type
  sign            1   17[COMRAM] unsigned char 
  counter         1   16[COMRAM] unsigned char 
 Return value:  Size  Location     Type
                  8    0[COMRAM] long long 
 Registers used:
		wreg, status,2, status,0
 Tracked objects:
		On entry : 
		On exit  : 
		Unchanged: 
 Data sizes:     COMRAM   BANK0   BANK1
      Params:        16       0       0
      Locals:         2       0       0
      Temps:          0       0       0
      Totals:        18       0       0
Total ram usage:       18 bytes
 Hardware stack levels used:    1
 This function calls:
		Nothing
 This function is called by:
		_dtoa
 This function uses a non-reentrant model


 *************** function ___aodiv *****************
 Defined at:
		line 9 in file "/Applications/microchip/xc8/v2.20/pic/sources/c99/common/aodiv.c"
 Parameters:    Size  Location     Type
  dividend        8    0[COMRAM] long long 
  divisor         8    8[COMRAM] long long 
 Auto vars:     Size  Location     Type
  quotient        8   18[COMRAM] long long 
  sign            1   17[COMRAM] unsigned char 
  counter         1   16[COMRAM] unsigned char 
 Return value:  Size  Location     Type
                  8    0[COMRAM] long long 
 Registers used:
		wreg, fsr2l, fsr2h, status,2, status,0
 Tracked objects:
		On entry : 
		On exit  : 
		Unchanged: 
 Data sizes:     COMRAM   BANK0   BANK1
      Params:        16       0       0
      Locals:        10       0       0
      Temps:          0       0       0
      Totals:        26       0       0
Total ram usage:       26 bytes
 Hardware stack levels used:    1
 This function calls:
		Nothing
 This function is called by:
		_dtoa
 This function uses a non-reentrant model


 *************** function ___xxtofl *****************
 Defined at:
		line 10 in file "/Applications/microchip/xc8/v2.20/pic/sources/c99/common/xxtofl.c"
 Parameters:    Size  Location     Type
  sign            1    wreg     unsigned char 
  val             4    0[COMRAM] long 
 Auto vars:     Size  Location     Type
  sign            1    8[COMRAM] unsigned char 
  arg             4   10[COMRAM] unsigned long 
  exp             1    9[COMRAM] unsigned char 
 Return value:  Size  Location     Type
                  4    0[COMRAM] unsigned char 
 Registers used:
		wreg, status,2, status,0
 Tracked objects:
		On entry : 
		On exit  : 
		Unchanged: 
 Data sizes:     COMRAM   BANK0   BANK1
      Params:         4       0       0
      Locals:         6       0       0
      Temps:          4       0       0
      Totals:        14       0       0
Total ram usage:       14 bytes
 Hardware stack levels used:    1
 This function calls:
		Nothing
 This function is called by:
		_adc_sample
		_HexadecimalToDecimal
 This function uses a non-reentrant model


 *************** function ___fltol *****************
 Defined at:
		line 43 in file "/Applications/microchip/xc8/v2.20/pic/sources/c99/common/fltol.c"
 Parameters:    Size  Location     Type
  f1              4   64[COMRAM] unsigned char 
 Auto vars:     Size  Location     Type
  exp1            1   73[COMRAM] unsigned char 
  sign1           1   72[COMRAM] unsigned char 
 Return value:  Size  Location     Type
                  4   64[COMRAM] long 
 Registers used:
		wreg, status,2, status,0
 Tracked objects:
		On entry : 
		On exit  : 
		Unchanged: 
 Data sizes:     COMRAM   BANK0   BANK1
      Params:         4       0       0
      Locals:         2       0       0
      Temps:          4       0       0
      Totals:        10       0       0
Total ram usage:       10 bytes
 Hardware stack levels used:    1
 This function calls:
		Nothing
 This function is called by:
		_adc_sample
		_HexadecimalToDecimal
 This function uses a non-reentrant model


 *************** function ___flmul *****************
 Defined at:
		line 8 in file "/Applications/microchip/xc8/v2.20/pic/sources/c99/common/sprcmul.c"
 Parameters:    Size  Location     Type
  b               4   39[COMRAM] long 
  a               4   43[COMRAM] long 
 Auto vars:     Size  Location     Type
  prod            4   58[COMRAM] struct .
  grs             4   52[COMRAM] unsigned long 
  temp            2   62[COMRAM] struct .
  bexp            1   57[COMRAM] unsigned char 
  aexp            1   56[COMRAM] unsigned char 
  sign            1   51[COMRAM] unsigned char 
 Return value:  Size  Location     Type
                  4   39[COMRAM] unsigned char 
 Registers used:
		wreg, status,2, status,0, prodl, prodh
 Tracked objects:
		On entry : 
		On exit  : 
		Unchanged: 
 Data sizes:     COMRAM   BANK0   BANK1
      Params:         8       0       0
      Locals:        13       0       0
      Temps:          4       0       0
      Totals:        25       0       0
Total ram usage:       25 bytes
 Hardware stack levels used:    1
 This function calls:
		Nothing
 This function is called by:
		_adc_sample
		_HexadecimalToDecimal
 This function uses a non-reentrant model


 *************** function ___fldiv *****************
 Defined at:
		line 11 in file "/Applications/microchip/xc8/v2.20/pic/sources/c99/common/sprcdiv.c"
 Parameters:    Size  Location     Type
  b               4   14[COMRAM] unsigned char 
  a               4   18[COMRAM] unsigned char 
 Auto vars:     Size  Location     Type
  grs             4   33[COMRAM] unsigned long 
  rem             4   26[COMRAM] unsigned long 
  new_exp         2   31[COMRAM] short 
  aexp            1   38[COMRAM] unsigned char 
  bexp            1   37[COMRAM] unsigned char 
  sign            1   30[COMRAM] unsigned char 
 Return value:  Size  Location     Type
                  4   14[COMRAM] unsigned char 
 Registers used:
		wreg, status,2, status,0
 Tracked objects:
		On entry : 
		On exit  : 
		Unchanged: 
 Data sizes:     COMRAM   BANK0   BANK1
      Params:         8       0       0
      Locals:        13       0       0
      Temps:          4       0       0
      Totals:        25       0       0
Total ram usage:       25 bytes
 Hardware stack levels used:    1
 This function calls:
		Nothing
 This function is called by:
		_adc_sample
 This function uses a non-reentrant model



MODULE INFORMATION

Module		Function		Class		Link	Load	Size
/Applications/microchip/xc8/v2.20/pic/sources/c99/common/nf_fputc.c
		_fputc         		CODE           	18CE	0000	203

/Applications/microchip/xc8/v2.20/pic/sources/c99/common/nf_fputc.c estimated size: 203

/Applications/microchip/xc8/v2.20/pic/sources/c99/common/strtol.c
		_strtol        		CODE           	014E	0000	51

/Applications/microchip/xc8/v2.20/pic/sources/c99/common/strtol.c estimated size: 51

voltagetest.c
		_main          		CODE           	1D8A	0000	53
		_adc_sample    		CODE           	0008	0000	323

voltagetest.c estimated size: 376

/Applications/microchip/xc8/v2.20/pic/sources/c99/common/nf_sprintf.c
		_sprintf       		CODE           	1BD6	0000	79

/Applications/microchip/xc8/v2.20/pic/sources/c99/common/nf_sprintf.c estimated size: 79

/Applications/microchip/xc8/v2.20/pic/sources/c99/common/doprnt.c
		_vfpfcnvrt     		CODE           	132A	0000	435
		_pad           		CODE           	1998	0000	195
		_dtoa          		CODE           	0E98	0000	735
		_vfprintf      		CODE           	1AC4	0000	99

/Applications/microchip/xc8/v2.20/pic/sources/c99/common/doprnt.c estimated size: 1464

/Applications/microchip/xc8/v2.20/pic/sources/c99/common/putch.c
		_putch         		CODE           	1DBE	0000	3

/Applications/microchip/xc8/v2.20/pic/sources/c99/common/putch.c estimated size: 3

/Applications/microchip/xc8/v2.20/pic/sources/c99/common/islower.c
		_islower       		CODE           	1CE4	0000	57

/Applications/microchip/xc8/v2.20/pic/sources/c99/common/islower.c estimated size: 57

/Applications/microchip/xc8/v2.20/pic/sources/c99/common/aomod.c
		___aomod       		CODE           	1664	0000	357

/Applications/microchip/xc8/v2.20/pic/sources/c99/common/aomod.c estimated size: 357

/Applications/microchip/xc8/v2.20/pic/sources/c99/common/toupper.c
		_toupper       		CODE           	1B26	0000	95

/Applications/microchip/xc8/v2.20/pic/sources/c99/common/toupper.c estimated size: 95

/Applications/microchip/xc8/v2.20/pic/sources/c99/common/isspace.c
		_isspace       		CODE           	1B84	0000	83

/Applications/microchip/xc8/v2.20/pic/sources/c99/common/isspace.c estimated size: 83

/Applications/microchip/xc8/v2.20/pic/sources/c99/common/abs.c
		_abs           		CODE           	1C68	0000	65

/Applications/microchip/xc8/v2.20/pic/sources/c99/common/abs.c estimated size: 65

/Applications/microchip/xc8/v2.20/pic/sources/c99/common/sprcmul.c
		___flmul       		CODE           	06D4	0000	1067

/Applications/microchip/xc8/v2.20/pic/sources/c99/common/sprcmul.c estimated size: 1067

/Applications/microchip/xc8/v2.20/pic/sources/c99/common/fltol.c
		___fltol       		CODE           	17C8	0000	263

/Applications/microchip/xc8/v2.20/pic/sources/c99/common/fltol.c estimated size: 263

/Applications/microchip/xc8/v2.20/pic/sources/c99/common/sprcdiv.c
		___fldiv       		CODE           	0AFE	0000	923

/Applications/microchip/xc8/v2.20/pic/sources/c99/common/sprcdiv.c estimated size: 923

/Applications/microchip/xc8/v2.20/pic/sources/c99/common/isalpha.c
		_isalpha       		CODE           	1CA8	0000	61

/Applications/microchip/xc8/v2.20/pic/sources/c99/common/isalpha.c estimated size: 61

/Applications/microchip/xc8/v2.20/pic/sources/c99/common/aodiv.c
		___aodiv       		CODE           	14DC	0000	393

/Applications/microchip/xc8/v2.20/pic/sources/c99/common/aodiv.c estimated size: 393

/Applications/microchip/xc8/v2.20/pic/sources/c99/common/nf_fputs.c
		_fputs         		CODE           	1C24	0000	69

/Applications/microchip/xc8/v2.20/pic/sources/c99/common/nf_fputs.c estimated size: 69

shared
		_L5            		SMALLCONST     	0000	0000	0
		_P3            		SMALLCONST     	0000	0000	0
		_L6            		SMALLCONST     	0000	0000	0
		_P4            		SMALLCONST     	0000	0000	0
		_P5            		SMALLCONST     	0000	0000	0
		_lg2_l         		SMALLCONST     	0000	0000	0
		_ivln2_l       		SMALLCONST     	0000	0000	0
		_ivln2         		SMALLCONST     	0000	0000	0
		__initialization		CODE           	0180	0000	25
		_bp            		SMALLCONST     	0000	0000	0
		_cp            		SMALLCONST     	0000	0000	0
		_tiny@sqrtf$F1150		SMALLCONST     	0000	0000	0
		_cp_h          		SMALLCONST     	0000	0000	0
		_dp_h          		SMALLCONST     	0000	0000	0
		_lg2           		SMALLCONST     	0000	0000	0
		_lg2_h         		SMALLCONST     	0000	0000	0
		_ivln2_h       		SMALLCONST     	0000	0000	0
		_tiny          		SMALLCONST     	0000	0000	0
		_ovt           		SMALLCONST     	0000	0000	0
		_huge          		SMALLCONST     	0000	0000	0
		_two24         		SMALLCONST     	0000	0000	0
		_cp_l          		SMALLCONST     	0000	0000	0
		_dp_l          		SMALLCONST     	0000	0000	0
		_L1            		SMALLCONST     	0000	0000	0
		_L2            		SMALLCONST     	0000	0000	0
		_L3            		SMALLCONST     	0000	0000	0
		_P1            		SMALLCONST     	0000	0000	0
		_L4            		SMALLCONST     	0000	0000	0
		_P2            		SMALLCONST     	0000	0000	0

shared estimated size: 25

/Applications/microchip/xc8/v2.20/pic/sources/c99/common/Umul32.c
		___lmul        		CODE           	1A5A	0000	107

/Applications/microchip/xc8/v2.20/pic/sources/c99/common/Umul32.c estimated size: 107

/Applications/microchip/xc8/v2.20/pic/sources/c99/common/__strtoxl.c
		___strtoxl     		CODE           	0284	0000	1105

/Applications/microchip/xc8/v2.20/pic/sources/c99/common/__strtoxl.c estimated size: 1105

/Applications/microchip/xc8/v2.20/pic/sources/c99/common/isdigit.c
		_isdigit       		CODE           	1D1C	0000	57

/Applications/microchip/xc8/v2.20/pic/sources/c99/common/isdigit.c estimated size: 57

/Applications/microchip/xc8/v2.20/pic/sources/c99/common/xxtofl.c
		___xxtofl      		CODE           	1176	0000	437

/Applications/microchip/xc8/v2.20/pic/sources/c99/common/xxtofl.c estimated size: 437

/Applications/microchip/xc8/v2.20/pic/sources/c99/common/strlen.c
		_strlen        		CODE           	1D54	0000	55

/Applications/microchip/xc8/v2.20/pic/sources/c99/common/strlen.c estimated size: 55

